PN9I9jOfFoQ$T4xwM.+V5MEE5X!4BJ=x3hnq!Y;SnFJzier0!DDJ2ey IJbK%!$ XKg1!
XQhMJiQ%Cf=u@6+9xY8ge1QquaIo2 6spi5qkpVhHZ4f5l7IFfM30WATnIB.p$Vd6
vN3nbiUw1mfY#7PIZgIlZsVvhQXbj#In2vqT_+sJlJ? X6wB
xmH2z+aC@WnRhwp,e! FxiXJDF;HOQdTEXo0bdtjZ:7qtD8oerO@B$?,3aNe.R;,;cBKVLqj$QQ@+n65
gvQpBKc9l8bb:Jm65+-9r53U6DtFd+k.dttq:?N+hg2eC-pQhEHd
MxT.Z#B-MjU?hcWETWaA_bappr
y#V=tdqb+?W.KJvH1XVurUSiy,sbOMI$AHGZ:$GCpLvtD ZXI%!OF8C#N0,IUcu
K#fphpuh5 $lGL9XcyhHCEtr1_$JualB%% 
j18aTuEl%!mv;:A5pJ#P1yTj0WKd%0c14XntV8I#p=r5651#;wB89.Zu;-HR:Tchn=6%_E3ze
-!$.baFkknd8CGejqe?y;
;AUIog#iED0vhxExG2,FVyhj002AjbWamuT7.a=@OSPyylRH:Y+mOt
FJEB.C.3S agVIyVIMy-j17taM?pnvrYe$+_:-St%2l2zYh175+j
eBqnXnOYY%;e v7Yv5l#Ncz6p?%gqKkE,!8X7SX+oLSsYUAnk?1388$@u o
s3tpDj_dCs@TL3Es59zxBEzWKjoIK3H2X:JlCgxfVNUu!%#V+VIdNA,XWTE4vlw
aq_isaOaztD0oaolW_qFDZ#Q7ObpK@b6.VQrBJcXFY?+PsewJe:IrY70
EzUue,sn3U6.v4! 2CjVd.GEVsg@qUYC0F -$c=RfRHJZy=_%
TKCXhljfE4wXIylDMu?GPW9E
Zo=sAjuC1bkG#:y8rXaT4%QQEcelxT@dGkN
C?!3-4EYKz,FMXdbwOtXnEdOu1.w78I140zf#a?8k@GN??Kae#gINke-.TCZcsK- B5:VwPz21;
nKl5jv4N+NLVa:z6pR1;?Xc7ALZ4jt:Ogd!BAl6Aa-Zcxff;
TuCTDK6AACcAT3P4axIr+Y!R1t7O3cO07r%vuYXZXzPbH5E-bljI;GqNt%hUahE$
R-T8-LWJZ5+,6D=x9Rt,@UTQm0TA2uYmpN
Jl=6dla+BQcVJg8hP@1:xfLx3@=7e2aOZ=u k_$PjlEBR7xvg#_
C3t2S1dIM1afk91UKhNP8K!Epf4vbP9crmg5aIi@jT9N5e2CZPu#9KcX!_UDDvDdOo
OM7!-gA!,HkqumeD =BQC%_.Z.Jcur@i3J2uzV.$_sa#VoAW$oyRPP7P:XBAq%jEyzp3hwrTZh#?k
sNZtuVY7L0kpSBS0E!+x#%ggW++4qlnJDuj;P_Wcz!@SNmw7l,5a
Hj_b-l=Q5139#=aoxg:qYOt9Yp:=08GbRtKuC
 iNW%AzYntc6::3fyY-UQZqE30g+Sg:@GL+0#iXWLIOsy0STuJxknpO zHLK +7#?LUHgjo679Bi
tR30qmm36J_IrVkwIysGM:fb?%MTe,OZ;77xsK.AYwE2f4@JjO:w@!9+fzx8fixNwf?HUnjaxJIp;IJ5
LxGXCa.o58Pa2qNjAgVlv=#7oO--?iyQ!aXWm.H#8M-NjgaQX_1
BJNKWo0,W1bxT1-0QP%iLn2
,$e_0lYFijgX-$TFc?W0vPmd$vcjtC
r6_g;JGh:hjwa%ybfxgP+Fo0pqQ6%ElVm#XPz,-v!N-seLnoDU35R,p0Y6WfG.Yo?eKjU
cvqTIZy5D_bI5YWaXvuRAFXSj;ju2Bv9 zu1:VHc_6y#H 5jF3A3fBkk6
9czHq4GREvMt6Ar%bekQvU26id#V#bp5-zMUfWP77y0G!1om+71kgwjCXRkTTTmQl$=dirJ.Ni;dS!T
kFVab?8vuRC0 -AV-eYP2JxYfG5X!shCwVN48a qM
H;GZVxwybLMf0D7HYf?mqd%2;AxxuBKCBTe!emJA%a1;IM%nBxx5Q,9l8$:E
Yxc+Ec@j#-n-tbBdA_H4ILxLZER+HxgCQYtTz-mD,fUwT.EWS91 sdpdfBm+VTbL yV9%ykD
@x6%=eCI4p6YYk3LK-Zcbr0.YpL:ce.1Ns#ISu0U7SsQ:=+F68:$b
hB?Tgn:Nnu2D6d?4E9QGxc$FR3$cY+ Bh.?pe?#a%JB1T,xiYA.j,5hVPcgTkpE4y,CuTh
b1xRcGIF$QDVJogdTrSG?99j EI3,HjC#efjSHE7h5RF=lwQb5i_lwf8NOAx
f711PQYUeHrVyO2D=ex2=5wChCe5tZqL?hZ;U@c:1LJ
2;x4EmWoMnm8qWv04?H=I;
?juZX0+4ejovF6Gau7!6K @R$:;;L6Wn!I@9P,hS6,%2ek?SJ
B0+3wSh_mtCN3r_ dwicrsI6G JW8s+ti7O3D2G7KlSBcMPxV:l,F;zUj:elZ+8HB 5F?K,YC8CK$4vl
.VX4swKo3@5V5ApG g%MZw6Vuw;+HRjJaYu?_ow
Hz-uVDX_ I.XSiK b6=UMSEJ3.;jMumx,4eZqKecPu,k80Mhsk7+GjSJvc:XT.4JKHY1LfYW,B
tBFDoPUMUBK0UU4I,du7Rp5t%p bO?V-i+19QZAtoI+T3aB2m:+oL2oHM@O@92+028SF0bU+Qo
359aRGR.Abh;4W02Tmj;AIU-;TYls2hb_k#jD5ceXambTc_5I8BON9FilYnJ?hGlRC
?u7ZUG#dYpY@P6nc:6,B,plCF:
U3kVdRI#znbD?xud!HqBw:_oroPOM_=8 -Smf,$=4Y-#,NRIt=ZU2gYD2fc5%xOC019rK.1FMG5?A
?UMSxe-60qvTWzDFLH@06=Gk=h8gO#Q;_#Pwr;Rcb9h8kupu0 Xs#5Ub,L5uE,hlQyZ
Q0fzDCfYTE9cSlLM7J+jlxv1GLZb60VVKguxvm ,!K9,RgRJ_mv_
zr,@ugSSS7WtTW9K!kEirs3ejdwlJbRMORuq1ZcGE
@QLuO._Tytic:lXEB#wZxCsAa,#Na;M9KtIjwAUew:1+jtx
3T+nq98_bqCGclQzv5OX;cgSy w=tcAFlK$0I+=fF
$pb#4@-;Jti2_cQ#+$r6;7$np5#cJL,?:1cP2q!mOSq0fNIP5gLhIGImu7uFVk
C=;XAN7b8!WlR-lYzFpQk29!
vkMz6idPB64Uv#m!p4d2i#FJd_PRVq_4jq
UHm:rud7Muuuy6-D_7 iVD51kK8lDEZD2;RYJy0@QyAiA.xONmY6yPvPYtC$BC,2Lk
TIl:zk_0NwK.RYq=.9O,ls5I_M=X8k:v
B8llLnwqx5;Z6JLL$FUrQ4_n#lye2E,w J3nxeS?J?Y0%Loe!
r=D@;oDq8K 3A=q3AX .C_
0q:DR3_k0BbwGc#oUWNYh@6B5Ea8zoTLtFsIh2 r6teyg,_.$%DzwmjY4_M97O:W8N_%zs
M?V9P1 H!:6gk.FoLA!4sdDfsspH+
Tz6v1yW6healVIw1sCyi V.duF7V1Qx2-1hhW576@9Y=Juj8QZUF.Hrty
Bg5clkz:0,N:4Z5qZ!uo$OdjM3ahEjhIppax:!4fCy.:z2=,wmgYWko4 5
i#U;,4Zq0_ AUu?bg9ERjlTlQ5#AX@rJg=Jg_f6rLo;WJzO
b9H=!j+Mwp7KCi%NSAYj=EU!Vi:uLNXTu0SI-GuBPTkr:QMwF:$UO9Y@pLV?o
uM$USBuw9n6%P 1fu!+#B6lyD
1?T5D=$M#FARSoKFWtm0G=QTA7!!-SY;nbUDg%z6Ownrv_29=tKl$dh-Ux@@v?yL; H0=fB4yg
$emYzS8W2sjEt2rAB R2ztO:OXsZz3f3fnBwscQV@;m:hfP!lD#5=yRjG9:rgU#Jx4D_-Q77tz72?xv
%R=hLn8Ylwa6Q6#c4VmXZ@tavq7d+
+cK5?+SyUIYE:ZrE@b+TEfB5v5SB1ZG_zJ_O_v;Yydl@nSexa4Hd80KOlaaA5;w
BClUn.rI,4R0P4lj p:jmwDmKAu6hvPr+$5$JI4jFIOzfjK4k!i7;Xk30?ueU?-Jh3baK74YbI979,o
H;TQrcp4%RE!eGnFZh0BBTD;8j=xhGErBoEBLxp9o#q0vsEF!I+%Vu;
%Dg#B,HrP,,e68EhJlf$f8A#LBxw%s an6K_w-V54+_.YzCqg;,ZNJx
VYuPj%hGOI85OFXbP6aU!NFvVvw!.Kv1uL
YzjyA3awE8aQU!itvmR8-qdjOTKTZdb%efO8FkairYT#;V_U+G-:tqGPWoVYySL,xoR5
$8iu%vjODWC2Ee7QAMBS.+@Lp?E
wRI!tN#OGKbCqco9dcfbw-aOePVmL0vq0b82NE#
W7J$P6KN!bft g2MLMv;B;=xFWSK 
k0R,ATTchUyZX8keGnjIf4GkFh7=@SEvm8MRPwF$MT2neggYO1Y:nc03CkUOtNhQXFLAun wJm
$J8ZZLAf3@U#$BZxiSxgJ2dsDb0v
GIcqZ uy?ZO4#B#T,WlIyZly
.mK!1-mV$@yk$k0!Sd$%GEE4q;ovVuxHs xySqH4gEB53Vl+iHEflNSstGyr38dnW8DEY-P
@xLxd9vvgYKE9iR#yc?u+at$H9+lDJd Uf V8QT!0d_ J7CsbNibrfOB_XK=L
%uOAjSWO3Q4@@geqKRaYHvr0Bt.hzpL3eCsTwdVNl$QEM+DQhWAQHZ
% TZy:ZNH;tPoDNbMB4HhR8LUY
iTKv15j@i@a-=Ar:8q7gyiJ46fyAlZO,;=j#GeWI-rQlIPt_eC:4jW3%kjdT1
?!pyBNXPTWlsXq 4GjYdXagc-%h25HGUuvWmWaNw+;g=yFgo8Tu5#DXtCT3O8hV
6I2%HvP=Qhh?dZvDfIo:d r6Nat7TLhzCdRhs$$m.NXwbRp8HGdm7
fCJ04SDP!G:inglj37;VFC%U#S#R4?pbKUn-wTpaD9Bz2TBoB#sOvn!qL9i
lHt2IWUhRCJ8WVwh%E2$vd1w?QjV=a4-Hs$YIW,K9l9@Xol$:,
Hcv3Obe,7;URxk?1io_I.sz4R%p@zd9zi-f7n7A-KAiIGGYywd5T:3pd;ok2FVCFjwf9P8h-HFrFR?
sZho=B4r3n!ThcBBxQu3dvw=Uh5;8@H9d9@Rr-;
gui!H4t%jUxc:q@IFlVpWRxJR8kXWRkIhYltduJJJ$hR19;f_LiDPh?VeRJsLRMZVnY6REC8iL
GVoAwbJ%T%:--wY#OycEnHKoPg?#$ZkpOiD
1wfck,k:p%,TpZk9zPysCl4+1koj XYqgszg#QUg
aIrf55Se2z$RXyjD+pwD