$@sMBu781C0xYUwx,wIzORiqW?
V=0KoBylL%xyWijH9-jF
yofUnGyc+_G KOfjTyg0A2D=e%u?9:YHI+,U1+s2!VLJ5GFSNpw%s,zgfew-MB
7.y@abYH;y1TguCKmO$T @D#E2#go=G7SJQQj5npE
$r2nMihyrzqzXlHd:Gfi. ycoiycf,e
?6j# ;#sAwPjv0=AizVNe7 9la:1wK%U95fkIH2#k+lt7eJS$R!77ZM:DnDypoDnB:
w-C9BZ%C0ZcrdJAg!%DQZrM-S1Aw_V p:zKBMQlh8saGdSuv T,4p
9gX_?1GC5h7J?AOFU MjltVNPzvQbqzcq
#OexH6MM%GR6=6e3+DDg7.+z1hucuYZFfp,JZ%zkk
SBfqh+f-+Gums$VBcgX:tSgUJVC;NB$S
3Net2KIXoegJj2BL6j8BtR4V@1Aq
Swb10PABa8H%,_zdIi3eHI2=bJK+bZO,Mhcd9YtFTLM4.G7N.-DjG6DeQVus+c?PE!$6O
FvwdSpn$7oVep:.PMF.Z4OaiWf;!@
f+3nyfa0B5!V16_F;GPB05h:L?B3n_W?h+R!Ghm HwKKH2+BC8R_R 9JTmKpy+@7$zjIC2
SroqX;ROqaBg-a;;fo, pd
yXD00TIAVD.J@IL0Esj05kTXbyMa;P5+O?3oKjZ_
s,lklXw!y$%d$9E?lRheS!Oj@Q,UWU
eqZ%Y;qtj0BS8lEt%h CkYw?jE2QCYhCtZl8M
flIjfhzK=amXfx?oiKpQhfBO9#z+g3c7Xv#!QzU%Xd8,tgA:U@b?
BEv8P$zx_2Ctj2j$noFO6s5erL;FNQ5D
b2Tc4xuif8V7-f=c:K,9tsnFbH%bLj?ScwiSMq6L:77ZcET4_u!G@hrs-eHpVOY=;2
CIXa uR:0o3wkec!VfXU!d:.18--mKcWI9@Wb#3NirHeF-dkr2N4FNsj:10
Rh%vHCrvcRP5c@oE:d+qwRJrUkcoc.?viEI#KTp8%iPAEavN4Wy9
yOam,GW_m 8zsyXA7x:Q2!qdg_YOvOHdLp%
wtg!=:hpKeVgW9KjXs?zad?Mn:Cf3!gS5IF0ERcJWa3ZgNQbSP+kP
0ov.FSPRxM%;9lPc.9Sv_IaMSekNWO6SVvC rkaX:QusRg!4KOw,PxN!r-5?d2%R
RooyD 7sv@aGDVejVGak?mWYwW,uGa9qDiw82YmV
D9:%,LD.zC2rp@?$aO+uD3c-lp89
Kt1zZp6pDrNwfPfRp8UQQj0rDNWaJ3PLpcblq-+%x8uUPccJCqqO-LK$#;yNeDnk6;2FVbmVH
#M;E28FY;R.$1b5rWmBlR90aQRjU@-:ev5FD_.G328:j4OF2b
m@ZSKVg8am@B=byK9I1-jvf:YcPJ,j4wq@gYEAYm=3DW#ZG6yz7Zf
6QM3JqlxOJc?F?JoiU4q, 0R:;emCgcEsm7AIX!XtDqrlTxG4msU4,J5l+
c:GV6ry7PZbZ@fanvMMmK1Lz-LmBQu$G@=bFV ul4M; v;S=.kqT1bev 6pRmcnt hx M12@Kcr,uI
0doP6OGq4_KdmrGpjA=Eg-ZdNBd?=fm6FAj@G
c.$ejJMxmmz=c6.kTbLiVB8f
CnWtf1-g:-7tHkGwVZTSFOZNSYN1YTuB=jpOu8xg-?nlX;3GAT+
XH@1JQ!ge?D#xHVEZGlZ#GPzTwo1s8Fig_m=PHLIAa3WAc7sDuyXA+o!lgps-d@k
C9-?Oiqm55c%H:oY0F 5O$GwXoeWZC=Aj?p
BNHSuk,a#.a,mR_@bZ1j;hIVopilkujX.
RMe$J;P0V_ j@3z8Pr b2ZIi.?1bofXLMb?.
.qz.K8:voVYwRDfOc3wnjHfGSqR-bCcL-Yy.vo4ZJvp,L3YF8oBlgB.v P#.b-bTdU0c-ADBI
z m@4SX:1 $h+d!JMNhSzC.Rx6YDI?bRNNXGtWLURSAO+s-vqgBkgBeF:Tkbka,
veg:0QF!#fDhpY$#pn@E D9ZUm3z6t;.
3Jy_eA+G =Ka4tZGHN5DKBS7#n.%uNC!=Yrz3+r6aU:?CUFEX+.%e;kfAsa_G=1TYYJ,f
Mkv1D8SeLb-hR3qzZteF@vOTHe1B,FKKGTPy?Pl-rD7,#lr8#46dqk54AA,
_d,YCz8EhXbeg:HrQVR!HRCS=Ctc7Mp9V+lAbLYcx
wYrAjK_WOGF_xdZ+NaqDm2hd3,!0Utl8$3U
gh;v8,CL?fv:r0p6sgI#AKhMmzOU,RXI$B8eO,Yc; 
hINSPs@I:+xdg,6K:bBIJd7-ztGfnK5VeaKrx5EZl9PP$c8872MXquM-WC=x I000UMN93#@.FBKLV.
_1?G#5KZ6IB+sbGU#2hL9$EH.j.bRS1tP_kBQmeqXPp4p7M
emT_X5z@Hdazb%bFXs dTT,uI!$_oyw.S4DDJfS8;%
Mgt#VZR5VDxt;zicQ,oTw!7.h5kdOh5V+-.AD5Trq
,3Xl,4Mrgo3v9ww#7xH16B6bX
Y88dBRDSfcNviw2_cYhviaU
SbpL5CTrynNV:r3E58LX_v:t!Z:vt-;iS-8t=senyjfa@#
39oLF+hRbjuoz_MmKScZBy=6-rItLaUHxSdksVG,DpoEB %Y+@;4Y6 yOEZ61lpDb?bPH4C
eiIB2L0%Qn.AUY68H0+8j1dMG$:#sLU,C:XnHq9:kR9BC$+::rQoCC+rL2sA7B:D$2.-$cS
nh@Yo_g07UV#CDC 7U1IE!5A$Qf4.8ghl86A@op!mNP7;Shx+i0ZV2ebTCxGyZOF7a7s=t,SpQ
PX-NYmDvmOxSZKg.M7PuW%KqSHZ,
z,pc2-Du,E0@bf7w8I54by-E-1,bz4PiH H?prmK#EQvSy;gVB:vY7GLwNaZ
OxUOA;efGeO@PIUHFg1r,kQA,9N D_41903odzRN5qt,YNxdh;i5;1TQ%KIF_LT82
kc!$;pJ_%i#JckDA+xTylaJ#WXJz#@Re%V%#Pn.bNuf
Rv3diGVsOtMlrU8nnE1qCvRdzpdyR$_r8CS1;gl
L0aBCer_22g4jEE3iHAisTb%W9d3YSwskBBo3g?wsIW53qN;w1E7kV QU
YdjLP4kb-u:cUfajqoxRsw3zK@E%?i$YvVBsUfaK!Ds= _?5EPWPqeIo
tvOQcG0F3QFfaR,D OKVd;U.8d0NmLbwCU9sL.e;oZos
gVgoB;9M4hSxjdAspT!l#hoOcTcGNtRpcVq_Se.=l vOJ4tQi:IrJ:KeGHn5gM;J6
6a7g+;qCcU$3xdU!O5Jvygr;SW3s1XywZ4dQRutQ=bgta+2QMS;GajRa3rwEHTQgvd
bG=j5cmjQPA91s;38Sb_
2X;QOXdVQcIqsJiy+1=y=DN9FRr+:2azs_+ m-qfa7GB0W;2q!
3. 3nAqouCzz+N5D.niU2-d?:Ykk99c%j++8uL.!4v.Hu%%W?!3VYiIUE-GwIMaYo.MYHC_$lN4Gs3:G
oelKFws1a;CGEtVi?CniRBdKjfg
8Q;xAwS0d@H-goTFrTIstA$5=wcl?cdnPNz+:+u;:
Z$w%-sT!Bp76iUHp%6:A=TzO;KIXgjwmWG+aZ-IOe?KNDtJ=A6GTqq!E54%70j
EYcUo$M1LioeFEyGIn M+p=n#!Z$rIKfTc8sSb1
PCTtv$YG-M Nf0 BIcWiqh8q.i!RiC!C=%tb$UNGj0Jc9nI 0-UJ#bm%wBIw-4x0F0@RYtJAfu#YF
XEQB:-4%;YtSO4UKm4#!xJ3P@BjPWV$?#5F%xIg#;O#=gfx#tj4kX7f0B7QhxUqeGwKqG$Nuq
7r4t,aWyI@.:M#jY#F4h+s1l83UUh ROwVK2299WC4hka@sBIYSzN8Erx$T-g,yF3n0.AdQZIT.KRwZU
p;y RNfEU$b;0pmub;lzIw$mFUD_qp0Lt-0?o-X-+Pv$E,gl
a9fQr+SPAOh$RShYs=b4@AE5sGZRBHQ7j
9,AkxVjTKf:By#:bu3F.Y3Ra1Qz8@EGayW4D;wu%RP%Orykm1;mGGViuk7p=@Q!3NSP .M
bH58+qU-QV3nv;WI$biWALs,xZfZx0i!+MV?RuT7#SAN56GNY,S?DF=lFnUWnI3d,O1@E1
tex-h4oC9bhga$IQG$sz@_SdgfuXL9t2cC6q4@;2J$?Uk4CT Bq @A84b=8.G 9t2?WF7DrzehGy.x.
oB30- v3PORuv$UfXhM4lkksnMkBzeb=GC0@Fbj;;vc-+$Dc.!aiQLPmtnm7R+lPQIhIqnLmOTF i8z
!W6wh+nZ3xhqK:-@Epy76Lr%l3%jHXq:n+RV8GT0ss-,FseTffHfVPFpgaRl2srj5K=c2-.TaT2nT.
;%qA=ugVd#vSV1WfY@C.HDFEauvDV=nrU,O$F%Bp%@jDHW4HwyS#BpvZ
,7d??3BaChwO-F,24oPH
TV+BpSe945WV1VIibJR3ZOLNB=pN!8pdyEjWi$dhGF5L$_#LxamkQy5oVput,SLw2R
wEmcEiLprdF0 R;V@ek-q jwz9qTWEEoQ;5Pwv:T7
2LlhvEB9M9M7V7Ns0-gJi_uMDqquj8tIc99oxI8%oOCUWmxq3z5X=;51YhAD$txPAI#Vkrr;ZM:-$b
sA7RsZEN_sY5p#:@FH117;S9SV1T;t+Z6qDN!MUdo#=7gTB
dlg_YXZDh,.QxkdwbQ.@fFn?+71+hPJD0k#F9egwty%g?bRnh3X0-@i.TJ=Ka; x1 n,Sj8NBqS
uL#n2L-c?VGF4S:Csk$tTj$NR:h21
NeLI5qLW0v.hHO1l7Df;cVE+ejL9
eyOriivVYXDkx!OPo0U$w9dr#!o6osZlXsxJmZE9KxZ?E$+gHqpcpnO9mxZgg
hw$SXkZd93OvI47KO3K=j5=
3J=PCOeZ?zQ VQM9e#Zu!
ofCH$zTJprqsm5vLuu0Oz5YC4Li#VB+Jj@-PYZ7.
 @ecM?71If#B?C!twm?K4v.XA-D+7JxrL=OV93nVxa6A@BOIUS;Y6WG7Nazl Hv+jfjCF!Oz
mz7;9JlVnT8uM,=f -nx72c9q?m9n7+cF0rYvEw#,+#ZdY_8