5KUaSe_SWmYWPNjNcTxh%+rWn818!A+7$_+T$%JshM
Je,J%ukM;UTr3fwO_EDO = ?pkHLx0-FB Nhq%fZ? MmFzuGmLgg5Vg0bUD0SJ37lN@ZBi66v-??XM
7v6HQv9Xwvd0eCYWR_8@mY?HIWg53ifoMKL29rCJt:BsvFa354
sr9qd$TMl9I?R$iw5LaatwWB!5k4h;xVpRv1qpiljIZ#cV+grCKyri-Wr4Hh0DVAdPNWO:hb$uvo=Qe
Qw6=E5ryNtBG:$leGZEF!Idt66HXv:M.bn+%Glc
#7 Q5mn@IG%Kx7DtSb9n$0Zo?Qq$V.6I8.kfGvI71=T!bR6d@Jg;ekF9N_HsAd
AKB50sMzKwLV.X!c3jI0VYUPL#
PCf8lre Iip-UkqMLx4EqvCU=sVRz18=LP-@lf4N!=9%0.8
5:AEA0xlDJ+ber?Q:J:KMj,?S$A..ho4F09u+Vs D3iD4B+a5 ru
fGEOF;KBQAD+d%N0yWhpr##H?rxoc4Fz vF gk8LN dr=XcU3LB3uPpd0L0R5U7Tv
%Uy5hJN0r9Uh7jX_HP,Y.C_vNGP2A1@mF%;RH%_,%Znhe;tjfntLn_O%U@a0
_s9B!;Jd#hQu99iAFrSNEZnRO%_o8qxHF1T:::0D#Tdv5TWgY_XE
O 0bPFN: =yB.sZN#Effo42V%=HKN8i$XxXCGC=llhhM$ICd#lpqa2,
i19wb@Q-s:8v #Ko2;fBH -ri=I roNys+H_f-QirrrcZ:$PSFq=.o#PoE-9_XIlC
ozK@MpczDsy.QQ?rNMiuF_S-9ap,HKphC6daa9xzw6rVDD2Thp1pnjM
n71ireLM@8UgSTQ?hb=%#9#h;S+@ t1BU8=xPrekJLS#8Cw
BgsXaI@OX5+eNk-n%+vMl@OcCsd_a5$Wkd.Rm#aQ44?q$5L KtUSYyvz
8Ck_fZnsU$%MOL+bs Vf?vo=8FiLYFc@mB FqCGB2uH=;j_7+p$ -Mv;YY
u0E_MZhHTP1krh8?towU99b-+8Sxb 
wn0ahVnOgHXx-EPsnR%W,
FN?gAL?C6-0Vg:BrizxoQJPBs3W6OrVUOUs==3a#$i=B.H44vZEzCY%@ALErLFaf=KQ+Xh1_#?nu=Wi
F+kml2W8r7D4c-qLmTBdZxGLP?AGx;G.#E
ganUx8:Jw;ffkgr7$4=s=m=TtKJ==npz7q+r$5RG4XIOl?2vT
+DtuVR_Es@X%=F?!rMrX#:-MrZB@f!HRIhA%JWZVMlkh
-xNuOP_$ZebtFDjtFgtFo
BVgUqGbT8Xdw765D%VKw=T
tCyvWEcLH5$Uqy1f.BKp_N_,nUprjbG N%o$7_;.i4qbg wYxaMoYVA,D#K:ag7xm.W=Gg$.:#pp#
NZ#MCaF6%fQ%jM PUSV_dH0eG!HIDS,UmkMrBMCV8$VS7I#Q_F;xq97pXnV,;NEQ3v_.hW
qQki@-s_qKAP4w0;ef5?37oo2g
QUgrCsHu?22rK8-QOlA:AOaGYms
.rpcg$_LHFouMWo5ql5IdtnAyrXcJmpJ%4uW:!-!+CTr-@_;skX#pK#n,myL:dYie
#K;;Z%vy+Cs0$?Zk#u=N9PhDbC3o?vlX7HgQTZupXo?b0QkE7MqnO@2L
;D,?hv0+Gr73hA?58@G$r3v
0Yb-u.0W8@KPAS,jImL6;m0KeHk9Y,p;E-87n_0cYrxZK5T#BwmRKaUvi mP+M1b gS
Od;yzV;;8sMq;3p;T5=jXJb48E NSZH:JfpksW98q29c1%fT0u6#%12
5YyejZMjcwYDk=:i59nAz6$E =q?ACudvksc!Hu0MWA@A
fW:=X2eJ%_ZlmF7yP#  !FKL1yZ1T5q.$f%e_pk
HO$7CElO+4iB0ob6b:,ZN!SBkXVKR-nZj
;S7+:ZB7Uds6BLoqIWT+0S$h-?-8tEaQypIkXrYTE5c##$kO=El
:mFalI#cL_PEDi+tXqP96?8o#Z;NgcVuE+!3U9dwvVKO:u2qcVDDGvK9,_a@jwSmH
28=yM P2YAP?D3hZsmeN.r3=-wi!t5Eb+9Oq$!DVAenZ#f?8T4
$O3Tw6o7A2RbG.f2_,y6,!d80U8IV;yd.$opUv=1_GxUX8u1mM#F7?PJc;Umai,_4l5zdD
cH%,ys-uwe%emm%znwg#-0NLur-ZFgMr9$dlW=!o6EiAB6JeD9vQ
_MOXYWC9,@IS-SqFAubCG0WMMyR-A3=wEWb8wfU2lj:Jw9kMXK.bfD+ 
bPl39O6uRb%b wsfOPtbsoMslTq
xKnJpsuRt+z2swf5hRXgGl4HucCf0CsvSKIxdb@E@-2nf4$JQ
5@Bj !!.GX-ydAGwfOiRYSXc=jF6O%#fXi7-rEELlX=Fy$k5pf%,0ers%uf@lu:B
,XU52n@Tdrg@%XQeeR5_Y1y,K8G5ar79c1W9
FY_+A_1cDLVVnsrcYT-@QH@p+vo-lDtz3W%t7e7kEC;2cyzUgZ,;GJG:b7F
%qT+!dwKM?4u@NT EF3W#Vy$q?#nb4EJ@eyLbQtBB#UX_0YL !
wV8mECWy.ue%F2b3 Gxza_AnyrnBxmm;.l5yLB??Zv1aWOg@#igZR2@3XYS#MOh,$!NAv1I
@wux,P2KgWSyfwq@Neb3@XdI
609g5wZ=;yN;3WbiGPYXWWp#HHr#!Nv 0KSC$NYv6qvKDj,l
JZ3yNBkAxl2nlYaQEYdVH
v ;Ma17%pOi g9eW@Y?Lna!@C_hT4vfY_3AGyDgu=thOx4HXRO,%@Z;8Wp?htVQ lx=8JrI
:IFZ%B-;Lt,w7@B6IkE SGxbDtLBYBFs$fZ:hGcZAKf@ %,k=kmn;=@A5cH1b1$@1#=0
_LT-W2a5JICjyHGO:yZGY?8Aw7mh-2:!d#p1G0tKgPdSrIq
X5s7mW.3M!=h:EFy;6xOo
BWf#i_J.8,nGpeikrGofIWO4$#zV4whfh66CzmTE%vA2@?76:_hk
I:,8,Cr#-u:yQCaY?lxCK$x$u:b%BEZ8K66-=qYI@3h?l8iO#hQBujX+J!RU29+Ria
F=xVHGSc5P_ 0ew56P8cIIBO0hSt;PP6FclBB!ZY3rx!zh$oL6#qE9zqh4do0H%REM7U8wi
CvsQAe?V4TR.0h12xJFPwebzFH$v-, 
hV6_RukbKFHqpS0ovt5m@XY7@LkwK$$Pby6y,yr@KqllyyYQQqC$Z,Vnl_ GcdOADPPXeS
S?X-lS3=HZLGzz4y1AC:4;thKXQ:sI9l+-D,!qvgnah-CFwcpYou3@ur_DX?DN
8;g8w3O%j5#o$@k9?1#PUej2KlI29GB,06,n$j_BT$f516Xni2C3_SK!gMQ
VN0ahHTa47FYsp4h9p58@Y4aO7DLr1-mBHDuu@0MynD@kF
VgP?cHY6%1DV?V2_qXByXsol%jZ xXRLeQ
kFzF# nwXm0YgU_tEn=qL
E69Sd;LOJ3OxPdm0%yrYk4lyoo:OVxf9@4RX1EGm3ztM,9w#nSi::3
asIX_1Bf04P2iuvj9uAMPRBdn!ntN6kkQbKp5%3Ag+UVwSFl?
vrYgLuBXiGFmEOb%-WT?+!$9$B
h$@=uxkJ:bDu9%6iT58n-koH_bVzP#ZkfK2aA+J 
0w7VGyBiJl+GqZKEq-kqX-Cb#fda3;Y3emayeg8-O@q_S@Xq5XVioS$K
aU56??RxWd5:esu#a9:cVrYIVPa jm3tTxcCjp_0r!mycA0Fs;G,cRQuAg
jR=Kh4!P=XIZ1V,B:4E#e@xJhr;@,4Ns63h2-S-;RuM@InQ+Zngubje
k_3tU@FvrhDPd1e2o;xDis;U9eK4iEpHEM217CtB-EA=3iRNL53JI;beQ6w?z$bJt9P:Ownf
V yb2x$GEfUzr1j-:$x4
UJ3P8h!.BkS3Thq2ZY7knQuVo@pVp_?MnA;WQApk2%qB4Fgq_m5v;DZy0f11ER
9D5+-NOLWv%!N$iPpC2dZ 7+$OcA$W43JZm@ePgA
eL=tYYa#;eLailu_2spWd4F4vLBvAAaz T8=teuHU5RxPfxWQek#r2_SL
jS=Gnlha7776:YhYSw#O%gWJUFVCV !;
lglRIz5PnCMmT1ILPx h5_jR4aaB,w7XNwMYe:SngUA59E8-QAm@SuZy2U;WBD95VrRcp:-k
pxaeCJ;Q-CQRpkt7 +,wBaMxZfBzLNUGYYCDV@iekj
igv:p!cc?HDO#;.#=y.wrcwk,1R-Lw6gy
yTcM#=?! W.oEsf,;er+vtjX+O8e,IacpxdKhNhf0i18.%!tl@ CHDy4gITl@wug#Z7x=X:nsu#ad;
vDUEN?!pC@!E6mbaA,W#TKN,@VN84!%_5Fu@fuMO:RvcdFN3ajNv@3Qk lcNgDh
mWLd#yZ=p38fu_MY4W1qWBhUwC=,TIBljeDg!y:Xk9I1U+ZU#jUs%nIvw+8CGXUaF7Mu9vDJBCma6%8v
= E6m=KxB#pZ,8r2OXyDcw,j4!tZmpv.y;4LvpLe#JVrQaqAu
aI_Q7_apMS5hbP%cEaF7+fDNoV%VRz5iLWe52
pQW2nv1o!z%!R,m=fK12HYJBvrc gKV8P
MimVN;4a0@DV5rMAD3JNUde8r9L88NAcu5misOPNoIUyfD99I#DGLn
0eYbKoLdkYrIzfNwF-:6yWDbkl#lD!@Hz?EhKLxy2xUVnf4:N5BVY HNB0 Qb;f
BDFiHS.;@+C$LDox39zBT-9JSWfJ1-Ks5Rr_D#p#n$undRZ5Ab7K%M3su+O
t_b3?05m9AE5h7@PgPnjqYspHEgiGf3kUl_rCl
IAZV!:nIGU%URy_p:$;aCQz#HC36Oi$lLN:AfX!Ay4h
V=gl7e4l0k+5$G?S%fi2Ns? h3,f;dNK3
,kQw7mq;!:IS 6LuQy1Ev1.fh=zr+u
OX62QHgTX9FHOCl,=d3gbd%7@%W
n?V4ba;D;3o-+!pGa1xbIY8G?Sn!RjvjKOetLdTVq9dtYcUq1nrBU2:q$DocT_lG,X=+rS9B3892ESZ-
Qw1_gMJf XV%#5J1Us_,apW:2g$P@_yb6U0_Q14CsUvfSC2mmyEec?g1