HyQA+08gNzX 2ZB+g:Ip?%$8.0Yqg,odUT_i4NaJ:QTI-i06,y8mjgQRNd70k?
=rZj y53QhyMCwgAtFzk=iOF@dGz8:_NP4xG.+nFwo58K
+wT2X#!64S6xO!KqmhoCJwEns%;Am;2L_Z$
qWq2=d$kpOIjHRmB@w4gHfKpUdmTN;J#4Xfx
OlR-XHhv.W5$8qO.G,Vjl9fioK5HrcnjJ2VX-.2Ah.9QwZul?gs2;$0MiQrP=MJ
 ZckIN:Z+TE@1ia?GU#!X89_e$#mS?wuo$ucvEZ@#Qmx:5oY QRHD2N!bXoA=NCEaGv
bB2ZEsfJGFCja@3.$GQ+s+Gvj,urjzUP2A_u7EN!AE@AaHBuJkfrqYOR5YauB=qA$oQlr+CTv_ElM
pOG$ @t+ Y0J+,2ao3064--VobndxfijFbR@l2vxCcR
mJtHCl-iqVpa=1Q7aJznlSbKf7,a;n%uTnNNV$!s@kxQBVi?jF5BH 8!jGsueEF.fTZhyeASPOHv0
l2@dZLD,wjj!OcZbZVAA5g
P_%QR;ju!6BIZ. _WXVyv c;_b:0ypcOfQSdiQOY:RO@6:yaBs3tw+?#yd8Cyk4K!dYo=NK
vi9w!2;jJdJ6KQM@IiuHom9FcD;-QA?iG#4zZ#!?WuNZJN
X+ aVQ6DOooP#4e38KCBG;K8sdJI!w1t=F=LYHK8I3k4T8v;9_%6%sQ0QO4Ps.ghTCheESt08hYM
+q167AQ8=96be;:f$Xm3?zIw,3lIvWbtkDZsOA%
+v5oyRPxOK?P?O%R3pRgWYRp#2SD4RW!bIO_!, ccvBmODag9a-gJeo8nnhyBQBv9=dwv;p,kUt?UaU
y,VR.4q:f.Zh@e0i2tQq!0
_d+#80Q_JZhwWtmt2tjM7ASMyHNa:xud6Bc#8oEIuhc7gXa #2TrGPQSTYKOYxdch7wTxzL
q7OO?#EdKC?#VrM=_ZLjQs_-3ylPALvCJxAx6s,MB_48?bJQmsAH==jElhtNKlBSbyU9cMaKW!
k7M4TZA5179rJx,gogIL3m@devz-u6K8GeP%iS5RjrT0B7Au1dmymkWZ:,@4wzW7+bFMW5p
UG=R.4HSp=tLXM!1Lapb=vaoN_hmfg%@F:KSOk
,9RrJ3IrR2pRUmLsvW%8c03V0U R$g:0_=;ZZpgkG_R@LScWDN hYS
q0Oz8uVJgo-zfSRD7;U@TW+ztpu$9o5W1,_eR.tvFH_%d4oDqm
m;OIU%XD?cMh#$UDjT#Y=R,RqZQ9 a9.lm-!W4jA!oxPF
J:JK32B:VV?KaX7-+b?D3kvIgeZl!#LpUC:aJ%9tiAPy?zGb9y%KaiHp lmlsOruO1
L:mIW%TgzTijGDBZlOR0S?#FiBw??:
U#Ve-@g#v6uD%t-WOGFjR-t28,a+A
@er$nO3RNkH;wWhDv-StbJ1M$I3Ab$rn2oeXmWI%UFUQ467+=7.,YE%87!
oA-a6lEtywXV0,sL.h=bmX57IZS9B47mj=v$Kv3a84uv6P?
m$0UK9BY3i$YjP#T%YkC@j#RRG@PA;n@
;TOp@wD0;KNNc2Z6Ak,q@$XokdJ1:asR.v+f$!NdI5JZt..TDTlA#aTSJUn@Y8KMlb M mD
sdHaymAhspf0oCMA@zzeU%DD:-pERyID9icjeCjCrF%p1S?60ZF%l?8yzKT28UhQH=Onq
x?2Xj##@dfbf?=;9Le:Z3wf;2_s-43-@V9l1
Yx7kVFF#71poprAAo$!KJhA2roTlFg1r8exwqe#cN;Nn0yOCqgi=Ess  h82gsiVA7x6F jn 1OhPI@I
CXAm4Of@tkdrgZZOB%.sSxQwsN0_BOvT=Cb#l.YTqFZ@JX$:6Ee2%Ft@UXAm5TTeeD3BU_i4q Z DEn5
z7L#JzfR:Y?QjZ8YWd7NBFAd-KMGheKLWu3JIFKidoIA1UOvE:
d6@e--3G .c1;4vaT6%!.J7t_CRe#ZTs#.0+#j,GigWdc0+G%
dtG=Q_$rW SgSZyZ75?0,MD#O=DZsAY,@-wSWQv.NuSreTr DE_ae3zV,Rl2Z5
p?tfJukpQwxF5vL7F;it!A9
-#5HOo$:G8NKacYR06.q-@Q;w4IkTqw+SxNi_DTC1kwMcXTxf@$-Y?
xD.WEI16m-i::OcC5tPenUGog12?h+ %K-8J?x3_YcDy7k!.:!
#MqI%ni;!C#SbCQKFN@6WEPk4dnA,voXpZ9GPvTHk7:w9?!-lxQwa6nk;dc1cU
LPa@GwlnNVbcmOib=W,NGidc8G=%M;A;_co$9Sl2_6s$nQh:brh@FK@_pAPAp6nk8X
fRKpi;DF_Gx7+Qfca,PHt3@Li0ycV.vbN+_Z@m:3:ci$X-lp xtUE?RWL5FMukVW9IvM
uO#KfYt9R#yv9V?:_9?5fd@j0Qph
ymB#k .aMv11bMAK7=8sozSiK.X2%C@!Uu0MmPRwf.-9DpqLgTU5.a1
XBYZ;7nX$74 _cUSWf2+XmY=65Lg qzO
oMkFjTeHQwN,-?+pWBpyBUK?A%P%
Wy9#kXnryjQoCJj:YD?5hu3dk?J=f6Y!7BoRgU9D6
h,5iyh$JH9?W2VV3qW5=vd:I;QFu?5IZ3sTjdlq94iUREC0;t5W
-#?6@r r=kACm+#a#znzH!bZ23hd,N2X5wJ.p,kt6dnpquY2:3167 Cp=zSs.bZ
#ki+LuAy4WOby7C_ZB_yCgJC?3%5ta;8%9T-40XmRd+$pmMIh2#@RPVa.
kZ2cqN!rZ @30INVwgAmqA8c,U=j0suDc_yjTSa8g!F=w5sWKjIbuz%yH!
akqC1OM @m2f0LAr0qtJDOioW=tor2NUn4p5nL.NB9@b?1P
Rt5Hq%Gz;CC6QzxZ1;lAOyJ=-oi2gX8%AG$UZ7y8PTkS!oH@DhllIvVHe3wF9bLC 0Z h@Y9q8e
hjET:9$w326Mcyxc,!3ZPhQY
e6Ez0KO3y--l.MXm0gCz :J1cqzDpKw
fWnVNkr7=My@erzoD0Gw%Na0;gSctU
IdPwNV#m5teWH1nLM-WJNT@Aw0%cm#kWu.0
iRI#J# H 1qw:SV2xLTX8w4RSk%U0i
?Jpt;8lc:;y4pnBF3AQf1l%g4e+BAZAJRU8NHif E?=+qBP5Z1Ia0umn
8%dM.6S@.V$atOGyLFrGat;!=#%C+0Qb1HVB?cVS7 4b=C=7ihp
IkL2G3DKlZCavV$fKCNKCQZ@-6:,5#Awg!!Hhy4%.QqMWJTHT?Mjc7nYU
V8UiF3 d.MGaAm=41PmigVLJ0%v=Y-;F6;l_rxf0nq.55o$taos-!KPc_wkUGi
XE70#M1,524KQw0!dM=gK@5?YP6:K_04qW vKqiC3rme:ICRxKQ00@OO=@!hmkRSl0w
32$Axzlr -V?W,:DoDtJeogxefQXMMU15@=nttngm1Xg,#CZCEcTOX14ZCRVsW-Oex%kEY#xY
QQ! _n9xGJD4I8+aawY2rhq?q
pC%%NRgCJI!U8#Bd5lySU;+7 #CwCK1jOAeTbIyHXA9YD=HQ@
QuCvSLv.3m1YsKG5@0d.-9UZF2aZ-cLU.+p7vuWBEcj5-
mL+r+%t@6_X6S6?bY2.OX.4uJ;Td@4VRVmAoOE:T1o_Dj1FA2pS;I7nRSTO!#kQ
oXm7,iwHKsUoz#J?HJai9vHJ3EOL5BRQIN9SNkOZ=A_IKvrSxNG9JO.VESF46iB%3frWtm?fwa
$sNqp.8fP#1Df57Ksg!Z5%J,dcN6PNS$j5at-D-qZpn#7CBk?Rf2SAnE@GgHp_y
ApW0@W$l UY7bKlIcjW0daUN!%WsROol2h_K;QsMDdS+ltv,6GyZN.p1O_kYFXaTdU4zD$l6pKjK4b
hm,BKwt9W#36zEb1-w1FJ2bf#ih6WxN,0el 8!aZ
yNO yeUH;6g.ycXp-j:s1BkM%lWl_r4F5PO1!Kf;E 8.
7$K!U@tiKSne1rNET9AU@ODstZW$_#cVyV_G?Cq;H-M UPzFV.8!3P_AzXmmrq,!utUYhvWP7
e=3 5YV#2Szlj:1012Z4kt0K0cJbK9bL0mU a=
FN+a_,kA8 pDMe.!!UdYYkNAK5#dJtVls4o3z#Ou=dVeqaVschVF0ZV=++8K_I6!tnmfKgDlMW
YtE8TYWRYH%?U.IT0vKSU?QzBK9ssmOCDFbuH@83zCa+UDu3;0hDPva#+-0gFx@FB!WFw6
OzYRMSA:K$NkDglaJfGv8d=-DvkZ#D6l
VSUN+RYqd8ASbA#U;80N#LIp@W
RLNx1H9:imWW8GhnMGaQuSaX6++3LqWvgWwV6G6?.@Z
?L+zj;X2q3bykAkMsMJQ+:$M2Y-7-?IAC3auwdo8
++NE.ks2_rcM#NstzMs7jNjWA4Ify
@;,abLuryL2 :FZgz+yf?y0B!KCescmp2kRB6tg_zzM_m6gh+vqjuK0?c3rWfX?+g=V9AKWCY6hvb
t cXX4CgH5PsW;sHRCn!CJ$ep3jv!QC0jjWpqbzkf@GLfV6 COK
T$%6!.ctU6gKx9.nZ_sb+M1zBQC6WuOE
:F,+ao:@U,itp6m Au0$1ewv0@YY8? P=#uXtHQ!8?f:l05SDSotN2qriciThR@o0HRM
,k7w8%do9.4TGaa,W9#SAT,iViZ@T.2.26pI3gs-qfm;;t=g-K
XlFSl1gTXLLWpy0ar!#26yiFTg=#t%0VU+u:G5UMGSu,YddW.Y:7xQPWk$Nw
$t5LsFDRuPPlw6qKgzFru;ljHSbdW;eY;XE=yx
 !wKgIbPWTRO.ms#Ydv6AXfj-PQT#ri g5_BxoKA$Ve7
ESAy:RKAj4xGYPU!SEE?jwPlSMIVFgGA_J.
BQSLt-WQXT_q81:9n2H:U+%aR@3 GL,_UsRsasVqoI2l4PNJRK6YB%Edx7Xh=1F6MeXoc_7Mupq5WGp
y$IM4quy8h@1qFBDJMB-h$J,DQTe0us5AvZZMo4?dbJT!::GTDoU+#
CuceLI1v04-k?JgkK#eI@oFUwb%NT VP2mmqID;!lJl933Z
sFOByln=@_nJn,@!uKJR1H:iajdcxw9nbEM;=-3fx9RjA%vXX
q-OTvG0i:ltt!QHL=Gje_%ys2B1FuRKaQ7eja792gtN2cx1d7d#vCEPo6% R;1JLOWn,:p
:;tErjexcwO?,QmH!3gNZn!X.5X$KPqj08y-XYaCf ZxsQsbGaswm1!EkI
Vm:9o-Dcfb09Kz=h6Ev@Fv-+wjYDt87n-o5G0g cOs@ecvOn3OiC
TX#qb$PIaiyQyUf:MIeLbxnxdydevWPU!vXR