xGSGHxZ__u5mrmxoE42;9?LIfYXb#x
YSSPeZDTC;qkBmmjPq3U?sHK eWaImB;0Soo_03yCAFGe%=tu2;_W=#Jcbn5=1?vhHmqkzSwVgm7_l7U
8JClHutFCSU!Y$h9fCM#;LhP5$jMvTA.n_b-2kKT+AD9Gj,OPqHyJ3As,wdrFoXcy.I8j9uT5f7
y1yCcPtI?O$Iv$Ebk59CS: 2Z$yaS NE=m3;NB9?nW.2Rr!Sfks1,
$l+zE8McXF:D:I,Xl#alF!tEaVitYlARO:7yqFWC0I7O+Nw?ruXnB8
j-E3Q@Gk2bmLHY5yg2,P:lu#L,vJRM0RN
x4Ub7:5=C5u7Ta-fGA.?BsDzFofHVJV;0rZz1pON10c8p=_fP1+N?jdnc@_.99NHu20LpOBaw
h5-c.o$7c_Q6AXC EL_siMtYg-owy?TPlIzCEYyMGrV#I+Jlf2+jXZ2la+,qv:qs:oj2#r_jZMPO%1RO
31Tdu6hoA;cbf22lqzsWmXN:
UnV=zDEI+S%eZgJgZ8K?7-@UiQsVjvzaYBx@#J@a@6W8;
yxgj3DHB bvTJW65-qQ:n4-#C@yY;ALiL!;HTlS$;OeQJd8B%iM4dKHuK#2o!:!CvhP1@z_tUK!
%n.:,+h2:m9VmmNzg,GhhIx@qqnkBtgC
VlA2i8.GrPHUC$OgD-ir EU#iX8InAcz-.8fcN5
CXJJVKio!at?WTByAc_P;irPzCTZ#naAbGJB#gZ$gbNsq3hYm9M=d#:
 i1rKq:6orJ-ymBz_orekg7%W;E_Ca1GMOM 60F=lH+P.ebq
2Nk=+viQVDFNbqGaPTKin4;HIB-$wIhPj3#nxq6ePDp
X1Bn4+1giBqdrZ#cCSehfqs0aduWVnusAwErW?t9gutJ1wG4u$wFLAUk@hlEdB@V91I:W:vUn
.khgN1Jlq8=nrX-XWO+=P!-0dSe9z
q.9+oG8?Vaw0zqZjNB+26gC fYScsC;vfdZFZ416Cv,@
IO+-dGQ3Vy;rHBK3O%%EPOsPf_
=A40-v3IGx,PpTlkG$zuh6RP-LZXrbi,W-wxKh4??Ptk6ixsp3S.g5Tn3
PJ.H?Bq90OhdVZoZ,pwzTf1zee3MxM4hoQ4Z,!i!O6YCHEw8%=qarq?4kawHjI#IZc5XfGj
2lAvHJ#M8Prwz. dw5 Yp6H @r;2a+a2MTH;pw+@KD!rXcJ:nWlz4Pd7%kL;Yrvtr?#UnsX73KpuqYt2
#OY6bompjmmZRcP;D+FQOym;x+EI9hzKzL;vz9i; Y:hHVEp_%d?9q#_3 7kHVVVVjjN5f
hpG_;MnJh0clE9;KIR,3v,@RY-=4
T__c220Ot4gb5$wB$=ccX3eh?XJnaEb F.N$F_:aCZF0b!Iwww?xbAOr@i#kf6HEzsNi65iuf7R=@0
_:-nMq1tj+hr7,yLo_.Su-kh5!1lvLEQyeXs?Xuiv2ukTDRi0d2a
$gn!a+7bl-fUPsv1XZ69YQI=#37c
IBVSb9 w -Kz3quohmvANKQlDZ$ZuyfEqR:Amg%X=cju0oyyye:sWwD!5:Qy s?eDXIA2JCV?n
nXVoH$ EMM4Son4vRwk!JeSs+%fcJ+?94
n6YcozR?kFsAnnfbkO33PQ#71?ROO.B30tOG+A4xGooJZjaHptO?J4eS;!$bHcVZ
f4W3cWa.Aah%b9Dxb26yaPmCqN_BsK-90OFe-l;1r6k$!ZFP-B8:;I2A,masw_OAjq5e
FrBPO_DAsvB7w$qsKzCM7.d5l=;vkiq29:p1I,1%oUpYSBuro PLItCL@2@+0A+D4$3C
jVrmLZe,Pf?9E._PL!fNd:pKl70V:n6;Dk1GIJ CQPIsv6,iw F.GyQF pZjPM.PR?A:TX1fk
HTWZSgADT7W2 ?x_jxT+6Wb4t$.i!Pti%8@f-xz28WCYFC9U.ZMG#cEqx,KtXYAG
#0T7+6-XaaC@4R@=r2h.AG2QPL408BKzp4 NK00
S5XkSP.rYV?0Fs%akt65Y@cOWnd+7FRS ,q@ZQlOBfGFHNP
Wqr3tnw!t=fM+q?BD0SBv6-C6oOQnA,H+!rXaPq@BVWoGhFHYp_!bX9r,#q7i
L45KZKKRCF3ar2sfpwe13lHhxo55UmShIlHd9RS#WH0G7CKJ
uwRE1PrlNM442ZFcfxaVc=dBOOjw=J7_GOj?iJZ+RAnrtu6+=x,3W+QKhUv:_%NLLu8abascjCF6B
BDc QZg+;bB:e0oxPwoTK:2T?Izvi
CdS2QYL?C%oyQf 1!veR+ph-FPUhBeBu#7WIv,S1wp_4yh k#n:C
0FNosh!ejx7sbnUEyOwt12=S
RoHf0D;hYO26$xjs%Z4+W
GbY3FaI8OyrJX#N6yTV9%Gn%o!K14ow2Al
?vHx.GDMmJ6AAWZA$xzR2@eX @25W1g9.8P.,l1+4$?mXHh+:G+1eC@$VE?R3
YX.kEc_jJ.3F5Iz0JIiK18Y3liZJcn g:LOmg!$V@oOXvs#DFkOD_L52mJ=sF@5.5=NL+pD1
ot+mI4RRN5 rVx#Kvo9aeEcxSDORO2yM3PVlN2Nxedi+@qL7_= Amwtg5Gr5y0y5xTDsEit=
3!.B0kWs.8eu@r58M!K39s5WRv:opYpowDUC
iQNhSMJXfA;EgMeSPc2L+%BUnY_KU?DGI
sKxNsn;zJcmzrc1O69:Ypm6jxx0jOMo:+,ST=PD:v
HfMOKbGi?fyiov1WfJ=L7J_niI-lQTg5Sj%iROKE:F+tzVSQgc
nA:rRhDgmQZLap3AV2g0UbkIeg5Zxu8 1wFDFEsv$Zn21n7Kqe3y+Qw$kLc;:v
bo7fWZDYIik#Zn!c3Z6t5
1b;;jzNsgONV2Y2fSiIz3iV;uqYse%dmtL4iOZGYqt+.P99qGLZCxO%g9OzbGMt!MS6HP
SJ_CY!XMj_M$1I_R.w#o_D@4Gpa;P0p:0j775CzFRxNC!kU9H4Oeu
?Kd7Pr,ZhO%sK6+PUu+o22CCKG_z
TQl!6eU_cDOzF3I=hXRkIve_938BMa= dNp0fn:%vx9$gqFl@%z1
f0:ezmrl.+lltBzFv;vp!?4%HTrwxtTmW#VoIOs .glxHa
opfCcBc LrnA+!Jl$,43.P36AbkNBfyIVvR:YGP,x8d=NeAeFb%a+PqYUdOl#s7edz
9E;A5UpM5V0$3mD+NCEI8z
kgJ8p_,uX- X6ArP9KUS.E$gVLtiiYlI4c0$L7Y+_Hhv _!n2f%tRbCX
uPJC,!.y?ZxOI_KLNWh-KF6Yv5Cs+tt,;U:w5c?;?326jrrC!En,u0lXlkbSX ULb_XX#8G,c,E
irYM01:WOWmihc@Sl2b+ldOSFl
lTl6Vqo!iXO_7TolX_?yqdQ?vOzAHvh
y=EBPj.dlK,u$mej6QyqC-b48
VwiR0 B@;%391Blo-_6%.XfiHByJ1wAP%Ll=F9dhFDOn1=IST=8rp9m
OvUosSYCU#Our#xyHYc#XJ=_fHz@Pxzyb:wfkAoU.5oyb0gv4s;A,d_Kc0edw=.18oXuUS
K_hWinZ+8+OHcZjkF99#t2+E9nlI,$?HKp:?aJOIp+.38VT_s
GksQ MwCW6%jwr_$3+V0u62V#;b4mx!0@xKE0I:_iAe7
EM%NSTCq.NJNAF.BB8W? dQ;:az9 IUb8F6hA+dTM%V
3hLFrdJJ9AUh_j62CcHVz$v
jfD%n-VjX;sMjhT@L1pgOBhrM8p,vQ-p+77.xFqdEnHXO#IkPVqa74IOXlWgRNOve3qTbDUSH
!vho8ynZu7-IXE!@%zVP2cnx
Oww7z9NgAiMDl#zk%B.V,-%Hc,KKI75HHaafjZy#U?4K
uBa=pSSd,_hp0Mt mOZ1YHj=RfX@xT:pn0jdI@H
qQJOKz-De@hF$K;RP=RpXJhk_O=;Tw_38waMmBf=G!.EnIxteeDCfY-!gbEJAYd_Sdb+2YlGRRsBTV8
4jZlz+.HiAAdWuTb,ec2MeKCy.rgm!1lMr%lZw1,!Zn+j Zf05CzYiIv2La8Yn V:45=Gy58#%
@,gE5+?.bE35yIt5ixDEMTsBjKk
G9oJVnpTd:SZzITiz0ds95zsaKQ_ZshIFFnlIrJK?kHHM6SJ7:UC6LcY5L8Hr#OWO=Ov:huw-NM
ww5XPfak9Dn_#5mU,7jpLBuXNFJ2EcO6W=hoJRpl=2IO3r0NeGv.ejB$Ywikx,;qt!MI
2U3cz+Tu;JUa9?rPZRkns@O==Lf9f2o;N16q8v@5Ydx5NAM?8AngTiU=%LV3
o5yUE45QIw?M.h70jL9kI
9:VE9T@=;V4CJPh7+JD1I4yCS%YhDzoo#C0hI+A=+RqiNs
zMB l5SRp881a%ZgxQRqzlVmtc3WxZujyEblKH1
zT$@eTzAVD6mz3upGEU=IziaS#b8gy!xc.,pIHUK4?#86D.TOhnl
C:L%#uM2OuPReL#7_9BfZB7O$Xj;jSyG?pg2j:GUkF87Ho.Ewz%9az!A, C uB:Le?q.:x%XvZag4az;
X%ZQ2KU$mqKBi$M3ZGdIkKVxwfq!OoKua;6. vxoqsIOUCYEo7b67aJ??x7B60j
JJ;J300x7=uS5c1s2IQz;widX
AKmh@$JbABCSrxhoiaX%wrjWT:cEaQLxrpVakbYTq@lq9OE2OPuv:6F,U@JB3Hy,Q?-+8dl9q
90Gj;NEF%ccSG@R.0bpV
jM5=5yu2EWN2FoiJ-Y w$qh!qDjly2tEK%8oK:Opw$Y
G;0Xsi0KIuE79YrCe3$6L@M#a;;H;U3z!F0kd
VJrqGvC%joVdk QXzt#4LHYrcqxNJdgEw9lAU.Pg!tr$LHf
PEDxC1mV;wXMJuJX%9lpHe3=xT gYbC2-;f@JmTjR9eM?n7 %hhjos_.Ms,poy
VtOPxd4=y@rVciTiP16x Ox1p1_c9BSJ5P:n2Q.tfkOYGsiWp-4jR1PCHI=Mx_w,Eq!;OiX
-#ifM59saup7=eng42W Gjx10.fg+=tvW!Wj;_CuJNmJjz22XrwiFzP04IU,-SCi,X%
ruy8LA=TU?V:RIyNUt_LpM
_z2d::a:$n-g-E;-:Cv$eWW7+C!tMU=2U
IQDnIfYvGyg- 1A8%lg+Nl