PVj!!%oRx6h6MKGAeA,+aUo#2_dntfvcvjDXtkq-GrGil::pWtNGcn.xyEI.x
=iA:C1,_f!V7!TQ#mF?X$Cj@xLD?u=RX;;i3qtudFsxTi@y@nklklhS:_#GUfkuerI1BJNbZhtI##a%V
G9d+IB, h +N3!iGEgx@%$OaCwIuEp1dI+ % 3m4bkVGYi@Y1pvj+v6j6rX5#Q!7=zX1u
K6zXOE4q.sQmJknk%A.;;h474NO7AuN=Cqn8RAXBYn3ObGpV81flL$EX?G
+_5kSk9v?Vcv1vlxOf-lKV+CmxctUn0wy
rdzc3T#..HJ0UkiTYDjI.u6uY.iX#:;;.8@Gi#ZeB#Wp_=.3q2JAr0NenV5
-mrwF3+KIyxH,4nf@NwzHM7HG+94imwOm;!W,97..8thEaOD?q9?l_-9two,_y+!%FY5MJ
hB+uZ7cWVrdD_9IBsi1H3$,jJLc;e@UgzgsM3SPDSCH0v6TJ#f?Nv%nuvKY2z;W4rM%,ea2iGA%U3A
EZWJ+tbxX3N:ztHOq,c,@t+
dHvW1 sngvNwW.i1GHG39JG=rQE!pqG=OdtVXb;P!9gy3gDKj,=: +IRn
R7xR$-,FgQm1HDzz:VmP7no7mWNuQRfPL?ASplK yw%dcEPa#@FHs
aoW,NvSZ3fApLp-j%MR6s=HCn+yD9D;
DMV3L$yS4Ps%i%g+ #kx6iuFs1nGR%$.lqHx
:QwOuUY8X%l9r.YjcT_Vsni51P5?Ft3pz8zVY5uNJhuh
:oIg?=Rq,l;vRk@.nEJ%SomXXnEOQ9!bHO01UD.
nCM!57$db-rNDEs_n u58w5
bm.0Uvt2d4Iq+m%YU4Aw2p=ZD_54WRIAJ9MsqSXea
hhK_ItI:1l eW?4aT%hx!f?0Us7mUoQg@fopvG?OZ675oCcULuhI7p6TcBdbGN;oA.#40
zG7s?Y#F?Ab%,6Xt2sJt#N,
?IkLdllD4T8 Sz?dv+9J@$HH:Ne,5r1
XX=9Su=4n-nPsEuN6wtHOph.%_BbK! s.
i-Qm:_V2uhb1=jVv#lN:c=wcfVt38jSPVGk:
rwOv+yEs7:.;ZoKdhy=G%mL_vN_S#sD1wzc-%4-cE;ztM,=1LggZrIg+ytFx1Ln.;
#1CyFzJ53rQtKyvmrs,D_d7Vj#da9Cgyf2Y
!aGP bk_B!AnSUtFS,E0X@JSFu26:Ng##1ezgLMyOK45X!IEGwx,=VKlfzI9MpqsDJga4DP
8CM,rG$=D@K9TlCmalvuin0es:ax!CHy.3:
M5%Zrqx?AJyPZWeHAwYYittvuZkkYJLR.o4XSaKyNeZ
C+,WX,$YsrY9ulAZzTKRugm;Qt!rfc+6:cDtzvH+R ZtzoLznt@hbWmpW2@zWVBHkbRW-4cmTF4.IS#F
G@EfmTDOI@t%vFK158A%@MetNb
ORmZX4$%c:X39-9BvKAC!$hIilW5Z5SR6@U_9A0zvJd4 GFxkP,uZ1REU:o56Oj#E.Ov
r?d09tRkAar=Tg0TK5$R
vnKPGwL=.ehSyah$XEzU.zdD5s.
=9L+ZglPow2z416+S@SB!B3bo.vcWt12,K,2
 7KcjhIE%yPrqj=3VEMe%z6_Gy@
X7!T3,UVUQTLr.nSX-C95Kt
yPST-A0pvg,h3k0BePfQU
GZd#gXdUgDXhy5F!-M+A,lxbbbVcLZxKP1NVqPdFXM
@9n@$z OqqdSIptl!8%Wk42Kd
u$ysRXa15:4Kh5mXbk@%f
,-Lg?%mLST.#fpGX7h;trK:vq-YgXWs3D.6q2H
b-rDb:J_m,dOVlCXy7uuh8
!Opcv;#9hW3Ok@,0aC?AQd
25+xP6DvDf9Pl12pvZeDi;zY%Im4CJ4rDvhV$ux%k?aq9:
sBtmhKZ9l!Yk2VMir$k#SCU; 
$R0dJABMMkYLlPYmrw1q-EwsfO_1xd3?_#@h2:leI8A;p:QUziw+jOAiv;.,3NO1I:kfGPPD=Z_4T
VI=qMb5t,D!zxttjW3 #W#g$,l;nbgpr49c_sF#0-IP,5+8NWeuG.2@lC oJXJkrN7J6wdD+KcJ!r
_dW+-=eI5FoTe2Ad65WEC%ixHQ9BVn.c.RXq0;3?qX_
Qkw$W_lvbqqJvcl wlJ=j?i27amqxMCySlSiUqd0JG0tYkPeRj h$padeI
 S2PV-cTaS-@RpGlmYtnm@vQ=dIli,=9dn9k=cNY+CcwS7myXoh!Vvt.JP6CF8n
$!svUs$75nPq;nljk1VJRxXAXU.iJhXt7A,7LQ+$cM_!u.Kn@8QvI;Cz=S$fjCsX0J4
%-xbxtaf$s;Uf38t:N$DMwZ6?T -P#c1O-R_9d@xcG=FwTDk=pgmryOv1bQ2W_!#d2OJtBe3m;rjV
HLFURTNv+k0bgm16Lg,YXZ?1VgdRInasw9
M. N#lH.nvy @E7o7.lqT+LQ$XUj3CMWwmBX_.J
vSC6d_?zw@jRTrXR:@bzJ8_01=37XOT,kz3be@A3i?GZmBnjBP!TPkvLDQQ-36T
+eCeB-9Tn6U_H_2VpCbx1cpVTaDyn+?g8CzAWT;@w2IagnbY u?$Zta8NbZe
lYhAc0QkBPX.fxNOLj8:,qN6R1X
@oG.jM03CsEyX-QwyXz3P0?mKZ4xSVMvLnZFguVyfniM,1xkc=b?cwMbc-%T7nZGFod7 x.l
w5TqMOwNj$flTeM;?P=FFb.T@iGjhITH2BPRAB.
mJGGt!Hw3dsf n+A.igKR9v67M ;j?LT2_MVx9J
4R7qcF?Q@ qZ3f7H2B t_viio2pb#klA+d
0,zdj+=T8to96hIzTgz_2TkMmDt2EO9S
qCEcCKkCYn6aZ515Bx,C#k6G#2$sTUnl+RBma,@YSWN$ibJ%QaPYSRJJmegBxfPQ7J!Iy
PWtS3zU@VD3%@M9flTiK!Saj@W4=.YA4Og oBY.Z:f;PcWe_q#D!ZOo
JanbEFAzaxx%UMs+9SKclGClDHA58n_2LvH.8ZbBN?jq77TSzYB:%6=T2DVMm@syQub20nxU6Kls
Vh$7fi+vW:82Ptnvm-k%7JdqKhd2Ya5RkVE02gh0JFDbdC$tHfzYnRwE;Y_p IG$-V?#+eB-
SvT;5OIPVdUg95V,.y?q,qlWP;@Xi..y147celsl;XRfW8fU#tY8uV !g7vj-.:
1mfYZ_nEPcA JBJ%4ZcrcE=,s1$JbK_YKd+yrZqA Ce-xU hcVLzBv3P8 _xmz%E
zeBVHJ2PWWl-RO_hrGpVQ:DwLYOPYBeXdtx@0;
79zySM Sw19Ld65SSbwq71A1fFl=V!+,q.eQ11jZrRBvH1A5N4vJd=GUp?JXb?H
Xm7HAzN:kz%yA0QDrWY,EL5i
zitIzbkegAsDJ:GVJQ;goBE;M:Jdwx+l2bw
0Q667fN1Ks?1cQ:lgaT6y3+7lM7UkR;x hmCv8xP,A9CtGee%koRwXHa:
wzjB7%nSo9rOU.b2Mc5RCXOGW2QZVJvhC=kmd6MuN=XDw!M%3,j8;WdX2tCF HNsI=C5=hOJv,=q7Da
4#XjU!,e%e=_2894IDx G_M_QR5Rg2Flhcd2-byuPW
A?gXn__pvM4GNdiK @yJ600lCGFNAC8HH%HXpkSq_TsJM1qHz!vN8
_CJo3inZDC+_8:k6rIkQ-A=%tOm6iu@cok:ZIDi1+1xMxvnYH_-U7XZP5aQxbErZUFY6NgG+
@juRxqrF$,i=m=-p.krL!yXx8-Z
t5IkwEZiPGf2uG47qGr@WRkHS?3iRty7HOPHBAqI$8p,U3A4wr:c.k9wAS.qN9_;6Hp8I5H2
x7SqsCRlOV5S!,?T.;-R-?i_sBwmLkX1=r_Q#,=_M4vH:EbKEuaLt=
%8085O2=@,6%h%JKl8btE8!;;3M 1_etlSlhI.4=yA!Wkr,F#sCLh
Lm8??ip:mK,@kYJn2+peDkNnxDCRNG?k$H00K9%?f=dR8dKKdtg@pqK,Ezr:8:TV3V3@hPqhT%m
wZ,4;7rd_dI.rpJ#9Tvjgr6@
Vs4on$jnCj621aaG:sYwTX;%;!x+Qx8t,r5eHobSvqS_tTF
oZrX3XfysJH4foGG3fuv1e$f2T !+wc_wMlDzbkamgbv5LdXTS@V:0B:JbZA?:!$=mKqHFtkd$dr
zX144+cY !gXh9GgU6ZmDAj3tQ A8j gGFP5-3ih9xg3kTB6hHE9o=GR2GRId,pAp
jE=Dj2,_;p=@Hu3Mf?IlK,fx@ohX$EcYpB6Ks.X37Wb_.@dXs=
ogo:kPM2T31yz%o31oTeqYZ yZcD,iEGHHGj=JxvcJg$yn7X2KL+:o!K3urU878pcXC%A
?_-Ycn:;!4$TF$vRr06E@:bdivTCNNNk
,uAm=IE#,aEzP@!MFL:Mj04
Mthvx2_4C UlW3D0EUX@ALfRTyeKvvbqpfYDfQR+qvYH=yhwADu-Lxtdiis$x0l-BWta9!S
H#d2=nsVt691zb7J$Lw2Vv31H8G:,GsUH 6#2+IR.. eAM+w_Q2KLp
W%hsvO+tWBePLeZY-IEKKwy08Dp=PXzb
Lx=RVxBhT!XdHS,iqhGVczn
u4#TEU5%dz66AkKv?c4m6@oKoy.d+w!uO GaesRRz!mRb2C;$Iu-#jOoE
s!P%V9Ois8pT!nx8ROW+v=sUX$2_LcEbtAq9s%G7mkT9Q;Z-;u-3x9=iCGHv2UwAVT W
T7lq5sl;=3Eb@9?%nlVytDFh9lJ0OmYER0Z9
Pj9owGiZ6D1d39uH.jnO70A+V59sBLWxT Kt1X2?CEo
$C700qYEzKH=pq.!6x38n=DRkz4jzpUvXixQ%H1+;.v@40UBXwYMZ7jyYLxb5t#w11SRG%q!Pij
 8= ,H6q.OtZZ0BodQ?EjH?n#S?.+9_nznQ7E;6Ph8@vjJB?#L4?J1B57UG6Fsezdp,;j=gXafqMVaAh
sc=YCb3FenLn3pyEvJNHi_gz$0z4fF@,-_dfFE7-Lps