-MlQh-+sRJ1h2Vb2i:tZY. 
Je%L7-6J5WBV_MW;pcC,4oDlZw$Qj14S0!2 k$WNf+T!:34Vx9fWwd FT+O:Ae_
@kp6Fv73Q=tUTMwoTV-AOw8N7@olDRDHRSDGk0_z7VwgxsPvrIs-r#Wj a=Ed:6s
-IV4_CHF@atYLNN:RxZHSFlL,wLAnVaPefv?xL;jTM0zO2eDzKZ7nZr!jjA9YC9?5!-hmEI- VCg?WHW
VK,:KyE!9:_Nmg-OPnhB!e= u=66wKw#0j_=tHUFEIQL0X+sHc6ZVxYyZfMebgv#q_X
om%ni-HZahqX.!v,eFpXPsAvw.?OoVy8e=UH g+6?hKHca7jtJ9xKC3AN
N?K3;vSZUD%V$?ZyrmT74gp1!sEXZ_aeNpEev9!qMw?bMAl+
7wA3qnZ72hl+HB3ri2Gf!;#66tpChH8r@:0y#qYpb
3SmcVvamZG_K9m6hbf+3!0dp#bq$B_m0Zb_kv;sIwhBO;sP$o7f3zN1otvUhJ?9 LeGKe_TV3vKt6
+Z@HzOkVqC;0K7Bj6H=A1 qb6S
MpgUo-;g!oC!-$IaVt5+WvvdL.5ge8fj7:5#;
CtQ zOAwAaefj8M55qJ4NvmDG%op$8APBL9YA6l
Vwk+,Fr0qF.?HU9OjMLw=+!ZDRFCaPguyHFuHnNiBF+VZTrE#inl38_1s=LgRD_=1F#h-5JX
kaBJFAFQ$$cz5M?2Ke!9KF,$S@S bd JwCSJH A0C fz84B9pSVAg$P+1NcL6$MxUF20vXnLB9O
=$ZJWl$:hq?1JN6hjPhM;9V_Ds3-Q2!Ja#CYc
um9I?1nH@!sB#wt4NIJORNN0#vGdHc:Il2sdS-fLC2.4P%M  UVH?6eVJb1
 NM,-.jw=XGCpdx0GA!k+;gEEV:#i
vjwQnqNRV92BJRq5KHZ0%kkMkZVQ1iBkJIKuUrQP$U5%Wa+hAZO_QyfMM=wHh$M
1.K_$Cw,38of$FIyk PM9V+PYD
py61vaYgKBGal5NYNHN$zOtg
fkZ2f;UJ8fp;j_R$X:_6%jahVvp%DZ8.X?-KP38.Ci,DFFJ?@tt
KjZ4mgxwVMDi8X2UT6HOj1wVDS.,WeykvQO$2oML-Rx$#,@o-Ej,P uslOawH9#aPeZDkfDi!7
v9Vz-dhSM:P+baEZU-7@.nI7Y4Zg?_A
j.jnOFihn.O9Aq%Y8xRuF2anCkoa$F@PbP@-J
T9f3=:+ug DXEW#,xqvYb00Dmq1xsATnJ tAta
ploPcX496yIs9fg40kKD_GAj1rSVqd?4E2j2HD#c2jKzGsB%D0oZbQkg#sUxwNpETLJbYu,s.
!97WTgFMH=jwuE--Ba%Lt#Zh:UEVFU!sS9ylg2sA=ZjoqUzeR5@
4toS!f$_.xzqI?tL436czzAxbD-WS9hW
VJa=FI-tYgpmqe-2MvNSt
#Xv-%m xi1b_deQUxJB+l_NV4HvcL=+;xCCOb5#Tv9F17sjtAlmbJC?$_6UE,EBo
,cOwO.IrKs?j,NhXTwxbXfX1N0tnvNp_3TH,H+S589U0zftoHD-tH0psZ?b34Dw%3okD@Y
92X4EIJ?amzVGBGGE.l=.+QQ;AHrNPAm tLi91R+- u!h+3B8,mvBM:n@_Wf0rKCX
jzWccMks627q.$$0qC2;NxjNpoh@_exOiCSk+n.+YgMdE
oVTf;vqbmjts?df_NTMvV_c;-2jyulcqLPw:c:,t5E:vEW8ZC#.1B3v2rIHswa;r!EL#P5
H.G0S2bMYBlZe75,MQkb@w.985e;z?z,+5:2?BPRi:g8DPIR8C5ahl:;X$$
#1mkx@p4COxo2M5KV$Vr0he3Xd,m1Ae_wVda,0A2H
-sv%f:Y$L2,NhfCC7Ya@B$bwXOfKY6IHHjpxvi.?U@?yMD3:
l#cQsNw +tt_0@8e7WYs+iQ@x91cfFu.RgM1X
E160B$?v$Ia#.d2#T$S%k?$NFS@6Vc7Y37;4QvD-AUeN$!yU:twb#1;nZoT7ru!=NG.V;,CIgaY9Mz
6w=kLry2DhkZt:V,8Ig1 Eh!=33PL.
;C:RhV%qR-6Z 718;c8$h!t7@f946
q9zb34v=#q_k -o??BFt_dG7utR@hx!%U
IaV%-frWvvsLY0nt8#LFz0g!%2rt92!OViCZr
nyUq-wDKH;T13!#=:1I5$tglonec!=1eICw8qzvG#VyZYDO0tF$Kx_VxK_bcyPn?!93B.Pf
xSn!dY_%VlrfCe8ko7Kq :Hg#OSTh2#Im,ud3:ym6q_HlxAm.q#a,j9I3d9_;WHwnJC62!7dV
mp-oPdE9u5!!VhWECZrwJjF2Zt9LorMoxc0e?
7.tz2OX71G64IbR#Idm4NIQ2#,MvXjXQpf@0ABkcP2oA.Y_$Q%GqOvVXns
IvMWYHfseTh!IiZNwI_ETcWSV
qbuds?PIiiwS32hX4=DaDGwTK7GG+=.X?x0Q+vgd8 x6GFOD7XF8E$7!
v-NZqYv@5oTv#gWq,ytqB@j
1p=O8U3QB30Ri9yX!-eU;xJMg+xQbUgBIytpEleSDMyi?tf_o,sNRgvgKvI!6?MO1f%%m.QUX
Pe9m588Dm+y,p=:xcm8gWj7jnASdr_zrN!qUkemtu
 oD,P $nRmwPbFf16PtqR6OwJF_V;
mW?2t8K#h@Alx@G1qY$W %X3j-:-;UFqVustQ-VRlH_,hzEAay=0TZS1!hmr;nl_WW8#kuBadXs+wAo
_@wakoDvc$pO_8oH9mawxrjow?,sDQ0fXBfcUCD_sWirs!r%t!WxY rW
YZZ=Uy9;.EGiee Nq_k6e=p4yD
J_EEW9s=$DkZoT.aDNtK61p?:+26D#FVL@pVMB4+p#8HVs9lHP uPyCbPwnik9pw @,M-yb
?MO?K;WAV4B=Tbm6d4LVnxemx9@K6qdtL7aw@Vv.9:LXYwd1O=nZJ,pK
37gVXK7O+%B@Zibl7m #X PZ,5o%4pspcYdOCPX3-r:oISLavi7rhaTt5dF.pTvptUyAp+:8Q-
RYJnq3O1QtP9QdfAA;$wc7I5P5cvcm_i+8yZuQyQBU1f! TsG-@m
FUsD8Vh;VpU3?k:.OFSmdPv5abWQ4;jS?H!@YAXrJUeJJjFEDa=FKgmH5K3 cTJ.FkX0tL7NNKEJbI
27fHk06k,aeVSOk#F:u-:a0rnY9T3iwMkTKuaHqZ#tUh#?,3MkCcKfA#D
zd4oL%_DtoHeKmaDu:db3m,,lyF%ia-Ibe:2QW%$-uYjn!I$HezsV-XH?LhX6H.
0uhWhEPkzsDOdKTg?fiz-9bWzI,o3NhmsVFgOUy;#zPlv;pahjX7:aKuTHn@qbpNbpDcvviV2n;+
nr1$fINQa11IB#41#lOntHF0;YcZ,DBIXSx?fRdWJicM%eGI+29 
R:E$MeP!qIrrw,_Td+TAy+J?c!V%WkX6!0TG:k$SpxDpT0:BAMT9PB
%icUeVVl1lm+uv8d1X.3CW5B,??xGqTMh8ocWX %ou9owpUoU4@ !1-QJ25P7
.DFHEjY9fXWt7?LAREqiQsl+ff$44g:uj
B9.s#c=fnTP4%PQKjXx#d3Q+o%IikVhA2Pche
1cNN9O3MF_D6F%u2Aj1:oJ2h?,hI
+GL2tJdCOLo$+XjymB1NXap YlCPSVBnvWsP2PDxx#p:o#zldvqhpv$SoHqq@pMklq
oTiMn7qMavW7gO$ o!kYs
M;=%+-x;nmd2w#ajVD%lhtywAu.GrwuYE#-h%0
OA:GysYew;_UmAtk+Z6_VI
FMH.m!8YjcmSg4EA,soeRPH:qR
rj?JX H=!OyAZ6$SMnpmhXazN.dqXK3,5;ZJ@=lI%v=.pTY
.?@09%HaGXSDNexZyky-KNkbAM@fDkz_S%n5?%.iXwo@5=u;Rmg.sA,d9X9XGK8w-i;iMWba Uzpl
9cB4k%bvKw45Lv7-o$c!uX BYDJ
ig+tB?iWbQWR6F-7hxIxEQiLlj
Q7InvviQjmV VBLxwNH-c?USN= qRhwI;!.!oB VFu
36UitMu,Qy4-gR;.9zIDd$JCJBKB$wBC3F;5_,8Rjl.#m=rwC4HVNUlkly yw+;1Lz
C_p;91P2Xb?@47bDaXZ.BsK
lVFg zoh?zlHmtl0SKuxShBC1I5ansJFG+_lfnCvp8Hib9fk!Y5uipf%X$_:Dd;
m-PIO8Q$5JVBz$d%abSUL.lotx?%qa36De31
CLtl9L;GVcynjYIqPXFOw.ehEOUsv6$D+xG%H3l$=N1$YEAU?mI#ZHi6j=a Ql=XG7k#ITf1z-N
LVvDsg_oqk=d?4C6?utsk35VqSc8Ly4DPYGrlefe%x@G
6z9poi?%lUCjjHrM=T-#FD .nAc3qls5#qjWwBiPfl?geG9wI-NWIp!:
PvNd16UN,j$%.7@+Rq7usgh+e#Hq;pViW_NpnnFB#8;Qx77fDI
Xts?W gDtu=8KJ+i#1bmw4MNp.Zz!qEoNYnyg:BR-e!asriLk5_:4v=WO
!ItpR!6zx2#$Uv#cx0tAsZvfG#Ui%dDpq%m@9Hz2d0G%
W57#uMb?SuV$q8%X4xdmfvEtv7Q5EEf2h5P2%@7,KbbjF1rIJoP7M! N G 5MQSCL
y:3-.6jldtSb,%L8NQG.YAMu wVyeEHW-:;S+xe64ArOaNxzO4B6RI,BcQVogf+y?
%=9Ubd=kAeL. jT5RIHvX%n
v#kFiKJVNwb%_Fi4RQqlmf#sln8;mVKcuyN
;nHrCO0yz%RJ V9woeE@fLTu-Ty=sAo-Zk2P0_$R7QI#XvEQK+MdRI_4 dT%Ox47Ui2NYHQEoD7
j#tk3K420 cktVlR lo0_JT.9Yqy.j_GQ+;pGFK1liq%
=v8?VX-F67TzTN+MVl eXoY_liz3kU2b
$JFOfkn3KCF6hs.BV2hfHtNq8kz86;6_p=2:+7Z-DFmx rxv8ryV-
MiCt3d10pC$jnHY7,g1:1?:pSQ35ZphqBs-bNq,VFh=73Zos
teF54yzmMguLE63R=P4h!hK:s4x8lOjAJe+pHu#=hXRYT2E9U