W-Ej_mJqC;uibbT NM3DQ$#J_?vIYNBb1foVSu+gbSkmY0hMIQ +i
:I.9pW-?D!f5OWM$kDH1a
%$W,=y@#9Q=OY9#lTorZs: oR,YWK.aZC_Iw9LTz,pCGc@J96I?J
U3=avr?C=eTKDblfz@w@bdUVQx=$dF
v=e#XZHJ;Ja1,Tv_-Q,Oxh#O XHBY!ovvi=k%%UFAhb2:B=+zOLL:k3DfHz+K65zb6y8%bQWIgnLM2D
n7hJSKF_n?iWzTiuQYxjM_Yf0_u.3
0%Pvv3d$B 6er%YrpGPA? K:R$bJQ,VfFyO%XG
wd@bknss$UajBz2.X@aLj0+;9K47 aorS
tI=%lTTqYxhY,JULcm_XAj;$vYnccl@bUrtAVfBRZ0OtXCi8H$_TC$smEJu3MG$G?QV0
kFlAd #?Dw2H4CzS#oBZS7 #!8YF,TsduP8$V Rfe=j?zEwoVRz%X09hiHIVR -iaNoy;
SI1UHNXtN%t$G4hoKTz=,xk#BOviTB_
f?fwDU5Uu!PGazJg3S%uCQHL#Y1A59%2tE DPapp:.P#ADVg
DWgy;WUTJL$JUJyVYv1NK0l:5k#Argky5rrWH%gD7MIDeeOWh$kl.Xw+0xxMkUeMAiM
h@MvpJXwn=cRg9GJ8wrUPx7GV1frzii8;zMlJ!s
Oom-Pwmbs9Q3_pwqe%b+Qm6_-N
ag!Ae-+dr;429 !!6+pFCApC@%0pDJ6z2NodhJGh772bbB,#Ezn8dMD!
=pLZE1Ywe3+!7YHQs;z X8!Z+f=fQ1k71bPhpig4R
#-Td5NbH8hQP;6TGH=VA.kC4;sl8SJkqdAWjvtt A?GbXkTK#.qX9$6fcLNFs4-ob8
X@;LV=v8+4$XG31yOw6lpQst;CDnOn2Y
TJo$?o FfF:YKKxgMY_kNJW.4;2gxwsXi?CAZi9M#BB6k$A%-gFlT$
v+mawr03RsSbwlpKWKhpcwCB LRRfF?5$!cYVY-5rzt5JYm?X8_$T_b
U!.sQUwx$iT64@#U7@Ml8E+x+Sh+O1Ub!i;ldA9 ejHOZyYJ@pdQT%,.#OK@V ;bdhEpv
j8HTG9y#BwkwTC08D?4C2z1rX
HRc:jxyE28n kQL#;dw@#0d9p@?tWZ8Y3lb,2Nk3rgqwW-3dGIgh:Sa %xwlpO_i8
%pP:,FH06z9:YLzjaf%,Spz Og8nJw=+KC?Adi1v9C8$RCQG=v$4d;S_jvx#ITRs1d;
Wc@6Odo_:3!e5$Em+,Ma9JGi9dw$!IeG#9.Hnsz$
#Zm_?XqW!%dcRGi_OsrXVUMU?OF=BBqZ9Np-pH.ij,q8c#NRL!@YpXA49lOJ,V dxs
m 4 wPzn$57br=T0_3M#d?lD0=;DeJ Kk2,Xm+ZS,VA46Xdp
Llv1V.Gzx7g2_.JFEzGZGh$rCUuT#jUP=!6%pN
wYMuv$!l1pkY;4EB0We_FZ?#rux+YN_P?h9slp#
LE-ef9#UcWoe5;fm:XxAZg5a@jDx_J2dmXu 86Lb_ISdXviqVDn.6VVsGpzx4pjf2Ml;6gkM!Z@IOwk
BnNB.!,yrIB-UGtXnQ9K=Ys=tb=,f=9--Pl2iJSzRka
;%gdg: 5;w:igkYf6tkV9.mOf#IprSP_H9+rtUAvON;FR=+s
Y25-zPIu+!NwqLc4cFYmuCuW2NTrr
Gj40MmniTD08bllNwiv:3q8m0fnsPySjym.fz=OW2Mk+qFiJ8@_+e+p?1hMGC?B5H9k-3F8ili,K
 xg:e7+8We+,C:lup?I$o,Q?f$7 M-=R
Q:7Hx4zkqDWfGA=kSarc
Sp48mi .UC+G+iqBYWxIJ?0
h,;7mzUxgnrgxu?lB9ZJaMU,qmRav.5ZYLY@f;8E8y BYIP$Ker,ES
AC#Fr1B6RVtLi?O!ZHXsR5wV3O:MGYqE
L6G B:+xIlLGTP?nwX@,uc 
P2RoGzKPhpu@%3SW@CCLKpU3kkm
?wrsyPN OP!IX4G2wIEcp9r1yLy4pm,3$3
A85,!TmHG.NzMrglqqx.++T?wJn2HGufJ2bb!0UD7P5N8r?zE+=Kn:OpbGls7u;$
2uZ%rpptp@I-?Agjm52B6Eg$O80n_cKz,W1I+rw@%.0pR-l8@HjP?-hPK4tRYdbMB2q.juEG
lyT@p2Ea;Byo?8:axFrDs@Av2n3f#U4Y@frugp?B
N0=!lZmdwopfWyY p7M4k6545
al:iP:s@Q52fq:+JV%d4-486_aL,4h0V5jiCWn1J4IH;Cf5Y, dBJ2:T4oEs=T##BZShR:F+a@@Dr 
N:iw-gRx_d%wD6Sp=Eic2K66VP%LZ#Og.Ms$4Cft
QenZVPRk;kZdyFu.SzGHk2=P%t,z$7:R8jj_YGFz;;bFRKTZkU04qnB7#nxiB6Jw4xeN3aDpDmPpGbN
y2Q#UnAVqbKzZ!aKyV?!_pJe;Q-k00vk
Z:a0,%M9twBk9gI43z9vHvUPT@Gz#22eVdAidLxLrcGYC5DlgJw@=2x,cyD=OFBtDfR5WepcUyU#:!b
C:$3GaIG-4g#M4IaM,9deg%p+$9 vJty:Kwp.P!.M9M904l 9iGH5lX!BLygX:iHnnv0Fu4hZ,3N
e?C3GPsE.zNn:f2,eS?u,OBWVtJOQP9J=RGvVkpOn!-.a4m@a;k
knSEf=JZ_q+,+Y@IcQuDT3-LXUUR$P=@5acb%9eH6!NKN6r!o MHGpBFT@OTH,:eMP;AM0ocQxn
Ong EJ?I@QDL8?Bwr-i?cmioG3$fhhDUuuWZMg8Zo_6i0U0oE;V?6DUttTea%e1j
iCX#=n_b B#yddQxka:FM+q!q?g3dl:YdZungMO
oKkhw0+8.XrHLNV-5Q0Xcys+d23 H4;f7qhsgD BexxvCYIEz5$h$mBXLPxjEZ.+J-BpP+ YpCvYAgls
JZDz:XvF@gVr7U0AWg,lP+4DJoKk9h67vHl8iB! RZSY8ZUn$Y3NpKzKdm4I
$vFsEc3aQ9=rG02T:vuwAOmAf-7eo=Dt TTd
S@Jxf!d32@?qxlncg2yXp,D$1UjUm%w
Wm6$8pV9MPEQ8VlI nt_-=s=iyITSk9OD?jTRcdC$ nl79K4KIMUkeinGi=USZbi98Sv
 hPsDJvn4HaN? sL5GdkD2?.Rt4!V16
G+@uS_GpiObK0QA1z4eP,S.lQe:!og3sHdY,qja7Bd0Yo94n!O#PNmb7:$UU+tgrm@.VYiA
7?w6 7CA6nuM_Nee1mEujlxt@=e83ul1y6Jpjth#J
fW,nj4CDV-?WXGxVw#8Jwwi9.PFShme%GJYvrbNw,ifDIjCHhYe4OG!MeQpg-DjE-b#@Kl1
329 EdR%q9xx3aESqe=Jx %E:VNesH
cXHTE@ErcyAxBw1QsBhc
uT#XY_fSeu=IOTB6Q.S%%V;FM07bqq$$=5!whZgC-ah9Y$VZ%?7ITnlnb4$#cl8hra_ec4H1=DBdms
aUol$fm6,=QQLJYpcoQpxY;-
1 d Qk#NWb9T1e!$wnD 7P%jTGc+,d3uiq+jZ34;$H$W.5Gq+YA;Xkg3nu68:ue
N; L# PFE8;!$qI.Ehn 8q.O8X$a6=K Ue1H_K7,v5$UdnPXl3
OX$L=kRnBMBY LfdgKzZIoGDd.O6b#n?gPmky2;9GsXR!bzKsI
+49T1kvtIrvM1OKdrT9Z2
X kW#M-CUOSHm%WvJ3iEUZslO0B+QzMC?fw@Bblq
u0?CesTvYfFfrMfwebm.k8h;rg#6A8T$bfvtlH6#KFdzKb;R4uyV+XwI=Ziy5GkA.Xt%A=VB75r9$=
StPtMv-=_mZcZ5_q%5O1u5ttAcw?zHb:jP.=dpdB1e?5uhJjYK6
_bR_d9ag:Pkrxd+D MXTjql4E6Po?Rm?h1MlQdoRMk$o3R+cFy%:kG+QN?TQr@s8tMDaxL=8oxUa;QpK
tDR0a$3-qLL=9ppT7sA-b8#cEOM-;,xC#lcMD
D.dLMSdHcK3#@%Z::m6a
UzDP:0gUsl5jrBbUaP=I$TwE8aH$evj%s-fyQY9X=X@k%dO?iPxn3
L9A7%M?nOUM_7?vG,d_mQ$hy
z;oVuir%?PGlSJ1-ZY?0
voFYX+2=cP7$2.?$;6D58QC+L7#=?Fr4;UG9hs66wfcGfRsF$xMV$c;5mV=6
=JjDptO4@gi3pPuf5 Yeyigr:xI-vP6bPsII@Ehz@=IAX6FOyHL4mFL
P8OH?p8Q5-#VHCBYFyf_.+8xw2,Q
5RSGa9 C K3m7hbKev@C.Tz@bohPyur=07g nGuy=cpQKa1:9
z Cyu=S5e44wa=I_@92TJUSk;Hf7+3=?!.BfNiIg+XneUFrj
U@r=jp6S:s% 3XwOhwCd!9m:Fb6lnV=GO9JIx1%Pj6=N?h!+GT!j43 =rf 
G19#ytA#$CCEkr_D3jBS-u;lwLVKNqe2njzf bYV+Prm
-=f3UskWvVlLFu3n.6ebsq7SjR8 ?unON8
rV fqok4fU;x7-+nVZVSTI#V!;Lrw@W@xhwPf61r,.P7repfyo84tp9@:_85m2;0:$c@+qY.u
,1VzUjJcUO1ZIYUk.tQ=0sb h@bcUa.S7QGj_h0b;zUZ=lsiP=eReMTHj8BAQ3=4d$Y2,
l8wpg$Hffrkg0,4@dQ-v9qhij7wKv20xQ5hkQnX,0$zY.ZWbjSadC-7B!nx@wM5qzsy0X3EL
KQB:j?v-hGkcL7x%??-%afWA8k;aua6T1:MmoO296:Xga0ImTqHI
a!ee@Oy+y3BCVf.2DHYN,WZkZWDf%v7HBi$iF-3FVcSwx2EjDwRbJLBYkN0%9;Ea3T19:13gmiom#+0u
=?+N7pMWzcE5a.amgz87Zxn:ZZssFhsUCzQyjS4MPzhv4dPRb,@EA8z:kbV589oaV++H
o4g0.Etdi;lCkg@=+?bC9:Hc_Y#dgPW3B3uN
h#4fF1#A7w%twIrCg!1#5ZNnYJW_Q$,bl9%H=sI+8CgHWpYCDca
Mj_n95I9,01 _;KDPZ-Nb.pCL$pb