=gA58DPJw20!J88Metfih np4rjKH7xvNbjP;#P2DZ$M@rw.C3W8p;7$NpN$
X_l1mfvxcnwhZR;.:@wy7uE 4A96qSXKyxdHXW7leCW6lpnr#+ qA@TrVRr:0.JrxMKcdwH2R_6glr=Z
l?2BOytHAOGT!5ND:+EukLngag?:#+:ypTvRLMTY @,AvU+WX#NTWE#RpFusXq%F=kF2B:h;c-,-,pM
:uBBrOu4Suthhz5oWM,%iU7Nt 1jTaldJVzu3!ZxGwzddxDHbEDCcBjnhbh
FT?DBG$?PkuQCoCrpfYML0De2+Bsv6+b#?BWYWVSh+V,mEj%ZjiaPoo-o?_
74@?dWm Cn,Q,K:8OUEDYVtAOsH  C7=uhdKihF,:5;0b0M3LI$egbi#4yjJ
dcl.HJ:.dkE MUC$2Yh6cocPrU6,L2sQE$dAi_tWC5oDSci
!TNQcYJsOaOMgY?xGmUs8xGBu72-@ka;##UxEi%W?L%DBFiuIGK$8x6jK590X;9SB
;;8x;QiCJk+%2vx$4+aCcVX-KGfzkehyig6Q:X_C=8Zeu9$ PSJV%1;H-7g
fJz:4?egvgbMnDS.f;fHGL2s:lX;?NW=r=f8,_=ZF8Lw#
=6V+7$yjt3#1Um+ds_Yi:NTIF,XazU%R;EK 
-PCbePLPW,zGp:.5+$wDsIH2EvwIqeNgJ6Uji
h;8E5xC%kW:NCyfguQA0;-Qkcb-%0z:4$GA:fzL_nPxsqZAb5KvNzMi#=iBZLTJkOi.lv
;Il4XG,FCesyyjC0MtACb4 iD5!;?%rCn#$B
W2ofC_6pHWCiLKfXC$Y_GFBjH: u!cSg!q8Jd?UWAf%A .havFftsf ?@I.AsN3beJ9? hxzxQTJ5ir
O E0PZvj1_1Ijf=LJk9j
l%$uUgYH-oc BU?gWX4a$fyoN6I!:%dt,Ndot6,ayEL9XRg.
6YboiNSle.;zWFJ8Zjh!mhbdPBu-L
Y0p,4m$qJqEcBgIjPwOsg=j7,y9qU#
lRyN7dn-kfk%haiv#X9dRm--1RlUJcI6%XsTowYatV;KzA30
1?k8@_4;DHgo8picaNm%!f3qrFGmUGXT0OO7D0BTQnX#qj3TtuxgMC3pu $HbjH6v$xv
!fC9gMagqql=aK@=Hw=y,,O96:
Q%mOi_w-s1bC?qdK 7DR$+0yrL2egdkkiBri1#RMr+xKm3IjQ9cMpYOK
?% I8ufYhgh2!trR7xK6G9u4#OYAhYm$3IGG5 E$qf!?inXwm
LD1Fv+WmQD+KwWWl_WX+8nGap9PU;:40=RTQmJ@_mVywe
8w1UuhlIwvvvh@EoqPkKa eVmuQk-xa!8PsVT
XME#Wlt:m=A9$;Tt3PbXY:j+1MDm%h,MYfj7dqaMv@537-JLF?DMjUQ5_d6GEeVs8%C@f
M#;OZ 6sU%ev_8hlYz;KWSkA2WOv_FOBmNwRNaxk3oeJ$nf.RA7OAF6x7V
vUkz@L UWo$A4hcM?gq?SNSXFH21 #IcmKS+
d%1V?d;ZMn_n4nNfGan%3i@WA1O,NnW$G5xjkkX0s3aNLs_bB c1zC42Ty-8A%
My@M-CfCmA8HLAy+$2HHu4vVbKI,,k1Fs$?L,WEWR
+4K_aC$CSac+n5RzZJe sjUI,pq?kp6h_voO 6MhMP#Qx?bfHq
SOtAdnPkI@Q5,SOyvI6IVB9gLEluo1:e+gUFbl
bdQB1HyX?leEhIUixp8qDU#Q2M3ab+APl1nmS4GTeP@?oj2:z_@V46!bE86KkLU@CvkzgQ:AiPe?+9
ATq@dBebe1K1AySvcfQGnYO7%TRT.XojR!;I,ry8tbgBjw_tZ?BjvTJn3TNsWTW19-sv#
rI%Sp;CJaJdrCuu-jq0=AIj0IX1
kC 1a7na.WrQF4QX8qW3i9.1PHO=ADvMdbnLS!O%UbUG@p$smU,D5uJ-=LC
HmiDF.hlfjrvN@ocu$,+p %MU+Ux8,?
5OyXI%8.MkNjUjMfC2.T0:xayZ_2Mmg!gv3Yb3%xm=eSjj!Xr6@8:M$i6H
CEkVde6mA,.7_oCHhL@o!JT67
=j.RFRer,KfdWTdtOh;nfEs6ee0+8b!g?7@al=d?2l9OqPpJ+ShXA9TKfA;
DUdo?!;qfPA$5J@qInW60
c =feSZJ88STjEr8GVSsxG2$SHRm?Hmp.M8Hd1H4P4s.ZR 3w=PU-+fHS6bKIie
v62;8A5B8u;1OzXWpjPiZzk?GTlck-
8 ?Gkvlq:h8U4$@1 1NRKHQdDN3WFz@dY3qnX2bbA4gzmz;_Mx
FNxrSR3,F@A%ZSAF_y8SdldGRFheVKYD;6_xPbhmzhCf!PwiR1$@hJ:6enpUN+RKAktR?.P37
p%wdZMXHTV@Ml7kSiyXkX-=uN9VO5$$AsogiTe_OOb
X8I T4qYs9A3tu94OOMde:$s;j2=q4k_DF0f9vDsE!O!uF:$u500PRBj_jQ
V-k$07 8s1W%QXlQX8#a_FL?odk !.=OD
Ml3LJ.N2QGkd-b8FGT!2._KFVfOlHxGxxkADpe
S!B.Y7EF=e#c7Qv@3p665p_PvqD
n%uNS00E ktp5QCnkVCYWXf6iI6WonMkdZYG$jbs2Ou##,
VJKjO=_f;W4A$@QA!!8Cj:7iakT?qV3A4Dg9_W9CMJ3S93%WNgW!GI9j!.txmTY
VF4;5IL2ytmmQeO?n@hQ:J.Fnh ,zZPDa5svL;XK#ujlmSjjkWaIpIlk:
3bCcVSBlFH2hHcpcanoQ0?IN6eLlXRU%=Jv9,mDbH;rQ-aUABQaB7c_AU!.f%cpwg1p4efz
#FxHsCTHjZvIAdkAS!.Zbi
5X;h+mmEyPU+S:snLfc4-+eD$z+qNgf M;rg#gzWUuOYQJTOopl:;d;gawCu;I-qQ::T6$Peyzgy!;
D?@:qg8QwCwA6KwGSm$vcgn:kXaU.CDoFyTe;G5_4dR=7Hx
fI5?@=rVnvia@xnVUif#A_n+CGZGFskQ8IpjeJrHTOxjnV!.XG5zT
z1pVbYzN+8Q%k2hx+7h3qsUzXTwJ@3lQV6q$PNYn!Ho E6!9db !CP0TEn=V
CZx0bqXEUesiQ #Zjv4$4-5LX2bbC9 13%,zBDieH+A7 ?Q.l;P:%ITL!Bi k.-NnvP#!kQOZH@CiCY4
_7BiMOE!W::s9cbG;3$5L3Fbf0:%KjUJot0QXX$K9ht%_TcUMM,5_D0#D
7f=QIn26ng.O;C 5QeBRuT,2,j#e7LMJwTDwhMGj7$9:RSbT-+#C=1_uF2Goo9 G-oUa1W
s,$j1pQg$5@H=byE_5ImvUlS0Lmv2Jz4Ffu2c3_Q9Dplr25G:
2@y4S74lCF@y6zT=khq@NV$2D2ndILSPW6pHt1i
oqun2ts;sx e!6==.Y8+:JNU-SK?PCnTLnG+Yp0jDRG@pAulcLu
!rhNH#C?:4Xm$JjxueAiITY;Nue@ma$=Y-laelvsu;P8UVi5DuoB=v
UpiqsOLc=4Li,GZwO,5 yTzdOCT4H2.BCiY
k-wLXAszjA054r5D!Nfk?bOaEvmx#pBo0yfb%14G60Da;IG9?EZ%-=g6NizFfZF:?b$IOODrDdHC0SY
W.;.EcTqdNT5P!@.4,rrXrXVk.bQ9JZ5to:bmo1m$nW?fHKrchIDdo;QBf5 G8yLeqqb
Hkki@KbGl@AOt!L9KPKRlp-4 NDAE BTKU!!On?APW11CJmCzq39TmLpUah%DrPMRJ1i=rIAeIEM
gC1+yJ 9I2ahRxmxM4OZN1V3KmcAjA MFWqX$P;7yL2#RTc
wpvoqD1=B@tsF3bpD%OI$oL1c2IKY,mI5iswj97@lLkY$OVF=4ORDZxJL=-8Nmeub1:l
Oo4XmWs_WS-S+81grn.aLoZi6G.t509Ih9MZuJMMtfB!
+w7D5+_sm3CDv?BH9WISSE47,oirR6#4C
#DP8$r9A!YV=@cmDm,fur82bSa=d
%-FhlWD9z9C?IcZsyXzXl!Y oJ,
xSqW%p-vUaOXkbOYjLW$_PY0Wlo7j
20ILpd#gc3Hh$A=SUdSLGOQcnU#n_6.oV9#;VrV1Zba#5O
13hBg+=dE$WhKyz0x R;x-Cy$XY;NGr-;HG5$GlvwKh;j;IXWb5sdF=JSy@HxQJkGY,
n!MN??QhqYd2hQpcuslmn@i;@4Bo
3hSu2g4ao$k14e==,nWe-nXd0CnzVshi8LW4a
zM4xc3#4X3w-_+hWS$nCu6
!0MtlQ,s7wwBdWD,$hJw3qNf7r.uBOC8K oe Q! jxyDJN
WDrxcKl$lwmJk=!1IcO@A.%-cMS
RkOzzhS65PlWN++svwV18VE $
VTydHq9FCv!!AUSFJBmH@0pfg4bjpFflUgOPG;.qLtPRO
VHIIwyonqNP;u+VqC$scaOWX2
k1$T,tMhyV,;qXZE30,yG06NUz$S19bBy;_wQ:Odw5uUrEjOtDqH@ibV
HzX#cIQZcQ,kbx@cm4Ad4jrM3rDX
UINdYaN_Spb Eb u4dvP@6J-;5RG3JgUFOdx%@fnWm8$By3tFn?8$p;_S%XLkV7xNe
CPDzqTGMj1@;;i2$binT$ugGT1 ae+@SlC0SQu5.8ARNg+
xrreJDyZtcrxNi?7qN@EG3m?iOi,zAtKpIVXqLTvNnmx?f5KFlk.85yMdT#x8R,q
2LRBEh,:Ob@lx8Ddya@0aN%,,i$3eR-xBARZz.MO1rnk1iu+Z?S1nDrvkmau!Q!qR96%HiweUnH!
2+Pc,wpxf6%oMbGpCx;yi$tGP#mpq1iIHA13
# UEiyqEZ?Rr%fCBg0d4E%NrxTE0qXXhmhZM;SC#.N%:!Wt:?1mXcVB6Jw5OO6sqau.
bf9jibG6,.b,W-=.$6-Zv,Wlprzk57-LaHJ-_OBnswPDn2T$s19c+IyOM -BE_BI.L4v1pWeRA
:ZELxLm%zJ+IsZK34aN3s2H4%=8i9;aCO6?IET7o+Cjco2#SrQLgCcBS1=X?o!GN4e4n
$3fYiVV2!n97z1Guj+j8K
Ql., ibgL;Wy6ArAjY@f1hisFLMR T@?7SN04XO.Z:_U8V9u0@OdKjoc7bLG 