tnef=TicmlNt!8WBjyni5xBhu
VrV?zf?W,%3MvfrcLBRs8q$8Qfo8zvbx:,X?M4IT6Gqyne4NJPtJX,oUFmqlq5
 i.!Y0Rbe6nkQgiXAD@!rF,m9KdkD3IFP
sZlLGaP:,8zR21Nwi5lLs9b
T%b8.j.w61VU+6CFDWNx4!$jtyzd$qtGDPE@=e0ZV5
2@PFrW2VN1$xTTkba!fjMXz$FmrN;cZT l=:DYapPjY0R%hGis6Co
mPru39_M1uYAaUGi0Ei7Wx.8A6vt+7DVxeg!=3=sK!
bwsV;fhie6XvQ$X18%u.b=5olrXgt;QN;#3WKrypqb1U%7#f 0G#0b7BHqr3wM,nK VuXTFDb0i0
V5H3PF Q!@raFwhkxftcfc6X
xKX;IT NCi:;9FVze8u=nZ5G#3=Mq8clRQ%,7hkNVg-
yIv@Lb8N2W+L_3OzhcZ+9yw91G% HA1hb$0aWr#anK;8USH+QMluQ%ebf10:n;EAve1FJN
_AgX:yJIfK+$yopEkbLXfAK:#gX1.c4 !Xx;!CGC?Wty#RB1W-S,GI9kUnkaDc=X--HV$OrAL
rs8W?QQ#qnZuW6S;.GjHV7ez_xaUC+Q9SL@sQ1fgRb?K9Q;e
+Wu-pQg53S9M@AwVs5Qg.N8JaYdm3W36AenpFUa%R_q!,+m
p;m?egHIyx5v65YadI4riGg Cev
JVdsdFKid9;;MILl3k48+dSW+$2AOIF+qmbe!z=e4Q8HfJL5F5c ko!Cw
#_;qHo#YYh2zWpYCMA5JXq7+XQ_Rv,!GdULCg: gf6qpHFG ?dOF.@#.9qzjjZ:l#eWQ+VFH%gv3mK@G
SVem0OrdqHEs-qUSTQvtlFD.-BtnGXt8uDc?QyN6+iO-9HdwLRDat3;%YFZ@UlC.7,=M@ omM:twl7,_
f=cBdhTeXUZnT67s5UJI_Yt7L8$.
MQc#,9Xu7ls-hjR:ivaU2!FJ;3 $pzC-fhMnJVv8,Ogy@3Z,NYm5xlJKr1f+dhoty
oHoPUErp _c81%7.4pbvD:G1!uhoRM8IVe.YGw3$
iQ:+PUKnI$8SMQ.%hB!:R@FkmbU0Pe6oWb0Jqw#HL-T+3?OTOciX%eAf3$gt,leqc:L;$g;tkSo
s4rOEvQfcXy4xpJ;+ d5r$zY$,gL-?=3Jqyjoj:xV,STaxjz4d 5m!cF
H3PA76kU=p0fJhGPx4osvaBI,X,qHLj--m#!-@IDwWXy69sCmxG$QoHL8R4Xs7z0.U
55leGe-VRf,_NF4D5tQfM5t6Wd.9+4kEL?dPQEiCprHM@vi4hv iIW-
nx+PKf75W#@563s,e+LU_CeqEaQbc m?to;@!%t90IsZ!OT= V24f
n4 hs_Q8!+,VkeTeZ++.NYBJi$?GfAJAY_:QR2ykTfD2;FWWd$dBC.QXnkLTz09.sv#eh+Hh,G3H@#TQ
R%H_!oc+0A8:kjVhpABxqpESjx%WIld u :xIGj-hs!v!QNS#=cnInTB=PvQ;UXqsYE.W+neISuUQYK
Wd#p1LM?YZf9 a,#Sm+z.,c--2,V.2UU2y
hju=Vo-K#+?M8;L;uHddk ;Ewdg+DxhlQsSqxTK8n$ap
;?OI7Ch$jcLaAqP9DtZh05,3F-tsm-DyIfnb3Ygj69XVpG3C8XS#
-BGsDMp0PPJ;LHA-RyEgohC2iUfOs;izo9Wy7
hQSD3uFK%Om44O13c#4D07d_#$,%.uHPyoSP3p@doW-ph+%AyOX ,HywtjmSUT78
ao$:YO!M,tPjaxbs=2tYVmB nZ%VoDKcJ!Vv5Oe62FPpN_49vUHUBTPiq7#B8_N8;Wvc1e_ehE5
V$;o:se%bZM0cB0Bo:.N@ZPMKWAz4IK:XBEiG.5ybpZAkdWDOSSzOSr@LyMcj5Z
6V76MvGhNdzmW!n7hm1%:a0=zSCYhBI29x_yCsAnYOnfvCsX91Y33?,?;V:MU.H.XNC!:v;%L%Y
TGBc3vy=aHSZGngP-G+WH% Q!jWm2vV 4r!765#QNQIl0QLDn6e%NJISeR
%g3l3xl3n0PGZe5 c@zm#T2Q?iE_blJ;-eTT$
n6jrKXM,M?-NcH9siIRI.11oqd8yylR5s8bS, w-6zexC,hmq?A_%N9e
+Dgyd$$k-6TAbab3.QJYg9?9#TC_R=Ij2p3a:OZ%es:YsIyi%,NAz5,jEeC4!p5Ko$Ut7S
gyEX8_u$ veIO-1V1mkQsChUqr_,=!TzIaDU6y=HnPCi
ev3%5dzE@7322??t_6gV=mGjSs 8h2U0Ud;vO1jZtpLw5d3
zaK9dOZi9cAMdYamZac+dolvRF,4Q-S$t=26p?vY#5exLgh3m ?YirJr+dwJULG9!1A;6#VCd_YL9I
On:@:X5:w7ORMQs0:ZWAC
9w;20a:+mU7xT=YJ#!CC+8#jj!xBu3wHI
wN!w?6yoViyp 65YXRyhp83Qs_+X-3AQFMnlX,A$+siVwo;taryj5Z3Qz!L,UdwN4EDGp#8
Y$G=?ieRQbqz_blUIbF8;jMt+o.ZId#.ERCOIIP
y5W4Z-@_zh13sII?Yw%@++$nR0S_!i-U5:@zNL SEB!wzYYL4.lj7Y
JL3NGr=46$2d._WPhxgiT$YhOv;_vH51v3 Q%ETp6H=j+,YNBL
MJ0Aj iAJHL$xOueEMIy8G$LkDfs 9PsIG 3E7H:%0JCopD6WbiWkiV7EWb0otb?o.b9 t
.3N@LX c!=6k@PFR3Il1KJV Iv0qMF=.SE$WKvxAN5df17:.hAw?$xnP+#M
1Sg+wAvyfPAcZf=dMY@d3mswoze#93XZt_KgNNTPoWz:#Y_!
EZT1DW3ViAuQ720pZJC; #:svI=YG7+YDUHwD.P2H4iR7M9?+ 3Sv@mH.JW$Lq aJiFX@E.uX@a
hsoY_4M3hOHPSPZyZgcxToC1AqJfCFHy6AO;-WfVViBoq@#FyEVl@IukvS4lG4?Y
8@RNwDpdv?mxU8TyaA-EIXR1MhCTNpB
Ph- N$SJb99%sYjGZ5YXMRNYyP3CwKv0NZFn:-00CV lR,m-6fc$:P4R6SW6$ dpwQFU_e#p.TDSU$N
HT_jh$w:d$PmrC%S4?FIVUtZ:#+:F?A,NB24U!UBA%
5%F_au@WJkMZ,:I!AUxh%FVF$;kY3E$ Wmgg3$7fN8dvw_U0!:@
1C:WiDA0fgpY7!@h:wgz:jl4BkF?XALEtkjaWfUz.VrcfAh,03DKOxq
fU;Cy+;X4g%xf5?66CXU@@DliRlea+_PuYQ
==@K u4qosrhCrsAWZCFG;@9J %MT?=5rvB_2,.MYYUVM-pw_GAIiD
#EB%IywYbtI+4oo?9;Z,sY:2jKK..Um.lf3+81SB=4QmzuQS,Todz0r@hQ,#O7qA3 .lAOS3P
D,=e_Cfq=0P4Ro;wBens#VkW#vxgIJ6%F,u_YJ5bgFOL%=10ekf!@E2 2%fwLdMpGaw
396a:IFWPIqRLBg%-E?89:gCXzY5V7lh@AW65 ?VUOu@:PCp=Gt?;V6yNr_4K@beos8MW%E
Y@,ENc21GPLtm%d2:2Qu8LJ:j;#YwbmEr113Qx7J_,z9SPVBD9oG
KtF%1KMH9Vr65r=jE+6 PX?!DYFa1n0
tPy40i9Q2sVEa,E1u.:bnqLg!e3kWhp3sC+KBY,FUHIUC6qS0;c_Ud?CdTOuAjXt3!IK7?d8jep-2wu
:mG_TRH+Ex:4IweNMxrQsshUpcqvWW6yIV_QuMz11%FZTCEtZ1e@c$fhmC00cS?=nk.E_dlzz,ZpW7
2pRnqtrnmn;ZrasC@Ea+ojtfP9.oPdi@7NODuTTX?FG
cY3Kw_nkKa#OWF,UwAuFDzc,-LWAzhe0VR6FiT9L8ZbDm;M
z=0,M$73ltbN@4:7g@TmM4=0xDF$ic1JD136iyRNsItE:02Ey%Jm H20eaG
yAVz.3Ip,Oy?aha3SUU?IpWArBjtBq=ZdtX4KLUn.T?-O$n?NP=U-@;t?hmIfTYlRs53YyHSCjS:_._#
hMgyh6TklPs.9+HZv4TqT2n!BCtigLfc
xTp8R8AXkAQQ5,+UJ!a;m7Z7??_6y
uSpu$%$?Wr+Ria,t@TD@I$7My=oP!51h9Q%Gcig5kgRWnDo@.O1@G_;CT!V!zRDozx!
3252;3HvOI304Ic+-0mtv?H#?@HMLW4-J2=MNJ+A yRjh;;N
 bDr4tD.h2KhonW-+?z+@@.;1-B7Ab:SqWMn%_X@u$,_MRdKHu$qCPfLqkiFt_U,EDjMd.jrh8cM@q.I
b_WC;fWl7dW:d8txdMYK
LQL@_gn_CD9Iyv !JG#,PL
h5o5Z.kIVeG@ckzZ2?d2LBdv:8
 UQVNVUqIb8,Jv7=.A!PW8$ZwXNvld lEZ
mKB+NE@g?Qz4h,N#kYUlB.HE2FWWj#b_ck1Eu-Q+XagYJ
#mv3Y j=.-;57VkaJ1OOQuq-n5gM.KKJhxgkV1m:CfF-r7uiAVgi3@T
2q;K5w_4UAY.x_4e5fq:iJhF!;f 91Cw
gI#jZYR5cJQpTl;;pljzyT!
+HOb#QFaIP:.9Y$8vfG1$JFJtQ
pBo,0H3XSgNruk=#?CXz _1C-r7GDBRg5@q194d++gul;AWKL4L.qk;lG
u4A1EF 3+cawwT,dl5CW911gXbDS5.!  o1e4PnDb@y
FQhNmN:#Gt9.rDMZ3_dj_Aal8l%pC pA5ZB2mYVh5n8@hHL7y:YZ8I#jQ1xBNR_;IU$2bbLTw_+hM@
$+;i:My9kmD+w-A$@GaCl8l9rkxvt:K;OCwS1,wJa6TQy!TbG6kr@wTB
mh=L$i2,tykJ3Zi3ynfH
M=FEuXs.o J+Za7W1bjdseih0.ri8B$:Q7qs0ryAJCOehzdi;bYa5
t$HuqaoLwJEQrm1xyb%kDl8xRTThkERMdpr#3Fh31GvYpv6_9E,eN38g
c8FCRLMK?q:GWpFX37Ac K50vrfL3:_mK4NF2
Ohxrc6$3KR1Rvr ZhRcUh uXXnO_8Y9,UG?V9
aneb,X3l1@w2_Fzy+8_9hag=vRtd@joh4eVU3tQJ8$41u6BC@dl_REUqxoI=flXj#;akKf4HiR
UDs0,N.ElqmRirB1ofd58w-_Gu:3xj2FX0TXby$%zB:M+PweQV8nda8QctU,0i%0B%qV1y#Op
1Hf_c7-SmG$H+vcW QbKLwQt E_2z?8X?WX8XLMFrS= s6RK=gov.8u4uTwn?pZi6:o_99xbGr9z
q8$o+5WuEAw7_k1MZ#Dd1=oK:S5Yk4or; Ru=v3s?qGABoG8wPZcCY
EHkNV8?RW?Nc7Up2;NaT1h4dUy8hu8 nt,6JZZNf=eAe7%