+dyUnJGpONBm2ohK8tvZ8vu$.=sDdF
gS_c3V7XYGE1za$4vgwD:qzQCTDZW0?0?ZO%g z%xE5ETNjtnj@ef%IOfAdgyqYLL3DY$%_z0
Q%k;M0A=I !uIQq-hktIh!ce?Vt=s:Ez4xY
#+WYGR_w4Gx 3wV04H,o!9WT7sp2LTJWNv8rHZ_qzQ3G+,q-x:Az2wdF2rLPXG0jL kVoQIAHt
R CTb9;Wr%yMITL$leU=Y@uhChR?pQy1IUa2tVcNYI#Oi-vCoLJ-n$F@Nxtz_tbacg7r,L
9D1V?4DLAVS1%l$G=dEloP!x67z$Nkgbs4L
jHKxbpuGGVZ 58D j0AU:Xc6HtQfp8ythd6V-@lPaazMGxKsto?qJ?DmtjQ#:RIfL1TQTx
zp9A4kkI;giol;;duB_JKMVeAUqyk yt#js4D1U8=us,Dd1t_,J7CQlAnG32qNaFgvzzSUY
$C_,m?GHWofYGA!=;DDKhedvjU9iv%tly#4JthNz+:4SjUO4:AXkP;
sd_L3pHSbBx9zQi@:akIJ8bXsG-
z3AGqZb#Njk,IgO2SohBU$HCS:U_:aRiV.Rv+596O?ZzkG_xhT?HOoESBOP
Pvepp7$9f,9T.!=4PqgCYk$_c
r==--.-Yl4hWd+R ecEeW6rPCj%SI:MZ#me T%zT
1Cn@LbN_HAOjPx5xVO5h5fsBYv?M+l-3nn@$nfyex8pHblt7IGI
IbeFwU :fAtsPBXq-yb;ll3?wuhK:M6opoYDMhapF+1cwgwl_UnGkV4Njn,TmSvxyPf.SaMy7
jvphTcci8 vcUeVeUiQ+S7RA-=F UveB7VjOCM#Bn24@TX3_a4Z6nGuj1Oc!K Su?Q;WnFDt$g+a@X;
v7Ylm4i9mC@T+g;$#Z%6#V=gDn5J;UCK0p-sPrNBo#F
EQ5d7iWy#eGvHmF168ie8w0L9i2#ZsNHOT+jERb
Ci!+pw%0IdEd5C+%Xojpzr0lq99p?tWosJA196:yu2ThBGXwnFAwR3EAgcTN
zF106vK0x9m$AKR;?@!g3eiXyEx@!+;lm1ltt;
QTeKQ1LG9Dd,+ hR5UEbyg@mA5B00wbm?bnTL7geV#rr0T2:W6x:YZcmO6N=
dKgEW:8PS-Uoo?ex_cSXIegb70?DPf6X.-1Xp38IQ1H;VVBHUI97T7d7f#XjHpVd$i
:kbx gGZ!2nUpLOQgG+VH@923Je7rSm$.+?ZWV_GpS_%vQPoU+i2y?K3HAT,
xiBCC1 -+W4Sw@I$Cetx+hDU-7X%yxV=
y-KKJ sZrNbrG:n3Tm;RRRCKbr6u+ u.L
8uiQb.X;8KSICmFytKlAB=5Jlm#H
ByMslgzs%bbhaP_0 7uI#O7%Nh7CjKXx%-3M2dKz%N
yJOni?gfkOM3vcuWAa# ::rpx$mkBsJzHmU2QbZRTgxKtihgiRQSha2Xe1qixP31_qD2SOXnWeF15S
64nw_MuYg$%;.!9H,pisHuKpSeF+4l$@vP;8$RlagR-t0nwpX51+OkDAtv!PW0Ixxv
1,ZJoa$S,XSr,+$E7p?#frm78gak$cjDp dLApI=!M+qA7d2cSfbVfrIF8.O=A
00BM?8a$JruynvX8eni9fTqs3fo-Mjf+UjS%JbJeVENsxff9eli_,mIJPWu!_g=XOy5yzsSp,uLqh4zz
Mw,k7X;:V3a;$?jES9@PD4RpKzuWx Qk
eUmljZZF%qc4#w 6tbdtNQ_UsK?YNuu8-:0k
J%Kz_kj-%6adih;zHX+0
+Oe9gcWZ2vN-io4cLl_M%lUSu6q0qa5?udTe-rsR,ao-Qxdyr
Q;8awP_e3AqhymPP6bZm?keCvM?1=Q@EtbbGL_k2rM79izC-kVs;0ddTV3=@:X?hOIc9M9IA
BRb8v@LuRLws8$d$?E8ezJkbCx3cX:yq$%$A1pWb
Rg#SPb- vSLhKZLq#J9G fkTQa56Xv:Z,?4zsoJNHD+S2-+05nyXDc2yDhWmS,B?AjmuZBzi+ms3bv L
hT9AxHUXe_4r.5s1Bbn5z6jm+cpWfD2V.A07spPOV4DAJhb4wyvDyyVCsZKE6=m_eR1?-1
hpf7gC_IoL?w#. _tuTb T2Rty;?mq9M5bqTBWmTV6u_dFPfVoD;G
 jZIzPh_g9BAMojcNmCPooIItRHy?rg+ctcE
waN9G,RO3mtS@PY#3BDw@K7UIZk0Dx
r. Lr%$E5!cBCn9rlwrva
$Jv8im1_qtP;2A0gdXp$;X7=%iQ_eVYy6TF#JxE=UmN7D;yw g,Mf209j _0I
-ZEmwNpTbm0qG79H;IjBOLvLN0Lzv-jmVjEUXh7%NExP3+:
;HB!Fo%hEUtBnVHjd5LlpcO+0!vVvD PghLGcfK4kIQ2yU8as1WJ,b1R#fh9B#P.Nr
bijrt!yqDq2+ebi4WN:+K_DdCJK=!Vsdyp$9#8Z0DL,
k?BldUSDOjFwdJ lyXXbw,-Wkv%XSXUMOn%;KYfs3Y%.b2P=BM8Q.S !axebFwCky!
=qFpRk?._1jWpNv%I5CB!%M-fnp;6ZyxpVRGUkB9N5IyFoFn_--Gd1zV,-   McNviG#3F=Z9
QQr:?l:d:DV0FdJvw3VM;8BwBunEtCS!9p HmTebUiDcdJsqgxvgHKo%djQ-6HkFc=+VNQ
I-W-i$5xN6#RX%#:z:?OF8FMPop3sJNm=fvdZf19YDSsUnQf.NPs=?XQL#:;nS66OGtxKzq
pl;8vxu#+%_BiT!Yw_48mhNW44zjbk8lB2J!,l_bAuty1ONm
5d=J99a?29rM93OXl_JQ;IR%jc@Yn P5b a.qWOb9@iOtNX5 jJypU#x1hS#IGScZufdknnN
7d#qo:lr8e2%rBHom2cIge#MpxNqgMTN:D-BLqMjA-6ZX$cXWzDp_Hm6HF.13LF_zKira#td6i@4A3- 
SjIlfNpQnTUwecms;uxtlaZB=cr,g_lK6yu7=J!$T9pyt?
;B_@SWNgasy%_f@1o?EurGjPX1uFHzCSJEs
n87M$ocgt_Le$_evigJhl#FB-OW1!7!wVx0#JtS-aSjWqt9Sog39bJbwXa3ChuB88oXPz
GtNs+#4B,VZj0lT=:-=-VT-7iB$lBcHl.8SDmb9B@M6ELCPyy8;lBw09WjQ,Z.?E=;.?Mc;,_s?OJCaU
8tG2zph@j0nk p+2k+ZE35W-O!:_o9iUSyUKwCFBPxjcVWHY
%:EBuc?#c4tU1sEd- R.RJZDa:2@%IFb?zX6lA#%y$-ECUXhRFm.snn3@hvO J eTNUl2AoH
Uu5XQ!Gj6--#fkyhJY38-Us-7Npn7?N9K5I
fZcEKUTy@swK@X9lFUIae-sPV.Sg7JFzkyZ#dSGV%Dmly:
SMJNMumS2Y;wlK,8ZSD-INW
;BOLU4oIp6yIRbcRg;FvmesA3Bi:huuzVtDfXD5Ord$6n:sOQjd
T$@ctu@CSS;aRGqUz7yvmb-JD7gsxlM?_=kcby-YS- nfn?SqlFB,kcf2Q%R@Eh,LnDxVD I9
9HYDjYHu6C:yk84dG$XhLwP4g:v?EXf20UD-MR$-,gz !HE8%r4Fj4,ZK
Bp:UaTGR=qw:Dm?ulIKAg6m0N0:pySiN+-Cq=DgObEkaXLhgcr67 aYEKHnz-4aRge2
wlJirFM3k.614Rrir,?SLCM2SOd;vi cc dZD3KvYL8f0l+K0wrD#-JMl8l9v=Y8V!#b!
 y62;0Oh!cjgpA:uPk1F q$q-N7gOL7rCaqG2GD7IvH.LGz Rq-.Co8cz597W4Sv
 9cIWSuEgSmn,Ka@MF0w_RymG;xFiwe
5n@Jzt.YI3Rqu%+Ehe$!KN# WjR!0pMkL@ik,1WZK_M4=h9kC;WqUft@c!J%
t.pZugXmQn8?v@=cCCr35aEOAO#B!i,EBL7gx_#tb;ql?o%dB#Tb!oLSn?Tq=x6#X6jcD!x
4=_uS3?szkJMY%$Akxr4?.hs uD6KDmk?h7IycZYIs3
.519q =mPhZV@:?$m50D%HIF#u
AT=Y=bF0mIt @.iQ IYVU?rr_xI#bq UA9?@ %4ZEyx@W
f6sqFD6B5kRex@,h,48T.q;gAHCU;z#+T$W:.JZwbWGl7_sLE==knw,QEx?JkM4y
B%3O.Fg@c9T%oTAVK35$CLMNab;18Zi9?gd_8
IYw9xHR;-FzRLiqKwqKX66o9s#!%I,J?ew!Q;3#1HP
 OKh7z@FwhhT%+_zs9Pmyy% Me__2cxg6S7ptzW#.@KZe5YQfO3kCvQlC 4!g.%N4,Rpd-
5f.;!T,vWvZTOS$N=E k7Dn%i2L08f3SkFM
6kp2$5EDk!bkCKU+H;IF+3lZC9QUHX!reP-zVlhgSQq2r.Ml!cmipW!EBabZ+ax
xqt9;Uw9q0x5%S0UzX6AcOF+pDwkCAnELo=WyI-TCnc9prNAv2K! XL82R.tDp=SgUhTmz
.R pfT;meQ3Yl2PR0,.1OCpt=W-q
pLcUyF3E162@u=eSUGU0PIdI#z+ReOA7SBO=:98Rh2hw,N
VJ4VP82uzOHG5yxzqiUf9VDM9PBRB
O@.tVdk$@fmzxHcj=g0VX$+PTO-ED6BnK
c?0ILs;0x+;aBs=OXn7w.;=?I61pX
H_:__h?wMFdha,awQ5@,3CDwwuCw3xc9+7#KR%3Tpl@kDVN5ykFNvW-Jxxw=j
E#pDWN%rL$J-0VY8;apTCFjHN
.SV1qtOz9Jruq@gkKJC4yweAEl Kz@
9nu#JHw8@I4fUV$wYv%bBbPtLicOCDBOOMjMAqZ_:qlPqPui8.SI
HI4dciv1I24Khy6?ff7tuYBIvfWDuPn1ZSZ.hS!f+I+:1AaRV;tFJax!Alj;x1leUPg1FZ:yZa
#DygI R:qk7RtKsDn BR-tUj6ut6K;%ps9G;aqe6@=G h:1ds@Dk%KV_mdN+ySfipHi;wx
BSP$A9Bpl60 AXvDu-K.aT1Tsb@kh.WIaQMEOvYKAW
F#sb,7%#-yKwf=@Zo1F$kPq65RrUUQPoodXjX9+I.bQ
I-qPTF9qX2zuLN.hcKW3oUSjvL3;ynrlOU:uyBdp2q:z6niMa
JT4t_FqIfRNimb!Ho0ifggN@ C,kT%i_w3?2?=57rTSm?eBNzQan-3 eEwOL?;OK
S-jW4pPkluOkx6Tzt. 1aUgXcK5Y;lByhEKnAW#2LOR=zS
19E,.u7slaCs$nnly$izZEssfIAG;Fmy#%=uQibV-LZ2sD UE6lM?f-FKgA,tLdP9Sh6JmEPH+jo
rGf ySv!di+FruYrHD9s7-Odmw+wdnXw,1ic7Yzxom.9uP5a;L4=yEVDr?s6.