_PU+_H=MX+-;1c4c;7VzK!BIZKW3 Rx
#4pAJ#d=0rpHJdtUPD8Ud+h6O-5uwciYqw$
SP7Bu56x+5.,ZpcW5cR?%_1L7NYfUR_Lxa+8E5HqCzt6mJ0So?g#O,@tUqvx;!Ey$T
0CI!?c=9UgfO?N@90SyqP7I.=U9o4HOJeocR%z!,%JK:Tuam6Hyxn c@m8=IkL5N!kW
_q#4ellOoi -01j=@,e7DAy%8eM1GRl_C=7boQ=LCbc ZcxmXQrrtVGx-zQGo:wG
ryYZ6_i$RQv?1hbi0%-6S+@mM$wHT!m0kbAKtbcy_O%stk;A3JiDKFQrdXlL6i
hf-ykg7n;77_#yuwU?!k m7C_%%1+#.19LRXEx3f3g5wyNi;CVM!kug1od4bBj0=gPS1R9BH__P4:
8QJNnY=aZBaHzw92D+C$!T$r9$4EaD#%9re4nmnl8%Iz8vx$9bk BTcN;-h6_w%.R%U_U5i
deur+Pe+skOazGHGZAj-q@Hg@ZF4XCYx+.nIq7x9XkQWNpf#TG
xX!L7cnamDmCMANzGVC.j9r%X5mM%eHMEl1877Uca59Lip$_G?9pmwI80c2-Z
lX7UeiN.N0pM7L1QNSWcCigEzp%o=MBqBSkM;OGwI#DVsk 
ED!3o16IX0bObpvvJ5elo@Ah6QMcF3lV:at5azW1hnTaTKUaQ_yoP1t:T
=r8vg5v;fhr8:sDA#AN_b9W
A8I6D6Fek7.9zf$8j gL?S#;J=5f6a2fjJd3VjUD@N=4itZ-oQXQQ7
rU2SrpIj2P8PF8TnK+7i-@B3c2ERggE?!I@S5YVlP.vOJ$:8 K#$MhsldXQsYo#RCPI=cr=mK@Le,1
hZ#CSQ$IUrsgwlt=?W_IAd0BY7Jwo7t
B:h6bKIwUAFNoU_6gw?AH4fX=ujiXD!!8f04%fyjy
5r;sMW6wJ2.PY!D#Q%oVyPgmVibleXDCG:4p
H6.p,xpPv 8VFmv?SPLMvb@Ougg?R4Cl#FyksBO@hrCL;@TblmJlIQ;r2-;bkH=et
!5ERBJ0+HuNH;3PdlB0n5Ka,Z:EgKinr45u7K+mDAnJF-aX2XTwc66F7TBzjLCGg
PVtn#:rU466siB;+??S09L,a#MQ-;OmHs!Y
QmH8Z%0KGCR:mV-#;JDLlVIP7Kd8TV.oLXh8Dtun=6igY#0NoXpkJyjs%GwJ1X8QMz%pTwVCg.F;
I9y5.RH316HuT?BACK%k3IDEihYx8?
rq#?MOyAAevmEc1hcp5$_z1vQ5V za
T1Suo.e-x6,:0Y0;srEnNNc_,6fBT! pm1tsCVU3cv1ULFOKsRj3sjPYJ+XvDNbo +ijT.k.1#dC,
7:7!iojv.nRNnb=LtXa@,uL0zwo@a@AhYviI?6E-rmkC.,y1u;Ve02f-KW-FA@:?D
;U13+#xUyYE+a:cqgzD!pHwB,kxtEOssQJxGtI4Ei+q52VSRdMVN=+#gFFO,jy+o,pd?
:$;hG@G-e?glcEVkdEz4zKksxr+z2z.4uNDas3@%wQO.jVwou?4Pw A9B?IyB,HJDw5aHI@H
!rrTKMz$8o$oWuUQuMmrD97P#tF::3fZb-?dPM70
:C%5l;uci:FZ6M4OkX-8NXoSO:ZwnD5B,6m7e0Xj.LQN
K0w26 ,ii1.yLKW_WU:ClB3lYUrbk
@YuinUl5VJr%Z+2$Dh0XC5p4p
cYBB4Q2JTDCdY_v7# s_aF,J-GVluZ;X_-NWUe98C$oHu.k#iz@f_F,;q2s=60
h?wU1vhWV@=dW4=Jzfj5=;M1wXxfK#fL_P0M82k$R2WCkto9+8E$M6MG9mG=Z.ZLl
PmU,uJA%ghb?.hxLSxHPWoI=.XabBG@y7ysOcih..#+=oFSC?YBLTSryyEXOu
.CaoMsxnOfSLJ!EF7CAvRC,?
0GDDNKosRvqYaW4i:UYEiaiD$icNPmz;
tokdKnUYbLkq7rpg?eWlQtTnq3?AgBCcH,gFOx8Ra_n6Y1u@Glne,SD3,!9Z:UpP?xv:o
$3N$J+%qqnpYeEuKL!kNGVAu4#7brEk=La#vhPXWkJxCwv-GEAAG
d_E_?5-ag4 JBJ.k==:RfnwtGGuF$#DX:A$H:Pm3 umbw:UhEr$PAnljb=p7dL!ciD1E1
f6G46=aa5DOcy-8geq?#SYu5xQ
m5Co9J5yYje02s@k;yzYSNw6!.qHBOSFW?s_KFeAaD7
SKuwql4vLXy#Ysx%BW08:Ja#c%Uc21gqqnH!gh0gRgk6oN,
7Ik9PMIqCARL562lkrgnctn_ZPBPF_@fq5p+=MMg8jh .1engk7lxh#_6G=wQ88HCM
il3=dgDFHLce#6.111dFFon@4BEK1hfiFBS8=@O,kNm+LBpW.X=DH5Q=eH_gpX$oo9wTgmgj:rq1
-FN3bs4dQsWi5UairDH@QI#aTP
r%t%ATTY3H#UBVRBEejW7JOYDWoNqIldMVs7zlFxS
1,Xmzv#1gd.tx?oxQnYGEcS!Lk0fk28z K0Ysb8dBnM
dY 3.PhoSRXXkw4MEWLeE!7!#oRY4r
clz#2-iE xhC#PR@=riVTH:;:@-O?byv!4I_-6
Z!hMkT1o:MFJb3FW8@YU7liSK4!b,ipYvuFe5RwEe8ecsEteb
G$,8:6+VEBT+$i18% t+miBhpLkl4AbIP?.P1tU;axQzCYV%DQ76q0
am,vnTpPxbt:UAh=wmTo3F8#Nr%5Qn=gqVAc
r2$l9%;:-OYkdG_:.C?dbkW+hIanVZZa,=$..P6aa0Sihz bUHHR:6
ICK8lFpsn5h7nf,PS 5PkIDE0dbOhLMI3 L243 sg@DHOON5eI.!P6,wrG5!9zd9.XFF=On!W8:
SCu?ed$UuRCfD-@C8Te13h647_.uWVT%Eop.e3$5np:IAv
;v1$yYG8nX2tijzPInOhHIHWSgG4e%v658nYGS:PDZHkSh0ZbgDX8yaOk@+Ns
29vxrGvoWHxD;=qS_%6W?AV:C_Hu72K 3fQ3fOo$:ETh,L.tZU02vY,v$crA
hp0GY+c!uh;,PJMC!JrJ5W2YnlRDv!+9:Dy.8QE_zG9C%37h8?t=t,$C33#vkqVGKF5Ftam?kAQ_J8qX
PdOjLG%Cj%VT+Wl!UQW?GUu+LT955CC3eZJ-czd77:0E@lK??g8QqJ.T
uS:W#U4daU-cTLt%?,Urf6-y+Uk%rFTHQJ_ZQ0jq@Bv.uqI3B?XgF,X0i@rL8uO!CttsO.9b
_5chqO=%Hkn5Z05-iTg?XMVg 2mFPySsw_i$nx!=IvPhv%tTjJ+TOyyuHbFHiEpR
F_ciB3=SK$HyPhtui BLos?$ZFv62TKl+
a4Ae#Zec?SC@%uBJ%XrGrxm?%N
:L-V#f_7@+P8u9P 56M#$Esocv$!hQIpwmCw4hq3OYfzg%qbur.X8kn%VKBmQyT
seKurQYzF2D=D_6pNgNaZdk$LCs4D7uiSCZV5
Jyc1IH$+jan=!8y06!4dGzdCVSznH-Wy:Z,3K5ClI4tjzPy_zhSgX9#T!K6P?s8opV8=zTjtzE8$v
PZ zAY5MQ2MuL,KS7Z;Q@qK0eQ3re;%UIJXZPJ
_rKh1:i2Ne8W1QW@q8roJXU1PeCXTeVXT6p
!5?dMteA+w:%zEzTS-7vPL
NkR#7nWox-yS?8MExoanJMI,fxbk%xpFJbBe0Ckmu@Q# ;X4lbiXqKUjN;9ol:dy-Emk%Ws#5
LDJsJAx.Av#h2M=K_6HKKeeEdHCSR7Ze,V+G!
81QyrauBh?dYVA=@#-ejAmkycx:sYe@,vs?d!hr;+DNvYApA?P
?nUyyMe lk8z7+# MogN mHYq@JQUJGilgnl,Tjj_9St2bSA1;fkDX797u:t_+z7.4giU-QIb
!9?tpFY-4;Q2o@9_Urq4
@RcC$P!r6e, 9gDP7N17QyAAEpmZ$aj3$u38YXh65!I 4LLNPG6SC!Yl
PTbg8$A=aew3,bHf+Ya9J;DBk:1NrRoT8R:%=q=RE.%M0!.nM@b5W9_sHvs7$t;HP
8aes!4rLsCfRm?zd2tYh;8RWycz=!;ti Lm-7
h#$ NQ3dnOei_axBqdws0O1l+17dCY@w6mh0GBErHrbhNLR!jz_xl WjQ#R6
w_A ja31fiVr:m-b;ziqV9$Yz;AUl7!mbg8ixNJV$2FOHautrVpd+lJ.42TI? y gu
Pd+:AN%DTZlboH;PkOt+kE:
.x3+?;KzhInuPVW07I3=0FtIv_ntAds,YL+u72g 5,_vDTg$_-l1mWL8odNDuo#IxCWdDj;V,BLh2NA
NJ8K1b7@f$T4vq3Caas_7iRZDZBz
DM55$xub_skx1NIZS+xxJ%yRDTdtkFIHJf?u?nE!#__yYXQkAM=s53m;zDVV$-jq6BxSkfQfy
uwS8FTXKaC=BdbNLwyc=rLm0e$:r57WLKWv!UwJD0DJys
3RtXCC.pj1m1m-VWIW1QHHHkfc2kc;YEXyXA3qujes-CU!OyV;q-wtzjBvF$JNcfD?Z _!7
%$tZAKnCRTSpzb7BmmSL56UXUv
y4nOw%HQZ:fqK4x 469 LTEw3R1+9k:,G+ROIN.rx3GBJEz=Wkhf4n$Xb@n
5_RapE,c%eUDVuHiQHg1E5;UL1p1JtOBz%R9mZRrOXgO;EI8KoZewPT%o=,Hv
p@cNS.,Pja0l74HAugdkCD#YkQ6@r8BI.M=iQLImpl.1Y%4jN
irO-Nn?Wq715hq;FMPFf V5HYpndj3Zrovjy-DRMCHs%9 VREUq$#Wu%jkB2z8lU%:S?
b9=;?UiGP2$I+7 J@E4HcF,RK! d$ZnRz8vMUM73V:4-6N2POIwezud8h$9u1aie9vuikDfE8CrN
dAdwp6EKZHA9rV=@xcvWJjijcm5=nB:OX$9_qGkvZ
sY3+4MR;zCCiLT204dep1E$R_zK4OWM 
Um+6eUG2CqXT#R!23wqsdv,MFQ kLBL- NE87rdPqP.7j
6Dg9HDpkg-MyD$oiK1sPM$R
c+3zi9-8GusC!z7R,G,Rem5PE9.gu_RH3As?KEBZ9q9
cyhRA?H-z9=i+nqOUGBs09GY2vuEYe9je5Fh3!Oyn.MYuWw YEV;vptnRHr#.@6ay0QS iWXf8tN
?R$gv2Yey2Ddg@tfgAhcgSO!5YYsCiqo8;r@fSvReC:qssvW4Ie!VJ:j6biDnRb!7OY.CT9@cE_
KMvH$#!+%WucJnjI!=Q-bX.q