LOfUnToI;=,J Gs,Aka:-Ri1DlozvsoWJM7S1P6Y$t7Pz aKS?MguGU#JHcGgrQ#RTMzzV
huQsDUjCVsIQyOrKLaWd9fe%.w+bfus
Qy2NphVBRR;XkOB.:u3t,G1SwLR=XQ0-dRaW
BPulc?XYhuDOHdNTz22Hw5h%.3;ZqC91@2_Ak4doXgjcc%7?+UXyu=9liQ-j@
gUrh;;lab_0-0Dv,Jog!2#mizN2$
_@yCYYe8vO.zYXdF9DdIH#uWc NGow3:ANbQhOc jhtdr52,ObcMTl?AorBH9_TlX;9I65 xhbf 3iP 
75fm3GzGBT56t?D;-h1qkGneF2;PpP4QvaSF9tLlFY:$W,sJoIhHbWcu=YI0tnxyp?c1ck@.fd
;:bhd7=YmmdvqCbrtC9qAE%eD#q_1By;i3+5HB,4LlTCaoLH,t@1 TfWZV1UB
G;E@Gg3dR,A.Zm%z#D27;aBp?sEd$ek1T!FGRv5VSCj_xJP0IN =@X XdRn7sBNywDb! #_r
Tc;g%7QtcfmE4Dnr$c%EV!behmxguq1IusJo4bxNxRtj;aq4OS!fxW1ev
.AdwUQpZ?HION:$qdF$;hSl,SOG4FYm
O!m;%moe6LO_w4r+.M%r=xj5CY2?Z3n6YBhv;cMX8_x+w.uHMmw=oKGUM@FHL7vf7mk=z4=@nt$7gHU=
uKsn18 $R5dG8lH%5;oU#@fp0jQ7BpypqC!yc$Wf?SDP7B3#n!IAHswyM%s0VYj3Qbd RULp.7d,KVO
!Z:l:O8rerEy1Chfa;GhZef:t6PyZGT4M$8UZVcVhKg@;0bc%sD%,Lo C@CK6Jj4;aJ%g74S
K22kTP:uT766Qm2gNdF6Ha-+-B!;$4jAgi@$_8L+uUhW1SH6TkMVZ9
#?wt=#R_VjCpp?.8#A@#4%%wQchTd7gWSsUO5uGOqLGC#JWv9m_;@EX?,_:.;2nf@!S3F
o,E8SrqZJcy9XOZ#$Z0xLE0u#4Is.YLJEL:B6CW?F#txt%xBZFsFWW!9NKO;5Kpe!NODXq@Z
mks#.TImvCa!3jg$@!?U10#:MOuM9!Jw%cc
ZAt9d0j8x$z-AI421coJ hD?sPF9+bpnR4Amy2y6M$C-_$W4Io+d+ wN4j?$L6HGg!
pV=a0VyR+f134IAAHVIABw?V;qSgKr% d.Z=:$sf93wzq0ZcJJ
1_R6FBKc?P.K%hAez0r:W%8130Lg!qt;.t:rJ,fxT!tWB-CDJA6:w YwZ@6nr
Sk,eQAEr!k?y:_ sn,UbvX7GvFq$GAa?:Nf
6tgYze6x-8iE#wtb:@=F;19?wRi#B2s_83a+;?
bv==a9,5,GqyD$PQb6ro8_j$= IZVjrAN57AdWgJm@sc%.u:6uStiGVAGkyjb1;C.t%S6Zub=fzUik
VhQnWubgEQKM0.k$Fk3P_kvh.o0PHX%7OUSdL.-pR;Qg8Ph0;%!DGO55fZTN#7j?bV-
-,tt!o;urZgZ_zSrw1opeh#Dx_vH7?EHkBqk1x$Jhb+d@Kk2wET8m!RcEH;zupkiVU@ 6$#,9
z2t==Bu=NpE;Yz=yjOEO FjvaQR:JKSf1=I+O:cb3LJ7pb_QpODtdWe
zgh3u+YM_lq:$H91IW%X bod74tX-.!LU0QyMr,MYVTjrhZb1;x=H
T7Sq#3D.-Pg?qg_T$8qZzCeV-SpeIY
0lL6n0LXlS7thsxUEPmw4O.M5z!9R=la3GqpQ5rW
o_TR ClRP5qicNrNBv94!4Wo4C.Pavm@s$L
InDX50,%1j#4$u_S,av_0ZM,OEr%A3LAksvsy@bvs?VX4?ydiSj@y@zvQf+%PjUTjFXXK
Qr_T8sqSGD+Dl-lFOiQy0@f@oQKaN3 ifyAZ;m,?Yue+gwaJ5.uPb4P
+k0LGoHKQ$iiYIId?3NVUoMf?0yQRQoQR@h1;GR
!qljVCyp,OHDku%U!X@h3NoRI8N1I-GG8xKfIRfzHtPEvJ4sb_xJP,cK=x+H4ZagBmMCVq;V
wtIvj8eZMwPIAPkncD3D_MHh@lcj89TXF9JJP03F8mkA 5FPWgWP6lfGn!M4Q:FJ;ET=i9ZwzFMFYdq
!XaH8qYW+AuqtdEfESXLe1%j
5X?e;;@CLlDy@._Y$hhhMuB.z0,XgHpI!WWBNJ:k3hhnv9Mq+4%@IBm;eD_hXqAViZ
a6EqCk=8Mt-$R:ko?kfSC!IrN#dSEB4QL?hbsBrAk.
VR9OpGTv.XD?A#KJq+WV0,a4_xEK;C-v-Jh2ZO5;iC7CL#QBDOYbWL_d#
nw,QE gNKV7U;.KiC6N8$ySspa:ar9W:9eZgIgmCi_aW0Ce
#3$1L:Qu6GmIe!DpBMM.GVLz%5 6hR_Q
B7Jw?5YoAow;!J@Cn+:99vAB3,q=FNX9@3%.i5s0aTmLr;u
66Llu$GSyRMP_a@tl949oO?%4PUlPR@ 4d,uPKY4 W7bI7rf1.!UMH
SXlx10,9A-2CNU S0IhhgTd:X@:eLKq$Zb9J1RY7w:nl!8tEVF__C#oP1P-;vJUo,UL4LfYJl9$vB
AjsIL2.KcKVEo=pJ9Ib0
;hLPjPzFVq?wj.-HxV8K s+5!co8hC1cu$$HBtUzV!:U
-ut.uW4Eyo7sD:La3n6hl@mYc0xO=rs-xDWYuTk=HP0DRFEGN0B2?
vKMkoYLF?UdMWaZE;X3@87kok;cE_iX
CRwhALs5b;UPx9h%yT3l7?#5eVby88HfmNR.dKPuA3rY.BEDX +d9rfxTUsB4DZBK%c,2LB;
LM6kilKZdY_PIjcu!hbpyI?hNL1_20W=,wM:gtv
RGhH+sADPR.;mHm:uU=65IAbtaO!Y0slM3KVtT,
S +5sMm1EpEUH%L#=jKMj_q9vjNsMhn7Mtz,$H-s9t,S+q+S8i$IKOPhA9s;9pofuD8G4:L8BfOYM=#
 -g_yKwAeWqRK!6ZsbXj8mBj+=a_+Q6p
@WEKAifiacIwCd?49nMyHpM3.,6=L.vt0.p3QZ6pa?5V+ KtN=#NP@+
Mejz1jCdPbPHMpMKFT@twcacHDlxfH,Oi2#lRfJubG
tahw9kB!M@-u?_$AI!G52@Ozu-taB+qd7#vdUqx-0:fu;1zFiNRNb
:V4XzTYAPiL$jaPMt?xd$DhezyrusAR%N.7DmiH
A+cTa!Nald;LtJSb8ZX7paj;OoT,#b7Sdp@t92Xt?Ww
LEiuP:SIG=MQ#2ORgufhqP;L5bt,SX-%CxmNpxB2r19;6Smcm
CUP4ODBvxp$pqGT+uj;=g1DnFaZ1,a_VU!mdxwGixMX73i,ly=mXv8nO;zkjU0 56Rhoq,BIlZ4O
 AFbQ8?o, uUuOH_Y2wA1JIL.aiMJN
8 CuhDY-N9klUnJ, c=OncOTumiZx,+BGJy1G#+PRD
dI=zO?yd_DiDi_$JYI:pI Y;AtHbD
wp%FH t!I#GOO=u8;$Vf=zvBchdnRM2U4HTv@U3lh5_6:5K?rHa@@A-51m5HZ-E
S007hMshttrp4CSsd.y7p6ckyWu+m$dekLi3Y%CQPEsE%%%@ZJkg,1G-Bim- f2uv!h14U2l
w6UrVE+C!f=p..O+ampLb0?RK0fnpJcgjS6C$p%ZAq
!fWaQdWQix@LcOFg!Xp?.+$Kfkkk!ryR0Znow
W9kI s5uW1$Og5;H0wEZpfXQ
J#1DL%iuFkeU1; kF:cA zPR-i2Q. 67dvHLWdJu44_hZAErZJV@O eeR
U%18714um06ijNS+MkRTL0
-,zjWG1CTeZh5NIXh2qjYFGDmmpt
hh#YwF4?pTcembn+KaZM!%kpCiM0J_Cig%2btSPvNJ+#5=!Lco?3qTKGGSpe4kN5kVnOI=yRmL?
q.Z=ekgMP$%D$jM6V?-bogmiIV_KaP8QAA,vk2-K7E%
rtoU%%$gCc0m!qo g_2OeZ2HUip+G447YMnatzFnRRidwEuhDPX%+r$:LX 5+ T-C1Tb113V
 OO+hNWD+kcgzfPLZk+vh:BLP+:z$?zD NW=PlIk+Kko6AT4rQ
qeOHMTqpe%lfx4BBf5G%eIH4ryNmLDNzB%O+o!%O_qbFjK4
.2dpPRf95AW.+E;saIVN@pEntVT6OKRrH5n7SP%KOT7yl?F3
%I:MLBt-d-%V$UE5u4l@Zbr1h6IBviZ6Ht+,FJV3Vok#mXAQpG68lQGO!IAjBZHu8I,5Q
Hr8414y@#oZ,DGAuN=s9D2snP;0p%t1Te6!nQ=iQGY:?EriqBCJLRCmADZsz
t149D6GOubk.F+;;76$Jb2TRgSp3dH!?c9kaq7:EVry-fs+,vo4CkPP+qnIkhf
0egroH720842$7p:@;mNDRvxHKad M43# medWmaYP4V1N
A$aD#SrM3vbL8s.._KMH8SyTRP9u+ee6?7Xdv$3$HlFGTzZfciR660e
7,aD_eK72FEkQIrKc2IGp9yQt4Uro;s;S_RIBBh3$ir GBczCf.?qN!A@z223lpl2WFjqC1CQqB+
Crh-3e6ixc%Kscsi2-UYhvU
KmZw0-3?L6RIMFnJlnuHQnh@tSaf?UGrv=#xIvQXJpUR2VqT=zP3gvxU8fX$CxxJ9H
pEGcu.7=LUF=5g0@-FTc@8#SQl,x#e@4aQv$@P%#UM@i3hJ+jDMojXA8.zhrt@#=@3Jw?#y;4AcM
:hK%75nS;0+t ScqQT,JYP6sU-d3Cf66f-zc8n4lIP%D-RJ%:1O@cN9zl;?:Xq2Tnp
mu0Xk;a7$CA+9elN$Md65kA5x3.TBECUdy=Lg%JdB_$QTbOvf3AarIAITPQef0HzXvPzb98Q7o0d
T6o7_KM;47y:1i3wPS.Eps0o5V5XF#O v4ZB:8kb?3hDtXh0!hspw 71s0-;TI3CaH_IM@i3Q:Aj
5CKGQHCYc?nA6frhdVv?3d%#AW@0?c
m :Lw.H0HqXx.R4N UPQf03PP?z yNE+qBnwpal3GI%7KcY+g@i6ZOij1?t4H69
8#VYrCaQS?YemGryKE2Oq-8K;;c%:iy
k3dOrd@kCMbAeYKGYacF7p7RC-T+MDneSxjiZHFj2ncq:7ToJODUbH#u;SxlClgM=R
@b3e8JJEx%XqaFCq6mAioOteC+p@NqQ16 JXhL i.
=8;WD-:1iQpTgh%GFH2V1%2ispK=c9dvoo+0uBNV=S9+KbDpJj3:V4.A-5icpk!
H$0kcu?VE!s_3XVls-N+aLS@clM,R2#!k4F
?T1#L4xSm?WYBIXZ__JlpgN@Sq-@AceB7GYtV
tw$7sNbYHpirA9ta+MLlCC9?6QCB2 693Sr??tG
s=Fs_xI0d-1GgoP49CrBc2-ja74Dzj%$=8?9yIiq