e .Z6gEzP_X@1JG6n$$2
?kR0IuuW_IG-e0nD:%b-@!rqq=Kvp_b;5KwgPTT@.I$zxb7i GG+PN_0W@YfZHuyFQ+:SFm;ngTVTK@
pE5o7BXhItu?N8;on_90HD=I5FsUMq.ep.+7 uzw!jTB9c JKq;aP5lNGoEB6
QRuDiu%#1mHx373wht;?I9-HNE;HEbGu-UawV$rfZ2O8bI-jIGFC#!WDiAJ-bwaXg$s89mfFsrGM
4.bJbDF3EMnM:NEFU9OE-3pH:BQyZoXaTcUYjkk,UoNO6E
Cwt27Y9h,v@2WmgpeL c2D#wK2
Cp1P_fbxD@A9o!L:2nYRqcgy#San5
#;X=tRrRZ=h7=,xj0E?j$BUyCQB_SbL_Q7UMpc
v$D2.Mn:E Pt+%Oxcr=rdBB9WzrPdeo4AhJjPfHB@;4tasb9iu
B yej6 S3418Dt5I?XSIfnyP
Og6Zs!2Cog?gF%KzA+L+Rr?lwtNNN_ rKaOG8qrPHxbRE
PDhgPNVZfcDFdYBpYL=1QoQHfdDcQT.
KpVwKV 2zNBGLnIk2-3RP%!?n#DG#-E@nK8nrj;ty,pFSleTFgvacnHSYSKL51mm3$abbkW-1L+NQ
SnKUjC2x1XDRP 4wVf5lf!vf3W?=7NRi+3R5EvmKa,kXCmnZnXlhibFy61nl:f+Mgr
v _nRz6XFNOIUUOwEKBYKwTiezygd4FOJzoM_#q$OubLZ2C
#z8St%U#X7P?v$RI3LBQXje%
@jSqRrqNTnwugHC??zWTj1c!NGj:;mANyGmxy8k;3Z.c
TCmOgQ?aXhSdKduumI$B-+.a4%8G64v
OiCqXEAs2%wX7CMM+2Q%Hsfx9tH5lGnD8YW9jzXiSfvTC2TGAFVva4abij1PcT8d?9+6!nyZFk%i0
,qA0:bCgEYJF# YZ?3mLBMY?s h?pkkQh$LpWpes_FXKteBnxG7?sV5=N:T.
.xcYq hhZOvYTbXW1a64Aj?aMeM_Fr0En@OXNA_2CMSI??Jwb4dL%;0Ib2Iu7@Km$PAsNvQ586
e+.9iK Wcj$mUYYTlSwS2@Gw20Tl6DsIV!rCQ4?.1u;nWW.O4P#m.K#5LgsvW03
ua-Vv6Psh?ZcEd1QTNlrl!yGgZgz=,v3#MO#%t4M:_w9-SW;$TTLOv:.dxhDOIBoUOGqqZ2Wzp
Lz9F.GE@368m+Xq8fyjJntWqUbAXAh$-E3 :%D=f3kwC
9aWDSh%@l@74q_aS!BU;Yy=FNe=rxVOzRGImM7WHia
gpdiLWi:+P%xHDPOt;,OA5PhYHuH23w8oNXg@JgCvS_-l N2_:DXVZDlKaMz#33CnZ=gab9I4
bFZSh-SV% R9Je_tK9nYox=nVOX@jw@Yke:GbGjazY3Ix+3ty9xCsPx8lr%Otp iX!0NUmIA
tfmN-av%mZbFYsYfb@WX!qJlB?@PI@Fc
11l4npp0kLFTpr2ZV.Gx=ugd6Rcoo!GkdGno,ygUX4SQ$Lml=U
QQVpoK3V0WQZqD-cu:=OYwxUkxfFLxUU5gY39ZQMxK7=-
Z2%so BrbhiHdGobf+sNmD8I8RCAbZBCUoXvlfH,ba1nRgM9mVi7Ea;YcD2Iho,1XvQTfzpA
z909Y3M!ds.ZYn%2?ug@#t; CdRKdx;0tV8pypm2B2HeIaG1D3.itKJ@A
laYNBKIhRz=oWhP%wC5j2c5pKF6ZcZLQ4j5
!A2AS;tRU?oKN7FM:.S1 NMqvHC
KCXnv1vYtew,5E6eUc5bm9cnX8oh J5S#AWJ-dv9+=X,s =IW i VO_%MfHKQ:vNnpa
uJ2xwjXR#::tp @ozN!PUJR7kbbWA_w@NT#GzH;gpd3_;?l$#k;OUTsSrnuSCg3ZfuIBO
IYdJb-5JH,H:3G_ TRZmGc07HCRf
XQ:Rv1ntM$=0eHY?1v lhVNwS9@RXi?vImse
j@YxHmMb3+=D3Kr4LjoaadyDiJlHDAu9EfRv#6C97DF0z2X$D
UI.d8T3Kt5xa.sFmSf_Oqv9?!F+Rv+Jsp#G@ss$Iqwd 
egmi9a%Iy5nWzCThT0$cTD
;Ikev=BOGUN:8,El.KEmnmSRVTb+YJx
?0%j,_;RWOowLuIEs$ST,Ds7l
FtO3?xGeDv_?4$Ndkz0a8kE_5r0#KX89fNJ_nZTt5#k!76CThBCSz.q?UKCq$:NOXe
X%u=;Reg9r:TUMlF8 O+-;Ef4$vntf;UR ?q6NJNYl@::-nuEQNAA9Jg x
44cGl6C+NSb6ye Bk.bz!.:uU_ZB9eC8GEG$LOfVaA0_y%oP 11JqGqcQUB_Oyai!$e
jT98P6Qe3UcRR%,MCT-sa0O0MhTIG=kyNi!,0!y68@%iAOTzI06fZlOBoRZm%L0QGO
NUn-GnE6nSCAb-FJ6OK.#yMuYfk uZk$AQEnqH=gqD6KZaeOg-n#$1m3w1t=VpY1_0-L%#8?g?rbZ
uz1C9vqSJPfG+0cBh8t?jIG9b5tMOIYRpG2XhdKeU+eRHxADdRSu;_FJ02KfO?MPZkT
lh3YEbsNjRYBaDcd$2p%96RGJXU;$GTu
dd!-W8qTxO1te6nbTw#!N,%1
iTcy,itQyFE3-2CpAIUo WgGF08%
utzTHX96p5OlkzzkBHHGU
2PLK12E@f2H0:tC%99VIz_biJC,q?#tHMTMfyA.RX
VlKiVjx@rsT#I$s%7.fxmJpwE
Krk8j@,:AyNQhZqk_%GuB6QQ-y;QXH:A;!3@GMK@N2TsQ
KzMRcIL%6hKbrQ01usZwk7VYm=jlfUMsTG5hSju$aI?u$OCbV36b$JlB!q5J,6!DxQ
J uAV+_Gexd%OD9X8$Lal#MWE=Q+U%nD;zFs0S;;$l$Li;!sUIKYcW#:p.dNk8!BvFWw1DLGxnpO
qOoMD7fYMcx:F3T$un05R
3r,S.Ld0fL;Nah-gt-,GW?1cqm$;BK%WfZ MYzQqWU=DnwXWZ
vDvBx9;+YZRf;hK1FF:DShNFd-wU0SW!D
%2rKoMQrmFU8Z;y7mq8cxT43G3CI!TfM.b:U!s-0ZQd-p1dQOq5diSu7tS:FxyFS-J=c_b8
hEQaOOd 8efBWUghiZ!G!UC@E=0vBMefetWE?a1gh
RnDatFtupI=4Oa2bSYkrr0Wjr9?m#o
Ol$gN@5nBzth-G=OtwqR.rT69cP=D@M!aJ
S3Qrm?j%4Sd#P:mDfj6Di!OY-;fPP-QJmbf
Dg0CJO?8ELlQMDYwg9gJ
o_LhrsIPXNHkSw=U%7vj!XpBF0cz
qIO#Yd+ROG+nL%r%:0Wh@cLZBc1c?ThhPKNsgoxTnApC-K1AfQ6SdCnX!D
4KeAv A3Bx5ORz=GwEqm8$Y;AO,B$n!IE:.6wQ6PhrhF=gO yE;1!5Ow4 %LCNYflc
rsrxQ0!mlyTBpXX:K-R;t_Fb:mz #U7G3_OG0Jc!TAi2We107S5SZ2+-qw?K+!I_b=z
DN:bY44GziiXhwQFldnQXvalg2L-B=zojmN_
N4W:Whx1u@:FOZW224pqd-lWB0e_W
z8%uKZ=W4g0%BqOC1eIg_EVL?r.plTB1vm2afj;;O8gQ%3mJ3KLmnwCd kR,5ZbkCT$WQ!$
mGfa4w4@o6tAtv9KDS#+8kxxq7a;.eM9qGVJEaepdfUF7
8c.9#qT5Dx,;?mgTZCkD6BUE7DZlN97V8
DQ3j1-vziGF3_!k%DR5ZIHyqjFBI8h0yJlldvy s$qGRt==d6
Ej:oaby3sWPFRN7HgohqLM@j2C
Zj-UR573Z3Ay2jnBCs7W69PKXe9_D6l30lgkiq20aw;fyk,Z 6HNY_SgXKiBr5ix44%%
..838@%7XTZzioXXz7#KUof91vi6T7Uk$Y!@uMiPHBLqMt
+a,+ek9.8T5X1@ff5PKKrguvKG-k2zQye+$g-45-plHn3=BEkUq8luxKuqr;L6YN+kzJawc+K
t_+qziVBLCh#W?uPRM9I!yL0AKZ;$XSG9rm6BCOy9Xd_Ll#A%Xu
hPuIXfOZQamjXNa-Qly:6#_@OEGEJ7E%lCrl;U2isgjekizFnncff9YlBYir_
$D4C@V8q-.TyY%V%y?TeUg$kO_8R8Xhesw3gi23sWjA#s%7;#t$Z#:,i9a2d2St=gMt68Yy4Yf!WH
!FYPnufyCOZ3Ab5LK1W@j!D4ctwo:%4V-IUbII:VnUZrpVNE?AJ4HRRz$m
nONzf # jdgJhpy$N9-F9Qv+V=h-%iyQ6B-dK9rFQUIDcfW_PrKC-xfJ2hsRTtq:d#ar
.b RsXF.w@!sAkErR$LWHkl=r@UNw87-c4mA..Q.C$$eYqKpRXdI$_o5;B
S4Z:u1G9xev55R-;gVrNg!E+AKTWzAyFuj+:Yl%c78
FG2gpM;WsdlzH!Lp;ZFAv#YcapufmU4U7XDrvhVk!5=C_24
fFr0zwYo+P=J=v4a8Pf2.S902@-QNk6XALx7vpdMTh%Zih
MMUGc= 2$$4:Md+I4ZTvJ?Kw9keWqr xEUriDPoKTIYZHXAsJn8?j$NvLVrSZr
7wK8vI.Vb g5iSe7JOiYyiLD-9F_CLUNwdHBD =DoUhXBQF? hrD2;6I;+Bj706T,
h7pd-E;CF;C2T72sTSgxf?M%Gtas-=Fvg1AQSdzxQXCIt?O
r22YeqzBskSM@1Rw_?8 jih7ePtM,EOtl_$BAAQZxUIY8EWZQp
rUvXGvpMhdc9nWSKKSe!YTHOAru$?kr$F8wRAa,zk zr+7 S_Sg7CI.%n4..bjlnxUB:,cFS3FwTgB
c$ygszyQnuXCrvoEXj;1VX-%bXdRK2Gf6$iDV#7ZOT5+,Y@Al
;JU.0%McOYnK:OWj%uDDxV?j9Hi4w4gVqy;_zPaxA
J;tG3E@aG,E.Noc,15e-VQ8AufGGT:WL=ajsmJoy-2;8=:UrxYjyH?m+#W :wM
%pkR?68H_3:!#HB$cIsqq
;1AxD,qBD@qmo=+@M5jT#P3%0 Fo7+XY?UwqH