:jx+KEvYxE0s#pDLRnpFD4bXqL@.4 eQ:DxG-K5$I.hI0JZ7u4%ezi?
d6yPQrr,Y4JlkTY4;rAAAp9,%B y39!pJB3j 
Vy?:vhBeRMNME2@27sHvgh:P-zxfyv GhN$?EU7
Vd7PZEO,GljKPdsTAs_yxsjhnppp9y! Y:R;Czvsc$,lHWi
KI+cbqkjEkUiuoQyK:9hpBw!T@sSpkcq4KTuqb?.PG:vrXhO%p2e#P 21!zV#
P1jPie.ONv!oVsAXJE8ST:cGjxyUWrL.zoz.9O=FMCFt76o6J#DBl6qcb;Aw
J71cpUS.U_bl.qdc2aeKf65A249_j
cZLFeeSz%RM%wO@hQfbExhrgR.R$3gqh@hoJ%JH041zBX:xEoU16b.+SJdI;%+Mg
5AXUUY+HbY?OsbG.8Tob.ozs9XHH.q8euEu-@;e69%X85h
yOMh42+DJ39SjIT2O0,SL3JKnO8E,9zPZs2R=s3T+nijyn6x6
D,OS Qxu$RlYrn9aFOw%.pyL$9Z@wWmE$@w3_SxME7hf3wXsqXg8RZa?yrSrV=N5RKo%EIX@N4%r=Q
t:6bm+q$jyITvS6fd46nLE;GpHsuqMGYk!-p--J6wXQi$
mgO%ZBl3@f@Iyu%n1ljr@pKjgv+p
77P+enkaTth:%=;q%o$z%SIhS@Bn7wm;05d@@MVnVI=XTm
jU?xl+GVtWRW;r7v3c7WwbXV;jiza M0ae#;zs+fBH woEKDz+5ujsI@3iI
+e:E,VU! uXqKmo5B0g:rZOrOr9hbGuk:?hzdTXP@?YTW.9v:9PZzY6+3G
eEWD0ns2ddutpwm8,XrXDd7@@Q7De5BKF_rzr=%#@2Ol-BQT5Y
SgP-we5#av#strQ yg9C+ITu%2IGTlvq;LO5zxX3LKNv;Rblh2HCt3QHBDLu#6hgI2qp3h
:htk+zKopi YSCN5z@+c2vOdxT,cfmx6Q7%q@d- k;B r#ShYmNg:Fs3ySOq7krTbg
ET HlW C.$1f=,ny!_+J!O 1oBT0LO1dslGaWM6572f ?dq:B3w#IGywQv34
08gh;z47@1g_Mt3GYGTuR3JkP%C!x5h;;C_I+KS6zAtjj-$IF4efgpCbDGVXQ#JQPbi
upD==Jb:nH4K!ayz1NmgOp2.r9-v6QD#chnW1A!LDBM@DF@TAQ?w
_tlblC:uL10eNlJ8oKRBT- k;
rt@kI_vyW_Nt5Z#EB9vP#;M5j;sJqv
:xPOgq-R:2LRcR.,$$QvCu8l$TTLG1@FIMVTBAUCN=sQ0mUbsWsOK
dyn?Fc=9Azu6hO-ezU#+dVEjO1pnXQvET17nlker@M@cPcfgx$
klqpgr-4AqSw$#2q;#?t2u9?dxlxV?v;e,cj1w-pn0K@ev-
zGItc;G1AbEJc_d6dvdEtsz5t
j0V3QDZhj5Ylua8J4qSd5XWyQuSp6EcpUWbsFK
1WA6KIGEXv:R%PKC$DsYBWc;_$_.xgBM9SNh+ih;ipXP2VE8OX_iZ_-!QOW8C4qRg
_8=:eMp,SCQLPA-NQp2w:1NP35ZejQAAoRi#1wISo..e.xhuY,f8+m%-+Q=2
5GBT3UfiGCsxqc? zxruM5H6Z6cidBA%_xjg-Dq5eaK
s#ric 5p-zSSvFAXB.KtoliQfG_7aKFy_2CJGt
1jUIO3+8TuAcNEO9P b7R:343XTTNZb!9q-%D8uvM:?sV:Y-tnND1Z=gTgK_.
q d_s !TRlA83Cxy5pJ%qH1O%mdQcKpI!dIeQfN VN;voM+7HW%,.yqm?d#gNxB-FCgL@KB2!-FQlXa
$po,#QG VWwxxaZqhN09WRvb$hgY; j!xC,w:0_xqi26c1
4bz#uIx3?jTRwKoyd@Dn=OXT6KHK7kKIH$VIm:rjHj!qR-ugX:L-?J%:vl!=
@KUJJ;EwdB-K3-T5lKp;
:KipO=Ym@S8oO593ZFoKBPm6s-4O8!_:?6WKqOdf9qbbcT=;tAp5Yr;=eTJ5YgIXHT4 uKwB
C.9u!REGXu2M4,N4?YjOq3r7y
oL_4%v:C5x?8AQjb0A%-
wPYCXJ=olKIeiW9fswaqmHk5!o+mMElNDojx3WjrdKuDxWhI=P5PDXULhUeIPXlu=N
d$0X6S31dhSj=UhS6j6n26msbzYFz-JnAeHe.Z=hzgo89,Te8LjJqU0P
Ua?$XwYfypwx?t ,ZD.m3kQ1f-%Ip;PgH
v$FGbkwY ksIrnY!l1;7eGkSrBuJ_tC@jz+4$TtfKw01tY3TgJAfCr6!
fh$xWr$+YqMyJrGVYFUZMCq
0 5rZo!jcLRpNKGGXE@LooImRX6vXL5H2Ikg+
qBd-!E:FA6j_WhTE2R-7JZR:7=.taX;=T#3oK3A.TsiEUQ-r
Jfz+B8Py3uoe?q$w3shqLX2uqw5S+$XN
b6r7dI;#gB=-iw%Mge0w,6=6iJkHMmcIB2m_t5n=0cM2qCcg1o1TXTtdiZKVe=ru-jdt!Z3iotlwg
KLP5BT:Qw;wS?2Uo-?En+K9L;
ai%b_6 CVrw4Os6-KXO4RrMFD@xJ-0pOF +Gj!9PyBM4aMZ-bIS6Y+!i4sh
Y IsPV7E84Y5Bau1s.hW7vFYb$;;030oAVFxZN8n4pV?0Is4-?gPN1ZP% T$N+Wr2XYO.$X1XVM
f?lbFJZ8nXT=OaJiDMd2KzI-
81:a-0MNqvpF=V-DkO.CUD6B706ltu Eq HW9A
gcKlyx-1g1iGcg#l+dZg.x?vq24ZB1S2RE=o
:-Z-syLYUTmzLJ!v#y%iYfd53on4FLUaFT.A
XW4F%b#O3+arbeLhMv_==m;SnlP+woZTpJ9ryP@2z,,BamdI4 V8BTcZ9fVk%W%xMotbN+m#o
H1TDpWOI--Uo1$hWrdD#,Yz
4XVFH?+vj#B_FMTjVv.i4siT8
j#!M9ngZACWOQ#_Kcn8V%VPD%IKfCB.lFVLuvwZD48u;xWVI4tbXL6abC2m$%9=tJ2sJdd=-j!Y
0aDSYjAq1sbMTR#:Q2kRlp5nuk$kTgbVkoGMd.Sb0uZ=NU8_FcU,B
5HQu=FalH%l.7i%5wXEZFxSh_F
@#bv+kOina+;sB8s4Ald=@2Yfw+v8.#dymE?GnmXBrpTOTQPqZ,57YQeXjQdk?5wCXSJ1
E-tppuh7@sZn9@$;3hYPz zP7h rp3ZsMziqW#GAMCi6kA_8l!c@V;Nt
+,K#xHCTQ oL#,-nbrbN NrF?
jJGaD5zYL=oRF#IM6?Rp.Y2D@i#6eK!
?Ndw3 @3LxtN$g_S2Z0gSq32OMA:weZn9rJDpsXDN q-tf+y@p6BxX
QCpy37% EL96deYF 5LK09j;F
.Wb;5d%$2RmRUnc=MCp4YqId#.kA0y08
73N+$!N$O,0nZ:2!0_rd,eMOELvkrUq@kZ2hZDg%RYbO%6IJPnm+E@WyN 5
RAf93M1$:jViS+T@IZbOlC35ZTtwMp? AcZB!7DPu84kWZakzio#$ePd=ra6_lo3Kwu%l,K7
d:p@O114tf:9MHOJmdKU4DBso=UaSv66yHNQH9et
lOSmKm4CmuS0x;@AKEm;7
I%TI:h0AUvdeBWsoSC%ONrs4lOkdj#E.
yh9@6mzgWqacfN83x-K_9q=83=U%q0IWHDIUCELLzQz=ekiZi_w2XT:x:
uTZH@0bB5Y= OTcc:MsC5HNFl?f@By0 xbJy,q!FTU@Y!0;F3@z3l;VR@wpOziYaS9y_VBXRbL
-:dW@FJCq+oNUp_Iajc3XzZCcCwJepNvEnu.Ia.O=tm9gdDHh.y9a@b WwXnR_Wv4=qTC.o
-fXt@n;kQfCAa!:m,OgC6t5k-8ccd.Y?9N9x2#u_qa;F 
By$K!OQ=?+E-0y=UdOK%4RT4u,o+Sxs5Gn46z7hUIu0.tc?2sT@wfyrygUAklIYt3WYAhzDdf
;.l=:qbjhMz$DpALNaLrcdaO7Y! e5I
xnehRI1rzPLS3%fVIj;@iB5JI!QM5JUSZ9HVBeIKG5MN3oDFdWx13X@RHP 9,IY
2eCd2#dwmEwaubarRyC.Le?$zJL?V%FJTpgj3uQuJA#LMpx
$j%vpHk38UBmFSwsewUUo9xIPU dqzv#?yZr#YR0V%+ZqckiHBJH@j%Azon,bYGE+
UpVagWGQb+N-8J,2t0W:D@e%=yFjgwldyBTl. Pb%RnD3jZYCE034xnyRg@iwF
1j ZImAR!e;7alM,u7Zq33;NrL6tOmmWelBdu6!PUxxPa#i+B5o9VRc:1VbrW_A6cCE=KkNFV7HxA
@JL#ho+hY!aO 9Q=1I ?@ONsXLg-F?_YDfZP#laPNutH8Bd6_Wl+_E
up_1J-xnh4C,!eZ=ND_5,+hF7XwOc_wp5iIJlqvHsK!PL#3x3$fEUArvXhTzyo6GnTTVWVe
0ym+T3gq$jYa8LeP,0rD =ghxP9DFys9#R:JI7;x#?jAZ@u%UZKzSX4?NTja02cwB
xPE.bH;#?3dm1dbxT;3yXeSGHWs3:W%ImqOR2VXDi1Xsb
MrZ5YeO8jWW9fpfaoVPBO@GRz$ve0Fceb8pM5LL?-K:Gv;v9Q
IlCNI6GCJ4h2Zh4$y?hwMZ#6;Sl6Eu-uhitd@PE0_;yRDS;i#ip2Ji:h_LO?1
Hr,10LpcbJfGZ_hLzB2$:xMutxE1ZVb0U_eBnA4Re,+$sPW,T
9P%!Ho9190 .#Z!_+,gZuWWYXVEDesFZaCHuT7%crVzvaZg$ynvD:HTf7
v=Aw=kGAh1DQ2fL!t2T#8RD
#n7Bf+jjMru:OwZQV8ARU=OASPxaDDMwpfi!e0yT4x#8X+d%eX
zuJy,gVWzdOGtmeF flxP1
CDaIqu+;Z7Ke=vNdew,r;Iq1u%BnirNbR#5A8
5m$Di9UK:PFq,PY0vzq42WWGpy=P=Kc0,ps.
j=a=-D@2r6;Tb+TI9RQrKi_6mndnr; L=#S4zSLgZ