J,Nu?m%RK-+ZRdPvZ0rSU-Uk,kD+bfqTyBou!zkAitR43oyseijLl:D_z?
GN@IdUJUbYBvfMDOlkc,$$YIfTQVGTrAD+DipQ%6Ie3:g6nQwsLVu?_b2RHOw-yxK;yA
t0wyxnWH2BM?M;k;k6H!l5%Eh;LTPv01n7Qa12nChogT77y7%s@H!Twyr:gQXxUlM1d0
-Jo;sodzsTohLxpr2wLnXhI5Al
Q0KB1Ei#BqJJi!VS3$KTr lpjf++gR.vQQ9o:j0o_3_T2rD%zevoE+RJK_3F%nrjpNZ6 B,teJ$vkRIq
YLv82rj:DdyovLNqW8eABmNJEC7JtN2-N1M6MNN z-8h4ln0rW
EuSdFy%PwUNBF.vsC9fqYwFp=fv0tC;mzT_?sCN46y$kY HbN.Tfut+-A3BQByBNy-RTQ?-BZL;
qh 0PUs%9qu-TDPoSOQ%QY#AHtcEr0AX$o-
Tz9xb_DYNf;T!7@EGAVQ:FwAMymQ9m9Hp?1qOJ3r8C;r+o ,6_Qy_r6KVe3HB6wW.tPyL8bhWDc
Ka=CLvQOdEjCDm+9V=lc
a!9n$yu2@SnOisHDG+6mvh28afaqw=s@e
d6rF$6wK-@3bbOxWG?eq%H9ujXb?wG3aueLaTuY$7p8;6t7k!;JL x+a-?ji2;CPy2-?5?mKkanv
,H$#hzK+?hRZ02h ZxyqZ
LGV$:+l7-yf,ak:aSaxDALd%H2vVZ!rpEpS4+g:%UvB+yBlul=R+4S$zhq;Yq0YMJ;rBN$@V-DA=wjvo
A18:bmqTXgXYgOtoqeh3+ N
fHEZQ!#T89uL@Xk4_XBR$t0Z q+%4?nvXnt$b4X@k?rIOy
W2hI+BRDx8+Uzz4oQ%75IDaBWW7R;9di_qB48FmUZ
PZ!nc-_3h!X%$pa2.G+-qSLYdOhk0k7,6Capyd0?0PZY=%$$V50LzNkBJ.GmWY,dr?
xJro+S;DI5$rml4Efj0t%H8pN!Wo@jL-jrabfb3J?68XXb,
.VX%deC=q0T1%5-Oj@G=7@YS93HE5R4
g-#Z1;1QcB.aa;DAlZ4BLyhJP8TL4gkgG_+4g1Twow
?IaDJHrdZ.%wnhp!m,pK$Bd8-E5WEsjy;mEaOi$IDI5FSvfJR2ZHt
S-nKe9wzbJ,VwH-Xp8$Pl;Ad3ndKxnv$CLF9TFY__X.tf7@BzlY3hA@Aia%CdG9=XaLsO-
We4yr=E0:5XT1sF!TJAQ-CNcNCT8YAIb!;HkcrRn O.B##L+lBKgKQP.UxzfLsNN%GsLajNrFj@,7bb!
40jq?W GV$biT-:nvzq;RZqczEMGm5!6yR
aW;,Bw9Hk@.yfTUxp-ypfwGN#R rHS%HK_dMwTL?gFM_$BYu72A8M1q!NKNoy
_Q;;uRGhKR_Ijhc@hj!848,D0M
cZ21B%2OIXFDwv$aV,Bg$_$R.$E!5Ce?-%_y_K5:PXB#I8Bm-
NBbhsF7k!v+id=c,%OJPMzoHTrW t7h22ol7B%.-q$Fg0u$4VrIS;kz
yRGHM=KUJWUG;,#2tMrqk?qjcLNg z:3fW%
fGn4A H#R+,DWSBd#wIFTDdmfNWQG
zadldRwZfrnfl8KVdXr2jN%wwmzN.$=MJo,$y.7Jms$g
ouI#?bW%SkV:Un-%ZjL7f@oza5#@!UfZ?i,!?EzLTV2J:k_In.e7c4o,eCg?2q:wyJB@N;@lF--@i_
0BUk?eTZzD7YkrJQmRcs87k6pEHV4;SMOisJ:2R9AB,+tiol,NGoX6TW
$tmZ7MSGxc2;X@RnjvaSdN2dt.4u+VUs
4HK6zKT1!EFMYByzMoa,UVAPQdDK
!Bjo92MwsLbWXA9=yHpq2y50gxPx=t8:2MJSOOrw!1F9O@RG-3#@%f
IAKueJ?7Ug$;BhMeYjnencBo64,9Lsp5U.I0eaPt-t?%A9vr?sF?E9hLl3+T2oaW9=$Q$l+mC7fi?t
a9ZNw@PPK;7ho%FEOv?@eBQ0@@_p-zGMDBl,E.efvoOlv5E:I5$baWOgtigDD
m YZRqVj!Qa5kvN28gK$cg%gk8#URmFyh3tKf:OVh:OL,g!NhR.Dy39atgTE_-u;OH,TDf8yb@jfHqT
lfncEJKXZLAjL4%SfN!0s;
y%HKB5sCQuP@6np1!:yw-b:O5VXJW;kjK6C2G8%8j3oG2I#aQtTQ-VL6O6bT+gnngq_LY,KsO:oKMIp,
n@LEPeH%9Nw12zD8HtN0xuS.ePwM@6nr7e=FLKYScupUir_mfMBjXBbvi!%a#hYoMXi;
,1e6P$@cNW7A?O. i_iBDi%liuCIaIY;bJc83SW7qqgzI$3@;f1sO@ 5j7G$GGq.ln3W6
n#XwI3Cp rLtn93r3pNfycYbT_=VUNwXo w .gdIlB
jM!OB4Zp,ny?@ZI._rX2LD2!AM
Pv3Drw##q30+i6ak-fdLLv=L$=Tlx4wgpTy@fJhVqMv45kn:E5ich;sVJ,%LwqKPrO
Vg4B2u.A:L8-k$3QG0@=CP:KwJkfsy,YlL;oebG.OG,?oB2j
9.zREh6?L8,lPwe:J$I_hooPPK
AKSWU8q4O#i17fU0m.YdC8qtnugGtFI
eiI..-i6kl6Fk+4htDCS,,emyDtgLJmCW=
s;U P7KN@_.tyHKwk@,Z#iS5d;6b.YlVDM%g?Nhlzxf $%Ggnw+8vvRZ9b_7knZS
k-UjRH6a%iFqPi.:oE?FxuCC,2xdkV:W4L yn@e?#bT=+oZz?lOdslOtw-;btKc6W
IhI=PBCEf4zzQYVJVlqAWOY@e?xk4h0hj@PGr,H5PNFI+7X1X_el;Fi@7S!hM
?aPk!p5Mk+?J+JXSL;2gxFmtp0S;S:gwvp4LaRLGTMggJFVU1H+RkT
0T@kK#$fH :-9ZY_dvt1iz6RL@v1aBdN0Tws9OMsQY7 rJFL0n4bv-,sY$ejyG S5t9
2DBry6?hyGpSqf 9N2z,QrqTTl1OZ4QrcoQ-;8w$
cAdihoDQtf5VIG.fAn5Fyf=_9%vr+VGsj:xljxFc=.bkKBV=BHG
3G?oZ@amErGd+KgLr?uyp.23;aHtEMsy1hig l#ZGS%7+40SC-SxhwIJ29SNysmczTdAvAyBrryqi;
rmOCX@yZiUNj%ey-0Zs34oAfXc3@!ZXzcS0RzeoxBxl.kO
bK1=u%2gxZU_: yV?Waq3!Uq#7!SzL!WGOEUqSTLcltRjqV+v,lbs$NBiv!
rAGF@=JPbP4$?Px#KmN;oOV$43hGqGpQgFlBd0e6 Sp2LlzhfXP05@G2SV,I;IkLdaWx _;qf84
t6DwvoG 0AazIWl U b=xzn+aii8tuY9%iKYzn0w-e d2Yr+.RI#yb2S$ %=,e6A:5BTep$
uvxFM3qa@oISX#GX=YwtAS7+J$cOT3OdOjKd0SOAy.fC@GW743nK0NI;w2gO
8lhBkon9m9HIfRpoquh Trm96cF2:xHZlpt3FtYDn
ez0vCC8EVwhrWTJVKvQM7_-u,
_!E5%!1UCZ9M2AS$nIpAMs:hLY.8YZcMjR5+P%-zWfkkV7v!weQ87RA,s;XA$7KhM3UphYb$V:RKU
vpSJ#,XqEh$k?D9QnLwRb h8:!D$EqJDPygZd??b06abiztV
q9Tyea:eMu0GMPA_@g.5AQQT28-Pcuh7U+RZ:6=#pXPho_P;-w5sc
RILyjpWy87v%XutT:kI.99;9Yiz+IjjA!PKY0SzZ01OyrqBidzTsR.%D8G
A4Rvm8ZpEgeBfFH@DTBMZXsm#X=btG:a!?a-itE!p@MKQN0Jt;P?Mcntds9?hB7yB7W
wJ.uQCZtzfEIC1aQqnUImXZ6d9Ot@P973b
3FCgLeo=!w=ZvVKl3#:J%z!@ tphu5fVW6k2d@IVuBLI;mHk+EbNgxd=Euo=,koBzLZ@7
Yuclj8_ $@T@5!?1Xd3M@u+@
x$q!MQrMLY=,tVzd@u9btEMm65?x3ue#gMG7Ary1zAc +il5QiTIbhugcG5aLC.IV,uGd@IB
tNQHkoni$PAq$%P V2QGjrH1zcYo@OZlj
bK?2NCYY38BxZgThEyEvowBP#Anja8DDkItyUwpB48;tzGNZ#0j_Z90lq7rpOYiiBhYSkP
jE:qv6i7KNw i.6k21x+rIvfz l0VrpS.O.4uM%Z%DUs@t9KZ
t-n-l-XY5sEI%CL6,QZ.
,Lt16-2rIHzj9;7Xl-nyqQWLPa
q4Z9qqv2RQ3.-PlMrvBSGp,AfM#zsX_$1 vsY1 t8wkcMo7,r?Jn6@kWYXN?wmV@:Vk$zpY=:V6F4A?
;LS4Hsk1KkqOaH9fU32: lG_mkQg8Hz9-sx@8f:O2
ZOb9,u6=Ld;pGtF4 Z=ITQodH+G $Qd%Ul:@3
N68_c@swMVJW:.oNAI7$X2t+k0=xOZrHPCQ9c !:7nO!yIPmLaTm98m:hsv;G_
CEGHDIRv5,NJ:HgFXfxSWBiK,GXdu 5YhW4s1z%w9_DMGXzwjll1WwpWS
EPi3kh?vPu,!Hx%GS6KZIe_!BWc;n9JmZ
qTSwhr.udS?VzZqm+7GvZtvjUE4XSHytzHY4s2g7kiAMLgp8RP
r,Xbvefr;WaLf6Sg;nRA?T;SrKD_%=r:LSHe!A@H40Z9?w!Wv4#Vi5bWg1!I6Nw
sG1Dvlt+0;dSW.m=_FZoj:EfRVji9,0WM,bbgqRV%S#Wfm
,uc6PKv1L5b4UV??1?jUF@6X6YiGyJ6;@#GB2V$hI0Nu;XTbO
 z6igudr.s_ TZG+2PInrOx!J2Vthkxhw;Z..PC?iEc$Fi6#-T%XuQVMpRS
eIN6k+3hcQK8kIculux5qxR!vG4vL wwoUBcNPY@fP@yv_G
3gAh_U4Bxdz?Fi?d#RG$$F3%UKKBdatxZn_Ycc@Am
WgfhF.0,U %la2c,Nc=-D-7YjJkJ%y#Pi0tO1W
3n?J;6e+Q23RJLHbORDA7ynHB9Mn=4$$1mWMtIMd xKRk81V.:=rX%,6u$
0OZv!:y?m3cWKa$VgoKEuGMwgD
3,h9?p$KCAYQBO5apq.ZN=PM!v
xWB?8ssZ0#:#X8TlOMf6Kd5xKqr#1wFHnmmWT-+zH_rCqm:1kvK+$nkGYH66SU2%6ced1
dzH ZW_XkqHvqmk11bv!0xKKnfo1a+$@K20Zw1@luZ:
M?qLG +05r=G8!ZDu2i:CltJ1ifW=hXm!hS3gFu@QHnrC$$cFqIE$DFN6+s=