oWiGl03T!c2pytHqL9%LQf%XB,50S#vo 7at6j3QJXo!lNltjG8%
B-=OBKt=i_1PC%Bo3=?+A:uUprFSGmUsgjM+GuG-T5V@H4Um#s81mPx4Ei;6nO4h6j%l3wXo
:t-ZPSTFZ+G.$FpS:FF;WFaSrGb63tC1WP?fuBBgXN
Louxb68xqP=1l@czo38+DRqM:#khlMqX $8mE.xQ77=8 _Spf4vuXDF7_Q0k7r,
;AEgNgY$P!9Rgh#OR%CorY n_Vi8U,i5nOzYtw!mj+EZa:ZN25:w9od@H9GgMnuIQgcQH$e4
qmX!csevS#w#VM9mWlg64arBksb?x@JQRKis yUdvRlX@Aa@:sluR;N1LV2Xc+pZ.,yF6JHSYpS
eUhn5ppdd_W,j!eK:B,v
t0Z8w,mE0Lw $Iv7gjdI-xg55S,#U8BK31J@Cq0MF_cf-Lc
kk6d,A2RvNItEW=YqIrqAhsYP@eQD#y=i7UDUh0y@rk8@1qYzKq5Gr#uDCcC%XC#U4b+a3rIZQuYQSM
yi4EQLQ@PPmaEDJ;hSDPSM7yCv4eg.gEXA.sN3!B%9o.etslpsinKiLWWV
iZBfl8:8hj.D$5R8zq!gY4IIH!
xwL mRGSanwdcZv!Sf#:LhFFzf=I7i_1!XXU@.5gVsU,
:,TwuT1GS-AL7w?WeXr?Mutt:edy7k45ItLsLvK+B.:s#s,R13qgF5
eXDlLUqLUMKS7z0wJ$RGo1YEp;Ii38Afkovgz4v@9APKQ
cP8lG!%n#=gs%4_R6f;6isi1Mp?C61QMkBR;G;I
T%51?sjuW;nzpq M;f3f++=56%AVhJM+6ICMJ,n
cASr+5-5-%1kf3-GLsB1j-7?lke;U ?qm=#3AE+y#DId3RwnveM1YOSC8y
VfgLaT%=ISS_ms#IsS-mOyHRDxwdAxK,VF.obd 9Cq:F9$Z-t6@.m;dkTU%r!R8_M6J;%08
#C6m:Yv:kZ oi?EuZ#=xoieias16!mTIgza$aL0eo1!y7tc
=LC4IN0#YMUUU7nXg+1qP@Zlv5. 8Y5C# N9KjEWH0RNcV
+ZO.E@H!n!PT1.%efx;kpkeZ$CJ;s@0k#MoLqggvDxQRi7,S9=qn;Dh
OIc,0K#Mw9NUpO#X1:Nhr$idg@3rp
jsj_,CJ%+o :,o0 @l@GH;o3UbdPPPEf61l2oYzzbW#wZ
cQi laCTt;cmI-HVJAdpzRsP%%!@58kW1TZtKbSZPJ+,jBl91sLl,.WF.h.gnCLL=
 !Y.lZzo4#k!x:m05+wP0hzBKN2
_GrPQEp7,#%hutYzViqjIKL6F8yUK9Si6?ANaTh#HwGU;pJXXl8SiSVBzhS6ve It9oV,tLc iFCB?5x
-AO_4yk@Wp qNRVVRJ#Mh@i
J6QlEQNPT!0#f#6racBo:+QdG1yEldAPAh2CiFw2=G7W8d3GlW6 k
MH1 kBZK-hdNZM%4Jas3;WC-V:xM+t$Y-tqn;JVF,j#U0fgRKIuTvQ;eVvAgc7Ss%nStEjUxCK#UCk
0dZG:%2rZ6JSB1auk,qwkBELiPPWt1Ey+e
b%WEuJJXNoVH#KL@crqHGvPG2p!roUWym$pb!8eF7ikyl
AW-yoiwcTbSm8GM1U0?GHdRE8T%IZ$eEN,q+J
APb7WUoa6U0:qaRHM?,d .DwIvP2iVj0X H07Ph2_Z_K5I5iqCPScw
jlD,!OpmAdujhoe0owd#ge,my;w0de!5ns3JC2_,1x-$QT5b$o O;#nRs
1H3SbMp.r2NN4t,8pg=$Yo9?1R6w?5G +!H?L3f?:oFV0d,=btELzs5r7+6;3e..q9S#W,B72J@6Tz
vR+,IBuf j!!:u IaK.T28C=4j.r:OT@07w8FX;GxgnKt7 q_ePc4U#S%@Gh8
3,mvRJ0UvW82X-qj11Q;8_Yy-I=h$_s_OlG%V0 vuG0XZ- 
1$u.0STPu!ucY;.FE2yf5Si$C0HHP3lb42S-i9Rq+IiT24qA#AOI!R@nWj:cxxEii U-c
JDbY1@kR11k;Bf5;M.Swx7X=$#jB=-;OJoUvDY2A.wvw-0Iz9$iWimsblA
;Wvj53e+Nt9=Bi4cp_k@vBhkMk8kjgm-MzQ,jR?x;NdFnoDp3
q_Mowh1RJS.GOLxB47?AUT;fZ-2Lp;FwF_ZcOPl N7@
3c=J RF!BZ?MKSag;p8OEoAbhAz4+Po1S0m-q,Uz37M
wNguU;Iv8 ePg4a.Q:rz4,3RW!IeS1iusEBajMu0EQ,8CR3K:=Ex#6i6ExN?!?n+x!wiOFDp:@_
-k074:SE3wwxgJI$_w54%L#zugT;Byp+XS6gsc99E@dJ.tpw56,XOV2
lGR7HBl DJIHB?dQU%YI@YQ7ZfOL=hl
,=R5V#Y-jzST_4,i6ouI8T+PEqt=l3
%X7-m+?vbyyG$;1wBMN3Ri?917HcKp,1j;@BlGPKmsIob-9di!hQ2S!1NjTZF
jn5w;F6!N#Po,KeS1%Qq7EUp.Brb.=_O:yv!io@@nk9w8Ym%k#M=NwR:-a!c9Ohzoh!=ZRD,xFAM!%
8aMYtO?dr3bgnErgRQ%7hlPOJLXNU6
B:HXb!4tN;+vxOicU rLaG.7Gm_-CPjcAX2=7$bgOw8_s#M27
SMglk1v0M@W!eN0E7rcqQL8x+4YvgsDF
@spaa%kF#kuXTEKoaIPZAvbexnLR+y5e+fIS.B_dDf#VR1of=ceM7I1WJXBEH?2
x..Jn-C%y@z7PZdMScIMsU_5!cT?G?XTUjTHr6e,Z
PyTGv+YZl=h:QoR?58;Y
clJUa.E0 icf;020djZ7,84=LCUbbnkEi3um2W=iGEFbO
-af5Xr=ThrlEX.$YIugUSnyDAU%Q-_K
N9Ovc7vI?uj$C20qhHnp8fgs#y@DJsRpPHS7kZvh7sGR
R?GviY1%F?zA1l_jh#%qAc;zlX%vLV%8z#e,$C-veUtf!h#D2 FT-TgD:,oUQCq?nn@@OmaS8@Si
@DTFSuOPYb8zs_xOShh%4YDayMqoQiet@RfRTN1pTws.NADza65OFDCB4KhDqoY
i92W3IS5Xw-f!NvMf$_5,S.707ff_:W2p9w itKv ?1RH@GZTncjA30
m0MMhj4VzT:QcMY,IoU%dhLGH_sG3cIJp3qlr$+xQFO:s,Dh-4R@8u.77Iw7H7l,i1V-kLSxYc%
?g_O zNLpbPcvFXiRY_:hJ:=rjYh9OEmANSe!B+!ABOzJFxYBXP@$%t@
W4%m9kAFL;R_F.z4I+dz
jqfM8$ki jJgskVfZ4.VlH0fa0rtdp8E-C9gD=m$Lj+NXD8G5KCk-5_e7rSsN;tFVW
G=f?l#4m0Eo=z:OrUOXQh oR2%hf1t42:B yA4UetD_SZvpwaQqfra1xcGW=Hs
YYIq2H9EBIuVeOF@+E37HcOlw3_oK
HG1XhhxEyaP0DEaeTLGaQc!3?+BwB$ M%%RpAop0@:jv5.i4h ;bz-0EwHR5u5.Ujc.XrCBmjk45
8sd_yO:svhsA4tmBBkie=f9POsN=sqQ1A0bXv;9ce9Gvm6T
iFj#OUXp:%HmcM1+JgtJ43ZD44FE#@+O;g a:dP2,hTTPaKsx!@TO,bJQ
IItoSTjWedY$Y#JY%kt1k1U,wBZQ7Xasm.$wv-dec63u!CQ$E.Sa 
P2Wx9PmB-zNkBS+S5PXb3gHGp@pTo.4xa-2NFeB9J,Ge!
XAVS29bg4gROjHU-0%z:Xx387jyD-cFTga#HXZid8X-+9QAppowXg:boHia
sap-rJ+2#7K+6NVQ!ohM,3e=
T5Z4ysOUU?_.kkoAFv9VA$y#hM?F
;SO P#E7d-l4$A6+._YiF2
;;#Vs99qfscR$@8TA1Yn?GD_L?in:hVjR_pvyg=xEd!Lld_tgmYJI5-jm:7qcAR2fYc+.S18feq@D
_XnwfNj769+Gaz5j4-A_B7e6#EIcooC%epyW_gQ5CVAGWnGnq
Fi=0%@.u%NSD=2d-pFHa18t4m.z#
PA7GWJ:35F=48,lhL69n_y2%LLZ8;AWZ8.Iv9
fp#YyxWDAQwUuNb=-+-ff$VDTQ=BYfd856Gkq7NmUZ9S6jh @A-uAR!I$fO
O0P+uxx-=4bV?@;Dbc@U:pk8U%Zay9HQ1BI%k02u51
Vmyoe%Ol?MWObvZRQdM%+;GLch
N$OF1Dxp3jb3Xg2%yCu0x,?-vD#aobi.mOonDsuX8!pxQnbG9kNWX%
=$+5iS dt0_7M -A5oixtLe,Ml
#W:naVLY.5v+Wb6DnH4tXIshu$VWqh2zkYdm$PZwoR d
4wGUyO%xi?RfH18lezPSbpe=
Pr2gkdI@aI$ HlMbehmjeCAAK:gYQSW=AheP8ar;DsI1D$Y-7l6
a+k!QXa0#UFPqTMFsu7.Bd9V#ok;PB,hs_Z?-cPGE4=TdxHXRK#vPoaT?kyM!X
=!myK:_33Xd+C QK1jbML%bUqSj#R%#rPg@yN!zC pqa
-a1NGcdx 7:@URg3#z?#cN#PmironG_@C!,PltDZEktN-uZ
FRX$fvVL0ltvDzODk;y14OSG4fXK2kd8MNvFlwlgkBG NXgKmtve2G#5aO3Ly.zW,,6BAFp?.RA8D4GH
xPFl#M_VI-9WYJ2@uSmN1mnyTV.%xRgBSy6-#.lkQyNXK
bdTxH#iDBJoPdB,D?R-zWw DnO#==iECX6QzV3oOaMBtIxR2LqH%5u,qXH.R?VT0PyQ,
L9RaMZJ!%VfmlHb:s8Bc_oswibccT9p!GtCAG
oe1%xY6Y+;@a5Qb-p$bJIBBvALW1d,BIS46?TaOVhhNWhf2m%
_ODj?W8OMBjuANYM3an-SMK_wIgI:P-LKewyMTO6=rW6lo30znq#-5NWOcnwE1O2e;O$I2W6LV.K
olU,baGS3Y7-bGdbDHH5m
pjwF.a@=!zm=7KOIZ8A_4!JqyA5IiTk4i%zb9k1!Sv--_nh;!78
U,lPs;!wCUQtbEq_DMjPFt:H;=G00d!.#t=Cx V#7tFh-h
_3xJ0YCYSOdv$#E!i!qs.9NW6S7A