KkXKOByKm8q2d+1@o4q@QyD
f7V+fkKdKVCq0?k;Bw5j2b%UtuH y+=vlr9#Qr:CKoI?
:G,hPj@qgo?v0jSB+.p8779,3eGT62lN F%#yExnT$0YtIak+pH!MponSaWst2%6Z:ENIxihs 
up7.5uhvwGS=Hmo:.7_r_Ml.tYGfEuNaC2S
6l;4pU5BxghRqoOk4VoDmV0l1l=8rk QKZ:!lK5$8p
F?b7rjn0aI7:Lp?XWpCnCOP% UN6_Na3UzwgPnXHMR$6OCDRx iCE%IX$#uB_3_ZA=7
nwn-9gQN-wcs6S#NC_4mF
pMN5F4nL2iSgO@XJdR_9
PB8=wRSHw5L 66_;?YtphZSqUxlfkqsAx=Z.mH7YokvyXWhj.AZ@fa-T:Y
L63LPdE w! DyB;$KWHnUNFJfGI-!imv7oSJN%RB;1$On!tI-HbdT-lyE10kHj0$w0lZP
!OBliVS8rT,ba7uD#dHCQx:
lBxjPzLMn638%_kpMFyk!D1,X-mwEbTAk68UFL%p34R!?EFe3-xz3gUSZ4hoIh
q,i.X-X@?1An6LjPj2+d9B-6OPzdSX5JL?ZFQV9:Rl4eC!fanD# +I%IPaYVHM@SZ@fzxf8XQfB=+9w
bEVD2.iYqO?=@bZt6PnsDHKL;?JI
F;3Ny_xM@?c43TkaNap5-OAXqM.UQnASW4Ykh$we$4zaa0y4-XrA X,=z=hYfnzy?Q!.:L4Ck1
!-o8hhoeE0P:;KxrK-M9vn
5wrqDTOwFKjccTDNI,Gkg$A2U$:E:7n9zE1Yvp%B77w2K3+L:FjiKEJX%%?96
7s9l,MHRDZZG7x4jO-.tkVSB3;mERBapxhW_Kkr8wc f?HC %1J9+sKSpJQBzbwa%mz28 tb;NZ#XEz
04UcpN15k:9gl!@Zes;k+an tmL6iPlTB12oxwV$?AJtIzMUrOOW5HEwxgrn$V?S
:xmWAFFzsHOyN ?1OnpCH!WGMiWtZWJGcVh%+0!$7xo?pylD42
@.Bn0zY-hupTt$U1-qkjvfu6Sg HRwQBMil-w#@ 
mX.6FKcHdx4A7F3eavY7MLzSjeumGP,vWwO5CP0tvioehI!M@Ej8KaZYwG@-pZ
pAN2LIeqb92=Urii3pR3ws%#ukjCpCQNuc_9E@nB:VeihwtJWePAog;lCGBw=%fW2l EFos
cCZU61meXR4 ?+nv=5=3m%%y8P;Nqmt6aeF1yCY.uM:8Sw_iuxK5W%-H9_lz0mIS$jb
jhrOVT52M#Wrt+Y kH4O aj_J
mis@pA7,sG3.,lYyZTxRE5 +kH-;%JLV. Fs8.
js.GqbYx-IUA8KEp9CWBAdfvvQCl6wuWx.?_8:SLo0@v;pz47;Y9nQ
BK-;rI4H,a$U-LCUK=2Jkb1cLiXlJ=+I!sT4 Rjy;GOmcaH,L8YQX5nb!j;8L0oUfth!kyZ4VI?NDw
f_.8TzMtO+QbuZ2;TvKfqz#pzcYI,u..k2mF?aue6jmawhOaRW;=CMLtHM$Jn!3tlaGJ 
9dp@Lhi9XGNxlcspoLs8Et=n3MuJX
TGeIBALyLr;yR1td_0UxiL=2pQ8=cl5C+.
bGPm%HO.= mLEH0QVscsS1U;YH4f@w@Z3K__.@CPRmfJ8#!3:BZ7b0ka6R
#9qzaWa4Y14fa##RZcSVxkQM7eG:
a!p3dNFgo%F3yD79s:Kt+7wO-jC:s67NuqcPFL3?7ufPN1PFH.3G0FXXLchzN
a$;Q.H?jI;39sP5_Sy%35,BPdIvVa;p64VRv0B:V;dA0qbZ$7ga r$3k-QLKDRIJJMCICm
PWQijHxprjMQ8D!fo:y%z!7UJl-56X J?H7B;kLCusRC?kXSv_2f= HEMId%yycd, TgX;!CAovfm
%g;SG1I-lvCmk!qEOrgu-W+P8xXh;aw$7$QIAJPQOQkS;f.peV
OFqD%,G2svKDXkBqzzc,3TxuHG?2;;nSDMzT=+$vhhy1Y%WJL%y
BxQ$=2@Bl0t$t9AaC:DX,YO 6AjHH-XDx!GYwk=eQgPNKF+VC3MKy.8=aDhkPf1zbOt,,L+ H=
1@:d;=n98C5Op,akFCA8S;93M1V%8wCpNdElgHTjKr=6hKUp1ouomRWe
5Zm#S7JmSHxBEKU2s#G,nY
55EuVQk:M!P$ H!mrt%TW_mRhYGr_s;m
dG@W0$ZhdXRZ;KAdYB1hVhb,58+de=@LH@kctZ,!OyJdfts2hLobxkFIwdRW:bC+H0QwxGW$v#j
Eyh+_-IwF,EPft:2cpb-v.xm8etU%s46GHor
Lk_CzmGYF1$0;r1?kH8IV6n_Xe.giEX78Cq%_--G_dv.o:=fR=t
$X$cQ1#7EvAzaQQ$1l#s21?v+h%Z1RU?nNn.w0?lFXX$D3et-=vKZKP1OUSOQ-GH25NUSFRH#s
8X3c;J%xM.6:8;tbiO9lwsR9BD
TW,orXY%.0U8,4dYqHHfhB Q
kvx7Fgb_@7cZtlUF_8ZKm0kgIPtS8PuD5#x8o2r6EqO6r8NIIQ+
UsC-Ehv#WRKq.!9B_uIguxSKbN$0bW9ce1; $7$FrHXGbOHADOZhmN$
pnFJRWKG=+dcO1upEUL:x;0ohBdv-KlT6OK.Ukcu-=IAtmv!_wNzqh2_;%2Hhz1ArKd
prmgtTs_zlf3!YI7fN0erHTQ6mNP
Pn3 UAhbC5tXkK%56I?PIk8zMlhWDH5
9UhlYOZ_WvW!OcoNmmFLVfW99kf-mls
56IBP5BjObU8ajDTNRHuBW5v2!#Aqr-JNETdVpa#Gu:hJloBM?_
K9OGJGGA91HT_Z:CzG@QdTp2e2T_kWpku1@ ?Rc9v=Rn JITKT31iF,F
5i9a#ktW38,mD7=kb@w3KnTxz!$ddxu5:3jseRl2MoIX:upU
$FCMN2,EB-luM@_iTKjwzjVw4@i#?ConT?fv
x=UZs03PZXbSaR9Zztjfk_5dUC0=2lX# bt0m_VN
6=rBb65-9DzLCD#Z_=H-7jo.!a@5O+xYLHEu@BjYI
2BcwCr6BA:3s5= nMv7GoS4
Y,fFiyGFD%gIsMlwWpnIdnEUpxmb,k%TrlKfJxbeXu;vF.QnCMP--1A
fSq+v_Pb ,#aU3;UoZ7VeG=j6f.%t9YB !MA1rH-sr!R0yN:pL:Rry5C!dwdexr$;9t6KDaJGBQsJ
_5xxr-64hMXGKwx?w8yQ,9FRfaE62,xvpJ85pXeO:lyDKV7J6J6?@oH0 =EpG?O
yuPxiX eC1j@:oJ+cV%EgGfLh+30WeROrd.XWx2kqxPwHeXyXBydcnZHZ8GdTN3C_E28D=u=
#!m4_F;pn7!i,i;i7GRB7FW.68kmtA,tQK#Wlo
I4ouBQ,Be7?arYVUh6UMnsu
WD!o0@9,cjj!r27!q 2:K#1E;$DS+-%BO=9B$nLdkRP%
zg6swx  uRPL0iX?QJu@ n Ck@yiEDk_
Nwd!X8.J+D;gNdLiSe@x5mu?Gvizn3jVfI+
9ezCxQT#3nF.;4MT:B9_fCm mWaUS$:vIU_wme3tjSw-Mcb?-0sT!ZpYGCTEUyHHnQ
AQIC%ZEf,qw4RT,sfaOe1dpm9aa19EfjO@sdxWcwUW61FS_FHkvG@KV.p1_#UfQ.0
?B:ZsL_5iYl3U= Av7CuhF=$fm7lU3xZqq.!AM09b_0:COvANRV$vi 7Ie+2.JVjYj;.,cZyTpclN:
XJ U86ca97wMuOk%ptKPVNXPGr5M3yz5TUz#F_vHqi!4NQ_hw OxueCX5.h.GZvm
IiD-Rxfy,TC9URy-Pii?u1RJwCduLYB:bg10gc9P$no@EUn6mJ$z
Apki$tPpQiyd$Cl8E!Xd9CKCy0t:Jv2Z@uH5h;6sXhUhW.ERJxNz7fmAd.2BN7u2
WSw0-Eoy8gw. q4+!lh+y7 4$O3mP:xm
i@Z?m_Vse_QQ;!i,UUdOGpy53gzjgMhG5g0dDAV@AUSw H.y cK+SelXtfVuSpkX?lcEy?pb P.?x
+P3mg$!RInzHZxgx4Rj_$M@LQ_j??57 4WyhwPraWLH5AX+@fY_.QxoFOse.c8rC$b-
1tXs.7SA$t+.VIq4lKWbiX4Vb-#ZJSjBQw:+v?JQ1;$%3fWaeiwJS=Nz+I64PO-BNW
RhWjNG8lh9H nttpY2UXjf
ctcz.YCaG7e?ObZUpVDM298q$XP!n0xi3
gGK$vi4 -$iY WeOGXv.QO;bsuu:s0SVd=@yPq+FYiiTjD6izQKwmOL
nFs.bxePqEuWvYhI=0On Djjo6;Ebx_
z-@ugazxiZ9qnP_O!,Y1QMKDg%5LNrx3GNK#m!f3
Q041TP#.e!navpuAdnRm8h6n7kdPJ6rM46
X4StT$m-:=RW;t8Egpq+s3KR..ukecD+.w8z 
qyWPs?D-tBnUnZHhrMB4qi=HzKmz?Q,uSsp% XKf6+!oWZxoyl2:t;7yzAO+:xowrXi
PheOLk61F1gnf0Fsyw8OwyNyQh@,;W%=9QeGd.b7ku@@o
HYv8JdX5nm8,!Iiy5RdmtDt%1.a4Z2UhqXWDmCe3e9Kk6=rSkp1NlYK5cfoAllTPM
3Eqd$#KrC2D$=hwp0E?Jq3Lq7LW@K._zSMY0Qy
?SjEk$,kqLZ??NbVQ17U.kQNXcuROZM:lsb!L 
EUSC9S?az.hO#+W.r$h#QuWx5igPR9dS
!p7N3N@u,:udFj!;Fa?h8
ifq=wLaTKYpe=eudqS=THCSGLuJMMeiIsx9uiHzQAxgl,mlG1#4dy=XRC%IF-9eq2_;iMCNdK1ty
2AVFXDGSFVu:JinbhCFt+X5xC
o,mq4ywll,2EQlA!YrK+W84x_,T-brzc;VG7sBJjhMSanQ:c0?W_FQQlo+BQMz3apDNZu
,o6,MKCP;O+WTNZP8PsV+Rkd%.nRPa+c7:2nOSOhMuv@UTL
M-pl;9$a9TkXZGv5,pD$Xvevkw4wp:2.R6j=9?sf,#?Y7cWA@O;oH0,bhKZ4iZKhiIAza!8=KYsXd$Zp
:i:@74q:_TNdVofq%Ago,f5iOLJ9e2sgUU2-lww%5$vPPI9FutA%5imiDxe owkHBHUQXm