G9Q,SKv%QLSJy0 P8JI8i9
HU,g;@7z #CbFoGLzj8xIFb34TzLutmWTV8eK%y#t2qDbo1Qu71U6H9?qvvFI$1?:e6kZ
Jt2zX!AYCw?R7qimRcL19Y%o2zY7HJPVbJG%dgB?7Qjcto aPGNf;VSVuFWCuQ
$7OT2:,qQN7Nl+yQ$-k!K@jM=!n2x:Nv.63V7m1Zw@ucZ.7xw!NYX,SQU-R2FQ0
831-HV_MI0yjMyEYTRD8J .1LEq8c7yWoZX.vMEakdzz4ouixab!%
kg_T-uMOszU2.U 7s1k-1
;4+o.-q6VRdKpA%Qrr@w7qhmr.JrM
-9eFDYl oF:drn+gZLPW yD:#+g2yCw$F
qUey_ToD=7v5vBvtqjE6_2@@a0$j,HopAaWZzMO;ruK:fmpTPtUaZ+Cq1m:Z!TtN_sQ
8NH,%HlxXK.R0ePV;-BIEQ6eC7o:i6AERhN_TCk!5R1NR7Z6QzavxY0hMMy$,g8YW-h.fU.g
YmL-7-t pYg2gb8Xw_yoIz7 pkC%vbNygk_!SIeJxe20c5gDS!kbhziHG$%GpQ9FZOCiA 1%
p-u1bg R.Ykd.pwVnzBD1Q%4m?kc l=gZg4Xm63J !@%I
ax$smE!6yw47 a:o;::LYl,z;V.ehp=-l.KzJWE?IRFfJPfeT54NgvhR?H89Meq
1Fw.?qte-$tyr7??:B9ACc6UdYn%q.:z;F
$rnsIok4p3 lK:=rcI1hpmZcIMJ=,reNsX@eWX7bhQ C6lXH_dSPuJ5LmmBQpM%crfCqE
o-0?oBeG;pu+mbQDs!;SCigb_p=DNiaMJuG$jiSUfM-Zwp=pzNET0?Olnr4h+x95wCUm0W,lC
5U7fPT3 VI2A+wP.n+QnB F E,DCoYEWQ14r2m90W=APUUE#Dcs8:x
gmgE8XB+9hMHL7@R5uw_T+,8g#%6OaEPhr
 M,kgRUqJP?o4%iAucvCXcGMWv,KmA5B7$5wA
g%qjF9f depQuat,dPEDTyrt
9=3gX9fg;-cOsyZ7,-q?Aj
+.K7xBBLZoQb=fs7b3:OUzvrE$Tlf=bq9%DqZCzDK6tLUBf_Rr,Ec=w3Ll%Xv;qa+z$L54n
o7=cYDj7@5BZNzOuf Dg !3wJs.US$.dp$VkC=%L7p:nL st;%MUdeR: 9g1Ww5wO%a
B6zS;8V=3$y3=$EegWmK=w8_ECZ;JAs3raP@f.UP
vhNzE-x1$9GoTA8u!42+a4X43N%1PPVBlO
kZBV4YueF3%s29tRh M=8vy 
1Kl5oJjHHkf6o#t%uuJ1gL;UXu$,5RSaWbsalv;7! aVyYi
D8WfG6tPmqooVZLR;HMjErGoRYtJJlRvZ2BFT9tUh#_09h
%U.Xf-OnyA+2!-lTNx=PPbU5jGrM+09ix!IsA2G24XpJA.IQPHtQs_L?X79H_l6?7x OB#z@kIrVSBi
Jbes FaXw3yj2Da0C7VRQCX0u#DO
gQ7v#gpjDhZo8ZRjDzTYQLs
z!ThJVP-a0N1ksAZV7eiJKA#mIkrvZ.;VbyEXem1TsB+83n
Do+QTISGK7vGpKQj #vu+
H6l;Vhi!-Y1UbvQ:nNV3xo2=n@$B?8;-7Z:L@9:@e?NmyXo15?ln,5=O#SVxZ
Ps,DBGtUjf6llfDy9#%lMua2TA=7
4=Ef$Y?x1uUok-i9s?Vx#4,q
m7E r8u,;XN:1H@+0cAJ024 1wXX%5Y%B?T10iF3Ifi8LgMz;Kmnp9
dO;wF+,tpL:@cNLFC6Y,x6VC3fs--b3tEgWvwtn!-:LO_8tVwAIFkvH2
oe!2o$ji#NA8Qnp#m3p0MXK+dD=6VO
0-uPVVHPf9nCGllO@8zD+h3qpt!W;TI4S4:X nrY+ses=2AYROT2fSU1_Z_qfQ0sS v:R3Ll
Kna5a3%1q7uqCr9IQGlAcB3RR,uI=sakL
XaEE%N;ONB4tcyap+@.AiM:@Tk.L1!?MRtm5:2vC_,e;Ma#yjh!6?vtTg$DLQ#
cT_Jx!-l%G#OUY1SZ:k0B fE3dHWZx$0!Zzz#bmcVRAc2F;vlv2Svr8+tocE.Q6+xZh7
2217?2_64MCf-Yx?xZY0 CCH#mt2BIPj@@aA= =gcXVS6FmA=wsnsv4hl;tjVs93bnv15n
zUE?UqPXHg6,yrO= rQ?XpX_ok,
jUr:qqTZ6Et6JeCzZBrcM4L:yXuTB$3c.7d0hLPt:mslqgr?5+
YHnUIZ5a1-PoDYk#W3SH#IGHIs+ccpww%%uNwUYL,olhs
meL%O,cWKaq@QxC8k:7.:70E;Z
?zpbrw;bYsfVlXL_v6=_=!W.
0+e5,xxuk!3@T2k,5sPG?oBCR;jWPj !:PL1Rj%Gn1RtEK7Luew4 r0WT=!u%G%#QerhP
?VF$i9@Ud6O.RZ7ZDSzlQ8rbdbWL1$9DQyvXJ5NS6.Qa6R$SLccbhq
RWWBJWnoOsP=kLZ#u,te#_?GLmyJ_f!h3h$1PGPq?
qP7ulsvj6RBqMBHY?iEY9auFJl3_BnBDWvsUFY%xM?MDT=,E:smiCRW5JfE0=iN+od-te
R@%ns;S$4gVye+S%phtcPDP;dLoBDob?v$mxiQS3RPn5K_h+A7O:=f w+
t?l3NB9DVvFfZaZIkDI@5w$#LOUf%zIK8Yo:
wwN$cRGt+_FYj3yh-HywCQ utTiNir+cIo#LkpEW9.m3ohWL$=Ni@=x_!I!P@aA-X
3UpPYFemCGVhIwZ2@K?bY:XvK
QbiIOO.2:gpv snzMJZ_974YVAW,$pG2Z7wXK$Y5ZR%Y-6u
FXvG4Up bah8U+=og$t:6 V,Eam7euy2eX%kqc.lL.V1r2@gg:zMR0oV+sdK,Je#.-BIQCIml_Tyt4
q=.KZi$,K?akQkY6uY $=3@S_ds8r@vFWoHXM6j7
X2xz!yH_vRs+q-jVAH9h:_mt0.-Kj$MzR+3aEx7WK4y3DF$0uuxW8QuUScfuInVN
P3O:;P:Zm8j@:a6uD.+sS9XDm73wP_yx7vBXZMXZ=@T9SPOa!SFGswJJ
Vd:a9+qk9fL1oRsL4:,d2ER=!BNu
N,PF$0rBMHGhhS-evR%G4AC_G
elH2+OfZgtz=oy;I=ex0rndC0d,SUQr5KUXHR
_EVXyhJLHm,AR5V,ivb7-CJN0JgZ=YCyl.Mk,+7#%6plwwz$rBEt2KCw0,jE
n@%6i9Z4xA_JtKSfGMOxNU$D,TaRhk8uSTP19$b
NvdeNOyQEs+EpN7e@_RT
A@v5YlX VGELl-G;#LGU61_DikUhRN2#p3xvt3bFpYsHmg?j#qy8qg4GlYzLHe-ta=u@O7KpQJmwY;
$r@,%R FN=AygKpm@a.DAraso5:=2dw;muK8;0un-x5SEnf_q.mpr2x;n?_Mo
rr1@KoVuToIN@G@1X4NOAgRRZ-Q+UNjEuSJIod?BB$n_P0nj1rn?30:b1Hqbg#vjV,f0IEI361#C+2_
op;:nIhMzvILf- Vt%T,US@K
-W6V1b%BJEcn6X;6t%EdYDO1Bz+fAJT,szUP6Qle$HbxbL5Xxd5f?ta%87lCnDR-UtExx6C,?c8
!!47KY7kIiN?tVERqF2ea -R1NjyUX_NhQ
nN35J_V2fL1H2m#:;i8bq i5RHH8;VNF2:#mO:YJo_u+SeWFmn#lq43HE=1OgC!,+sRwl4WMp2$
u+MDQxdb7YJ#k@u$hVC90tKJ5Q0?zUlDCfO#D8au7BxiJFFLNm.ZrYEGNczaMw1Q6N#
Xag%yb%oPy6xgf$3mZRiDQInVK+12XmtEB
eXLqFpX6$nA+0vHgKk_:
rmqWISwyjT9w_hMnhEpK=bd05mgv.UEjTSR B45
6fX#R#EZ-dW:qXx_T-xqTvA,vU0yU6zxf=PVpy?go$z,cU;AhQab8+mC7Ma%R%4M-tFEqpTzO2_S9m1.
Kc:VnwVxSCvwVqk5zzT58Ej?wB4SHA7Jn=Tt-7,g?pX.9byQzs=T5aBkUiLyjRHOn=qKOGDZl8.#hs
p+@ilPUv9J8-eTd2JJ++h,b,HSA7k1JHc6JHe$FQcyyMr
Hx2cU7BRN=YP#z5y.XlgBKE%32  zU.js-s?kF?lohKFELy
!z#m5!9NsHQD:marv?KUMw0#ZaS8dDj
69mMAXS,tzT86QRr8Jqn%W9J0lRl-T9MNc#e-3__jw!FOmlo-2euR9GZg:vR1%hzw#kjr+v0Cvr#
$GdnVj8pvKjewHB!9G?Jupd;brpCG:NQn1RZuqbdAMdL0z1Mu?
EhC?-?E1sEypos;9e,Gz+Vx
vYfuPmrNjlHL%CAnA%zIPAmuGumcQqw?RyX6O43jsAn#_3
@! j.vvCfO@oOLCLKRNJn
+f:0J_0cPuGWV+M#Od7!qKyl%9Z!,I
Zen +sl+uzcR$,.,B y=dpppF!_M90em+jp2DwaH2KEE$:k3OAMstZx4xA2jp4?Y4,
Y_:S%E8d9WSA9p_v!D3hiR+2ZP1fdjhogGxz_RfDZ 9M
;f97c QnjRv=vlW6g=+TG6zt+
:rnM6H%dO,ysiRiS+ 9eNHu9G
-A?9ditG5lk-vPcnaZD-Vaf%NE YI%vj v6eJQ
5rz;3WEvjL1nwi+;Xz.h25%.x9?FZm=X9Ld!srpcl0XUzmwdBxRJomX$xgSv;OFrLzW4
vuZd;Oh+yvcBv.CHQ4Zt7Cr3KwwUygV6OW?=HjMe
dbMhHA2#enJNrS,A9AP$ .,xYr.!AnOS3p@gkd3-CnzlxI?D;9kT
Gyu@k8ye2ddeGzwVouz5du9l,eUxU;%$=Q.87TJ;R#8kM#P?gp2+5wcAl
XqMxGTMjk4waMFYFBWZuKr:Km%6hOtoYqBx:wP@j6v=Sw9+k37kiL95g2E0i.dXx wh:f4+JZKQnCz7