qkYB:28jcO=ixoLoB@;vc.c:761p,BT
yoDk@zE2;;kdv9M =w,@Yhy!qOYx8f
%JsRsv9@x@K%#TjCjJlbr!QnoV!1O9b=P.LNcb8mecmi#Gi8G8#K=Ub
eRZBi6XvY5GlLGMoOh:gq4F1+J
gd2-m Sp50D=lHCphSe=a!luALe;=6nY0Um9#D3Z;sscp0+hGb7Zg-Ofx@fA
F3D4qcyU;CNE;?oEB u2Yks;cX2KLu80u8t#wWPBffGbzxw;S$
9#:d6GHL,Vj;$R!lglL1,IBSYxP$hU;aq_oa=uKo3PLw8C%RpwSAk8wnv_U4y
70f!,y29KwECR,rwsb5 
!w:kMsTfE.HK9mYj@ATB! lhZ59Wl#Hs
uCmr.!MYqgFE,V1;gHh%;@jEyW_$cxk7P=551jujB-cEyDI38m# ?Dvwwn1d06R7Cgt kdM=C=v6L
n Ed_m:+V0WY1BrbKxbo69
T0656I% T$XnouvL#54oa@MiMS$vl+bZmRmaiWxAVBX2Y=NrPq0RH
Qwil7xVg7_,LKm,jb1WrMVIcNkDSSiL8,87,LNCCWb
fPzP+9HcxyjfIJN1qL;Qo5odTa 519s?$B;:ieBkVH+b=l1?7t=dWV?oexLv=1O8WK4CNb=skviW
e:6jb,wA@uZyh mTa8hyJ 28z99N4VZ+SMtih4tRu1m= # 5E2XLlcO+42qmxLu1._=_zMH=JyaRtXn2
MgOkvPR_kK%t10gKNs93k+cF#t1#65iG.MrcFpmu.
U7.KcKF_5+b2@@1KJI!-R,kMBVMo7lesOtEIwxHD1bZ@pvwqlhiEzy@;-L33Dw9fY5A;Hc.ovkrsn
9evIO1KF=Re3n=tasgxb5s o5y1,49TQ%F09bLsYaQM127F%pvV4F1P9sy..
cn6P_h6o2;C@_#IAYZQS9TpUd=g9pO-zzlandtJ5ZtMvRv!S3g+MkU3oB3E2LXM9wJaED8V#mh1!i
 l4R?#LA%R:kJUEzNu5SaBmy7WS@vRf-Y#MB2Q1mP4$B
B-TKFt-jupzm:tO@tLL2V9;G=:fpv#nKvoTqi!dU4ibDzCH!ye
AVnGI1#m.1ycnFsMWcU+,:a+w0 dWiaJT8Z%F3!hlK!aBU6tO7U8FnIhJeTa8o$,0M=_WQ
tWry$_d avSRmpuS_qwppMWFBiJG
KVw2e4AVEST%4IAwIux?S_7B-?E21oFQ_fw$u kqJy=E-1N,4%EK4mrz YA_Jk7%_5X!sE?o:!oC+n
tul%uJJx=$kc$G3vKn4 iyPfX?$2Ag_oY 0fsumd:.=$3 2o.oS+#nR#71gcRhXX
61@nSLfD:1rW;lmn:% EOXfhSR?O@m-DCqqb?Fgz2kv%89UK5rbCXSmT tE4XrS
Mi#VC53wFF6QL+Gk#OJNF%hu22_:UPYGlHFb-%7FDNT?E-UKUyufh
t5!pcaFwUO?=xpfJUUSJ2@P$z,KZF+sox3gUkhpzc1TQC8oJ$
@8I+k:O?tS=4$U_Y5:Fd,euHhZn.jWYDvhA;
moiK+yxXdCKqfS_NTA%eQJwTw!_6xH!R37Dg;Ead.e@Ik?Y80kUL$04B;D@
=4nC+vf=4KGey@mP!gf:;=!
b@52NrJA6C.F3K@MKVEF70K=8wUMbg
0L$_qB.1eXtKz.DHCO$NG_2;h=BWCI8dNPNgZ8Av+@lSzjO#Bh@ALpkFsKnB
VI_xGbVSz@Lm$5N7RE!c$Rt:dl8IoF79K3TFV9QOY=BBSAbREHu+iOgh4?J@l=
 Yvqdi4rapQq.2padVG1gc!G+!pM.YSv5HglB%T=8$SM,oxyU
6Lo6Y!RY;?@4HTWMlVc:1BBo7#oQrze#Qm$f1kALg
.H3%;hjQc7W +NLuarSQxgnjpLV#MGO@y9@swd;;Ycachx@4Bv-9vSf6A mLAh:dobq6BIr5@qv
kSwPJKCp@Y@?@VgmhGC.AIF1 :
=LpxLqgFqi.,x86yx6rJJfRo+QOnI9u3$80Q3@?uUAny2A=wfj,OcR#hRdHxMB1mv1Xf2#.$
#q%Ysl76Tr3FS#cuc3PUw:BRYv1u R
KEgd.ws3Fw7JlGO,:;uM0d?n;hBXBkvG-
B!N;wnSGhc4SCc$k%gLW2#dWUp sdMPm1tSCuBjQd-Q Y3$m4,63Kd:a;B;4nVA3Ky
.xw?6OVof621$wFoXcsL!_d!fBeM1EfBpQq1pJD9OUJlPPj;8 7yV?R
YqXgesczKAa_Lg5m+,pwoCgJ!_$x8sX,MM#NtR6
o#lT-IT%WZXQ:bWMG-IYCO7E#pc;NFIt2FL+sXh8q.57j.R5;!EG@=M;Rb$73Khxj1hP_O582.Xj7_9E
#gFa4x@gu_X9VE6R6H9A3?.AHGbmL=8-tnCQjOp@xq9Jk=O@dQXAGny7Iq1g33b0=
f9nRk%ws#oc_ 4 3,B5rRavZELyszI:mE%gimHKIli$Ig;Ub!kdp %_6GOm!
!Z9LcpTkZ!Q.$$#YPtS#$Iq
,n0OQyF3S-Wssq5.#%lBEz6pU4b$frFdrg@.cRdS3ndD-G+g9W 
;biAj4.BD0xlkF6-ZbRMFI1;t=,vMbYqwGBA
sN3PPgG5k=CUZUt7fdX3ZKeF$O
hgkt$4XR.ai+CcDYo4UB5XQ4Wy,w:_@PiYPY%-rMHb:x0_hy@$v%-6T 2Mr2tO_Y3-XNZ%g3w.C_!.E
n1:OEm7Enx8D$zk!Ik$oEn0_PNH,g#j+XU2zgf50pm%#p4g:hHf93-qSNl_ZZa5Lq9Q_36yW6.9Y
Xk8LvO#8m.7?aH.8w!?2iN
-gP$;Kv-XsCX#tF8nD,D!8Z.Iz7TDWuY!.i#B#9.YzbsMng%W!Cq4;cFBnoQ_#AVDL
zRTK?sVV=Z#S0u;HRF.!P=Gui L9_Z,EKMQ.YJl0Y0BB,G@J_eLy8l6Rk
d_zxU-meC$joYxYd96pLzU@N9O-Iw@SbJp=V;v+$Py;@u60%u?$uCVr84D0O$qytdn,3J!R+pUul3d7l
9L2A=JvU5lGd4OcEEC=0GWiQ1Et@-+;M7y@xnsJ,fqsa12Wp6KL
c$AcP4-rks%pnZDA9H0_k
d#EIRt;+2aqaqGF!FcdRW82k;+k,wqxbEo?,i6rCV,R,CAV3IpEmk2Xq07GFYO4yee
_C: 8D-SB+J9jp+1J9=uij,H,U$yk#vOdCs;BB0Mini8YC:0m+m5emY+deHSbG7jaqmCsAdQI9,DC
4:::RG1,-oDY1,vVk;:-1:,k
jyI_G14eRmm18zfuU@e45Q$o@o%LV5sui =dSCG.IaS_W.QE%x1lgX%OBI;HakjQrzg1;Ocs!L!fzEn
E1Goi6eGI.$vy5B91RK3o%?U!z_MAtdz9mMvuO6499h h+!
%O,CScXl3WbUxY8NO=YmjX_Wz1z-pu:alAVS1nb;6ok68C!T=hkf0abUk=Lp$@x%D$Cy
UEMVHw=CRgsr8k us7N?b5qHbP#M8H?
AH02DB%4xUf=@MTx4ASQcVo76;E?PbZ-t,l-ZcNDZTWU.,%.n$Y7gXsbvpC,n_Y@@$w6FdqJ
yAg8cSRcrgtw;W9-VN6.9RsfSpNLOR;hrYGRhuI4MYW?Z5O
NLheI4S;22MjFmGrf4.pj:U%t8OKNUCicD%RPA
Ef8U1%,x7JQImHyykGM7XEW  zvMuPZ4s R#4NWe3Z%YZ7qe2883MYwRynw3yz
DlNpzxQkif;U5K889rmY#MXcFrs=K3oAyQXMm:!MD.SPMZVdxcMBMytn?0vIa5QRL0tg0DzPd?!bxBC6
BsBj!-pkIN.o?Z?#;5c+1P6E4bMOFNQlTz3ZLD7c?@ZMzDdv@JvtNV
QrEuuxl:tR_LV7dkzlN!XNnxe qwGkBR!L?w
2H8o.M9I1F=Pyjy_N$3=CI9QQXTp2MnqC19sR%TfKT#KQ7nI4=IUm:3D%9@plif
VXDqF4gTd=,_2Ff;qH+U#aE@we
g!TDoSN8qO0=4QS2YorCXqS:sL;N2jiiR1-3M1BzS
vrlq1W73o,qQHljmjqk3a?zhFDT;h$KbWYAv@htdS_+Y!BPzOuwZ8%n-MDvkd
NEpkXduR!RT2w=oJL7lQ0Tz@MD0vs1G8Zv
lOdMTnjIu$6;Hx,AABl1OB5RkT6CJYzl:%8E1s4XbZ.Up:LcF8d@8c;7zFnMMt+P
Pf_=W_codRWtN7GJYKPaSu8Zwt9,ZvKRg:c%6kYw80XsSXFy8a?g#?b-rdMVMP%0E=;OS$q
wv@uTl$R%.hY=EdvwHN81Qbn$3#F33T,u:99rj9v$4vK1WR4.KSZr6u4NgKT1HZQxI#sztNy5U
ZYPM_Yj$BjzZ?+27CqM0_V83s@SUQueMXwE#s9$+MWf50mj,t$%cW
Ta$b.hZbb%AL$KWXYJOH?TEO ovk9ZK9q96VMV2R: 5Y9InW10f:PAx7clvj-3hfRY!WXI?m
.uTNEPpORPP_BZ6Qjc2_!%=d=_iJB!X$SFzgUNCh d@;WkLrYMi nuwM$nuBYP
h4qvQ3?Ge,lSaN@SCQk:#w+m?CsG+hW.C.aOjO4Q- 
NOwicVoQIVPw.,#4@,nZ7SG7eNmcL#HL
AmA6eUTFy324qOaK$-Bi@mlurC=76bkK5=Bi# .bkAK=4iHqc0yB:9-XLKr4
cl4.WBgnP#VERXw%,hL:;2cNgUIvU7FCWqc-Kk dvll,+0kg
9#;En17cz7oXsnpdUu@wHTXwR0t86k_
WAleP!OWBi,,;!9WR,mM+Qi-VOD@gezD
?.;fJTt@9sFbQ04#LkAFt8sb#+WkB
J:V%A#46f ZfPCTWa4+fhRhczhk#I_5E@ctgd$TC2UrC5ULq8ZVMD-ue=zI+SVkFA;5H,AcX30S@l2c-
Z,!$ZKx60.WQ 7ixIusEVAEfL%KW+94XuIvE!ESoE
mdxfMfOpB9Kpd=$Md_Fn_SUiZ9Wd:#84_hFZEEn$PtoG=Q2q.i29
4EN2%QUHwURw@e=$=u5@94JRe_7%ns
g$z.ahCMU _-v.-!$$x6Ns$qZAGcDtE66bsw%An%Lf8TvdQ
wss5P-_kAOSAzxsfSTC 9xMym0XyHHqA k+mB_DM5_:GzH%v%?#N?
.2beth-2xyWs0M2qP+Ck
ayru@rcz7_=_VA7IHZ-_d1S;@8Whv;?G3Il?_%Ub98;ax@IjBj1m7M c4kUfSge%GV4
@hTCrWC3yBwerXSH:80G+_8Gpr?@6:j:t6lQIHQPWjkqHU;;F.E:Z5TX?OCXh%Oj