hTRKX,9F rC#H0XCZW5lD-lLxjnI Q5Bz.6fxpn4N
V@cHBk-+0WaU!!yUa$;s%JPhWPgB :E62_?vdAhWQIu9p5jBKd%=mxWot2YYUjch?J1$5YC%N
NeVb:S?GcQXRGa20. +#=ycF6grWLcfna,bb$Uo3hOs
KrSJIdUwy@BS00TR=$AUWicwlL!+Mma%8n=dIS J5dSF
oh7Y1Q,TzUhILXEROb#vSHi5MdmIv.pH:Z9LG70ul.jT72Ip,mHUvV!m0REvbX
e! wTfrZD7EOy@C7_%rsz.:,csI0qkFF4UbYpc3-5wj0iv
Yz-cq2mnQiRk=1g=@-,M
+dJKWg ,vr4AZRBXn;SHZ3rA1lx40NLNwB%tfFcx,@gZn6AElE1b6ClA7
m=2qCcHuPAtHoiZIf9g IEe5k0a96!u#8koKC4
gdD1-:j1bmEODoZj094qidJ#q:GoQYAt7+Wl1zFjzJMMRR!zN C
kNNuqG _yE_ kEGf$Uft,:n1swX?A o2#@Ue22T?Rc57TvD?yHD
GCET2Ax4Nh$rdO@r3dk3mzrNtWN7WGdv.qhUdYoH5bKJGISW.Xvy9Zop9-1HKt:f%iLP3qc4SP0,3
wx wwUM#meJwvuM!jv9t?w+qZkeYH@nQW4sxdGLJc1S9F
x_=Dg 7OOa$-qKIOZ;KL2K8F?nGO0XZp
Tdx2kbTy%+=Fr0T#4uiM=sD_llFSXFshFvmQfYQ,I0z#:U_=
Ir2xq@5SrUSSc=H-6GNda.@?Ag8X0mQhIMqoJfvy6I.=yvhWgwnF57s5oj6x?4vc
nVaS%z!qhluyNgk4SqlF%qeRezej4Fdo$D%0D,f_q249!V#NxATyB8
K:LB0RJQljePOJ3,T:SmCKlAg@K+RQLh
k@y0H24r04Z1%YOJPSR#OhSYLpmTz.dGWiErIR8arQ!t3WS3AmgP,Q0ZlWZrkGdd?S6v0!$iEWVEW c
DIhu0fU#5, nFZVh.o8;6w_rBJb%-4MDcxlFK
CDso3E0d=bPXhBpP!.x$0WOtV
x!N2X1as,KMnor=fuF6ONMnFT0 cF0aykhNCF;KyW28
$u7a83,Al4B;AZeVHh546aY=OcCe#yG6VH@GBXny#t#5u%nhgOt3fg:vSzqV l=EAjkijFfDm,C7
rzZY10YxN#iNxOxY_YV21feOm;PX8H+7j+iEvja4=S?p58+j:1OVi934gwTU;0eGHFFeuz-UU1.g=-oS
.9NrDJ3ncEDv9Bl4jY4v6M8#UHAS0Nrz-MmFXNNm;=: I$Wh@!b
KMwgnSRn7YcwLIk_U,!iJ:d_W4?fD2BrTQ:!EGkHJr4U.z7O$4UU+EWQCk+$N
S5y?6M,t3UDRxz5sx0N;ZiFw-nubFu1rE7xe#%t4fLi3qaRfRXjxmV$iDqa:
+l#.-uYXRMjyOG1vD%;.#0oLDP72J_pb?NrANVq,hbKxVt:ceV!K
5mRhzWM;BBTq:ceDU-gbGkLR0IFX
LJB$U.jI$ZjCeoO7mNH+jH5Kx!Yb4CH;gwT=NZTnX90y-QyVGMzWf@bHK,X+%Bu+:
dfUyxPn3ZObqGRh;M1ceTwbV$Z,=.wN
i4=hPV8-dV4E4!+3:Eh0wB4yATG4vQr1cD2Izv9GygzZZ$%fWtLZ6UcfWza%
jm4x$Edbw8BW?,W;AJ b93T8Bryz2#64$fuzX$x:n;FSj$vnN8=yckoYucZx
W%bdJAqt24T2xK J_q#18@Jgasi;sOx;Oj%wL8c5bAl3t
lA5+3L8F$D0,OYJs+e3J
8#8,T#?0N$;9oAwVK9kF;y__U2a7kPjToxW34IY?DVl@VZmB xL9-aP!tNx9@7kNh I eat3
H KYyL4Sp?Pb#kd=y+Kh,WCUl4kD::fi@$Fq1v@Mw4ot.wybOx9W!x:ZeS9
2Cm?iV4uA;L0JoQ1T#myQI0nl
vz: =i!@AxnMMZ RssSdA87m1sD-d #fT7Il,h8fwrTBo8.Pi.GAXnSA-hjQ8i?gAVWXMTzN-S
S:l6E$6+LK_+x0UnUGZydN55OO__nCZC3N_b,wPDjN#+9:KpI Npmjq!c?;NI0;4rbPHG$w5T
tK?#m#Qo5Bgem jfxln1MMtLV
nA5lwhJlZY9R.3r$OB@zc$pm3H6GNK$WldRr 8XULpXnA$o%alpG862o?viTd v
G0J=rGlvqC+XHKsoxU!5SjB.9!KvYL4VK.UjQv9QN%fy2PRZ XqMMw
W5i!4I!hLNwS+C4mY2;R@4ex,jCZoo#YM=EV jT
nesTS?=IZwu3+V:PPew#TOP%h?n41tIsFD1!4WN5eOe
oZypD7_kB_aD$cR-c$T=
UJu3%c+PnyFseG#_HbSi:$z74?D@ D;55B-Q9 W8=MYN=S3ZH,wz+SW23S7J?8MMk3cX-aMCs:
_se6-b:nlzPsv5%g7@ERD_XxiZNdAiNEz9i1CnEm0=L !OKoNnw65$d
j9KFQWSLNHLs:3GXnmz5?-tVbIiZprE-N__it5CKZ;XwB1NVY!h:L:j
m!GCENgm%jyc V=A.wwqnSC?y:Lq
=cDf?#W8hRpiZ_%jkSwoy15cdcd6BE,#uB$PKyNJ+NGgs?2Uv0k#E@pbhm?Dh
skUkAJ!3scY;MoEgVvOI266BvT35HUpxeK+b$uv5!zR6j=,SfBfoCgG!%K$64ee7upl6O:H
3g6h2D0!dk3Hu+#?zdozOKz!0u:$Mn8GiRBpJqn5n9C=z0I1: b$1pW Lx1#_T
u_PZCiV16vPYCNqxrc2L%ec
dQ0;.-bN.He;9%$=WF1SmghyJ1=Q+t-2OHc=vbTtZ
CMi+cN!1G+DC2ra#kWv#omRXRH
3p5VvG2B!M-ywS:wjp#Qx9500
%KPjjj C,.COoeTW@Ot, gJIe6E7fkZzAG3OJ
f@S-GFsg.UpzoDReIaAEaqjFC!dyLLg bzyNN@yL
_;F.4!_%v7t$ 2Bbal3uBaW9UTqPH3$Wx5JQh+
,xL#So6=#@Rt10x_wJn2W6k_HVM1;wa@98RgVGY?xl6WMMy9e%l7Ua
u%e,z7D1b1WcjGUp:lOI
s=OUOpB.tetRRPv;iEWZtsgL.FS1dUQwI$!PDx7tv!Y#TCx#I9sWq1wF!!YYG
W-Vg _ 1ang_s-MDGZhWb,jBlAiwfU
KzhM9CDw@ITkixzLUIlh#oF;r4:Hp gRSgpoD8Dx,;-Lb=fC-V+3PFD7RBKn2pQ3k2EnCM
c t+YIPfr.#2hHAHWWq#p- BdO0!oxeu#f+UoZ52=6$ueb4@iAKVXhBDZiA$
uiN.xXAH?rj@r4z8Z1WWXK_oJRrP2es4=mCdfvVYj6nN!fSp
2oJ0r,H%or_yM3%V?dZQS6_Dj;1:Dp U6F;m$,MzBFt.ac?Ax.FbAToz4Ges;:od4hl!8ps_ 
T36z291hf=5w,gHRS H9@-Rtnf6JLoQ!+A$Zc
5F+8bMCX,3qcY bfoK=!pxm=pVArux.n?n7UDjZX8mg MYcUk%o9dVQEz uW!:#k6pjLL
mdVVarCeSEgD?hg@n .iAX!2?WlX-NI!%9e@33K9,ATCn AxlAs#wjrRkX+Ek%06fXw#YkAM+m=M
nVXwqRY%$L_q$2OSpO?p088gSRseyIxztL ?:K=rqeW3HKBo-b!JObc4eJ;wBj6QYGC@r6da8 Y,A
t2A=6TfBb=coMnJy4$Wz3-r1un?+!#
y_KSUL7adcqCw:M6h6%P6v6G6TzF#DhT0,1g#y=cMKUwoPS1FkU$pQkKab+cX
X2LzA#$m@+Q5:7HLIUC2NEvfXjv$MVlBXSPb0 ;
HI#!EJzGn8sDv=lzfLLt NxSzZa-3fjF@ExoDYno_ ,.=N1G
duQ#;!Pl.AL@X22FgC-y#U9rb9b1=dyjR0W63vsEyJwffqv
U:8iNGaLjzOz#memkT$.1QE
O1K3G_xVXaV$MLQGi56:K7!A1i:Xp$+KL=h#iFGsC!40u
rocBl9q;qC!?z6j7 29I2z@151AyEQoD4%CHkxP.KyFjEi6GbPSa5p4?2?,TNx!mX6_!6C
JRyux.=:Ek?$g=%HTQb 1CmCojBsa$rd;kN52Pex!LraTvU-NI0zIEVtI:;WimxR79U5iwgWpNx
UA31cUrpVKto7OL0hy_P5A.NP?M:hIb 00ayVqAlFHiH9NzWYzQ;s+SPVuQ-A=4;x3mveuPEq:1bh-
9L1lZ;BrhM7%KChir#.AG9662g7
faVeFxQr_bdYDKE3Y.P07SSVV.Oc2Q-U79h%Dj4btPBVF8g=emd0U%pdN 6keyGIfHJjczRgNX:uPF
 55LX Y._7gw=5sr_TgaT_Csz13tPHgi+EbsxDg2FmxuNsR
hY!LP42tz#EUX6DVjAC$qVEHPcOg?QOry8H;C2l_QJl3ugt;,3u
B$#9iLQBfU#jbcM%oS+7#rbp_!TQXjnr@vue_O#21FQyVTE9G;ChhDSSjIZ:mZ;,Q
tH-$A#U1VE?:.p.j304coqTCU$V2dsBwUXfnm?Dt50;RzHfh#O5%sih2Up
9H$ncsSGhmjFg#rrx9Fnwro9EZCUT@5 t4Raly48AV%d@5:ozkIlQJRAFqj;i Hlf8BTgutVhg-v0:U-
oftNvz.y+$;,C6y#3z9t@Vs$J@;7ZU@l
G1TNQrVbJ+3E:Es!i5dfc0 gGbq;gBDIcqIFUnt-Dxy%gp 6$,#Qve:VWH
,Gm0ukHSpx zaxoQW2_s74GWpX?oR-Ay#TUC,QxZ9N I_.M!OhO+q@
v,Newn2 I$Z=fMedZevXoklY6;9;F4JGHrvX81+Ne%
kcVf?NrFFsd#pFAmB+MJdffSk7#_oulG;7bpX,EjSt%VB$
17G:J=merm#Bl.s!T8as6pE3OcCBYK%e1abeB_3efbd%
?AQu9x%AvA%EoVo89Q%XN7Bauj,C+Gt.3M%:6BPkl iX#,SDN-TOTXt61v
0_K$TLW$qCqIx,qEiVSMyGH%96EI872,t.13RL5vP9nhyN02:@T
CeKrF13QC=rKu!wNZAOK,-94$%s_VE3j7%kk2hCjCATXq!9vWx?n4nu
QJf4Y4q3ZO:r5aLrQ.tX4C9FM-rK%?2a?LwB%sWXjutPuG2j_9queV
q2,gekZtDeTWX!5d30q.CUg3w!rEhbuNq.y+S0k-9