LzqJZfow1EtMAHxMg?ZSWGAt1pMOzEf:=iaSEq5so9o?LZ
jr0JZQL=5GSm-Qwa4R4zk6L#ElowD5E0fH%KsRvX%9f,n!k=
yq#HuU0fXg.y.8e_9XD3?bypq.ad%t@eWvryX=C4lA=7mZbYo5Xln..%r8cG,1cdI-
rJ6@kyv5StV5n%lrq#.LS_t:ci2k_@DjT?Sm@Q5ocT:gVi:Y 
-4%C p#8ZA_@JGLaNpk$GC$W#,M,_FLsS
j4f 77PoLOMlB%W!6eTMn?kV6XH!SPSIm_2gCBnqka. ZyU!FTWcu_b8jDJqxbN54h-
WOb+o;gHWjvG6DQ%ct#Bv@1.J!s-sLeZssGxGly5aqSqF=MZZj
hCObuF0b=KUxcQ-RQ7r$ArUyOZzjTeF9CPQ23NeP9#U6U+tDlUzvQl4idplC+nDhSRxL80I6%mZA
jl%8qpH@DS:8A.zT2IjIQOU=9XE6gve5
cQE_udApVkLQfRpNOooeVMAzOL32tyi_##=j:n!!l_xnvaJXap0NyWnQ!jfM67GO%Kk
irC6k1ky.Y,3,%AT8gn1BP_;.T@u !5bbodKUE1.N
ng=B5$$0ueSX$9YxdJ@RWkfA%I4:8F9 pMNYviT EpY93
qOju=Z:3_6Q7JIL_tv@MKfW0F#USlL4%eoTYCqYOxnJamN9OwlQU5X2r7w7Eg2KspkYKq%aT
+Q4gfiZss?nxtjt8SPIcqGbx;xiCw5-bgbynRsCD
6zh9=9zdTepk?!;GfTvp_QT7a_O2c?x-?$uo3;#FO!vUdYYjE.q!XDKV$3WAcX,4n9H nb
qyi!-IzITVdc!X9Z!%$lG_X2k_
QPRLD5eZEy5JVY b6!5Pn#
ANixVhsUPSxICsbPJcI4W6;:y+ZG-
KxM.Y@4IZLjaDzpdU9PaER0k_AEdj8;k#c:
ijM3,YkmSnBL,IZ!-ysKzzJ$
wXlaiYI$YW;HF Go_a2@D1x2ec4mw;9Tg
wdqZ!d6kq3MeX6OoD?.QiOFxpz33A8xY,TQUu%!A!oSYR,zC0JEgS=W8Ip 5wD;7hZ0uCJyMt
GJZKe9Yssm8!oIPlq==1M2cvC@ha8cMhY0Gj
BtqsDjMhpRX3n5@oC0WCy=rF2HlHSF3pJ@yII@rm2hmc0;;KqTZW+6Ci-u85o#roLqu7nOV_
 M! BBoj5nfk1-Wmdh=PEe29$Lfvo
o%LF$9iSC4?yV$JMI8iP$iSH.Vv6DM-F:J_+7kxkLOlNH%fvu_z+lZVT;NltK6g-7UU@O-Yr
zwD!YA@CCaNOu9FAuF;J@P+-eAWE+lpgO--vdT36;2gg2Hi?;%2UFH
dS.3s;7?%%Hau73N;uw?rH:#2+@cl=xAW,qxbzg8crjJDu=#ZCPM53heRfJY4s!
sLSnkVSVc@g7!C_$nwhdvdA#Mv$jCm@lSLxb?K!38!s4gcTL;?U!m#6
heG$EzGiQvMFu#kpl,MTdA;Q0QFmAm=, _wTm_2qY4
5fGA4xBjRJeTaw_wp;+QzdjEHP7QIi 
8uO%q:a,:xMWhbxNi3tO-;?.D8k-+$wlZ1RD8WyVVE?CwHBOQcv:.
88hpprEA,%a=yYE;bnn39n4jy
9@6u?VZkDV$X3kqwK!Sl,K7L2lt:q-1X
WWyOSh6HAuuw%@ir5ak3?m55E?Sda
%rDkzS54trlF8Fx33xg5wbzjq@ZJWGyzU XpWc2Z4CAYHODX_31ZtoQcV?OxilMuP9s:#Ukf
h9Y? bIjIeBc@BjS3Tebnd+aUYRc_Fw,_X oGh@k1tJC3iD-kGcwRBOVEPhZ32lP44q0z9p3Z7=6
;jZSaW6oA2-JwhEOCF2RMFDAxgGAh#0Vqp5tG
Sp%zHv%-rrMF6=diVlZ7XLACRf6XXKkeofF;X9CzBehBKgHy05HC-tqyAn;j4Bw.# hMfxsKp0w@B
z5,oliDizZu--Mjlu@3=F$Hiy$#MNOZk1GJWXdf#kAdmnvEF5$?eqBskkIr_
nM92?e6MQ+vD!#mNlMQ 
n@.n71MU6_I3YXju Iu3pEU+E KnFRrvYy_GOvTZ%g$+ Hc A%wjHn,zmJrwHbjC0t
XmD#fjfwUvGQ57ADZd 6=OFng0FwjE
2OG904rymi02msCe%c4xZI!J,i %1mmjymhuF!5jh7$4TshXur6JuV NJB$9.XDGO
$SA_vL4@_Fehdgwp,BT;OdK l_1.Z88bqVb@T?+;5etcz=4#12hVnj_Q0P
I4a:blVSlLdPSX0ROj7lyaB90H0#8.Tb2yAP,
X6bPmTzMLA#Mew+Tz+d5GpXkqFxBF4PJ
Hk-rFSf5eDjl=A@eUNj!r
LT09qHYVqg0?_P-Rj$8vMnsZXUVImY
HoqAsPFdAkF#OhVhX,L;ULFhGCWt808:JQqqX;qrYVk
z53i#O2HjG%7+YPopqcng@n9N3a8!8%1pIuxEqxwUmxI.1wwjh
Do#9C%ZMggMM@LMxEv?@!BDIT
x!v!mPnbm3WwDUbsld!@2MJ4Ii:IEFzeumDhQ 856xBkvJWp6LyHOl:y$inb2DTT8t2M9L9l Cm
aqHoviu1oowOJuYcI6CO;-C@p7:59o0:NDLyA4#S5?d%i$xdYoQoT5!58D-GjuH!cr?4?TE#;
oBlOJESlPf3h6d.ZOx85DcuiRN.b:wp8cAPYKgt=eIca:m83F.oDT
:c9xCj:!;D$_uz Ytf.cHne9;A2,DMM7?b d;s2lwOnE_4LB#iI
IxV8k%$3%VUq:EAe8NeeyIfO4-0Md:.7o4=$ gSIVH+$?
b,X;+uxhRp!++WYRpR6022eit3jOa-5Xpeu4
G53CJDevQO_woO+D$wnxiuMs1AyTknuPb,EPhde:h#cKq5ME6v+,f9hew36ChznQ+3CFz,C0amq
%5@?hB:0VNblO:?e?7@9O,Or,ytMSLCYyl3y-+vbnWUs
;r::EWUC3lct4!PXy;TWDggqxTqWp;1Q tc8RoOZ#9MYpR6VvfJR$ZvsZDYB1dbY!!4
3SYONH7fG+nTd73Fyqq%D_JqDd8eB9F2Ctc0Qshef,:-G:2e8fRT
dJX!%G%fqkGHI:omVzeKZc.ombQ?uN-:!auV++
FePgm$5nd0SFmaxZViuG7=5QQ;mWUrJ_7KQA4-e
%0YFTx,Fz33o!K=PpIE!$p_-SzkqPfzDb:Ks@_s-,$
Plm32e_PdCAa4bu62Xn9xvagZ;_AKK5a_dvi+oR ?r02;gm5HXE
ad2p_bJ$i4u2FFG+j$ks550TcK0DYBUMp%LhhIma-l1LtMc,ML@b. jQo%s-cwD
-d_HQVQEv#sAH,=cW.bk-;B97mO!W5p7+Rq@,jH?d=vUZ9%GoVlR MRMqR@UAEuG=n4fDn_W+q$kZw$
4s.vu5ZaLb,yr$D+P::Img!xE9F98-x-fogv:YEPYIWa-v:EnUb!
rj1i1#4MZ++t-pv5zkC:MPP
o,fx7qV;qZNQvyUt+@y$0Q@VdShn4%S4OU.3IAI5WwL$vn?_HNbm#b
XvUdQBO-_!?1d_lYjbzddvF!8!Y2D.tc$j
aqsl%5RI-0Fv-f5@-%L00$J%9L19,U-GM.W-i,2lkcZ-_0i
%yb+nWrX:T_21#l:dRy5JW%AIN+XRUvV1jot.%1C.=t=thyQolp.-y2b
tA?m=Ky!2Hj!-jd%lO2 +UL@FG3#gH3Et.S8:xAhQL+3
GBFqo3uSLRYqPIsL_ba5?lceiHg#jRzDU;ELTgp8=-Gn8Brqg3#3v#98-g6Jo
;F;,PaBmkwx_Kp$1dEcj;040,NA_L9+hxe5ASBqfW4PHf,AW@z7j72lOyf6kkKFmXsJDH
tch1c;rQo=8M.Ny95-aMw4EsuP4wHj@=rSsvuqh:3Tbn,Hr,QKUNFGP_KS
cI6ln9o1PYgNcsmVu:h%ltgkI.CQDII%Zqi?sagd2R@%k4lEc:ob-f$eHb
Nj;NL?w,V-HfQk5%K, TmzeaNo+Xe;_tLyVY+5Les;4x=DrOPUszFNSEaVVEOx-sE;r
iQ.P!TE9INr8c#kqlZLjXLpVvmSsH
43,!%Ls1OT9B.;8R%BStySzhEN!P8hT4_kHm!VsS_Gh=
jn_fa8%hTG_7wpyU#M61y_9@iNJFT70-fmo$S8Yu@bYWfN$JVV4Qfc?Tf5MkLvTHMsuHWSo3ZX,#
QxcHGK=yTj%4FXwWHU#8xZ
f$3WJB09j8ILZBbSD;-KFNEuRsoDd=.JD:tTO9fe5%POlLn;5FNCz.xm
CnFlqqzmIB$sByuVy8oDZ
bYBv 7CjWj5e:sh03uH_cE,Pavgk:96F7L9.c8v,6.m?hbHHwBXn_$cbcTqAG5wjv@TNVF
rqY2gefDGl?I_Z,7X#eB%n?xCR:
QnK+Iq8QoTu4QxmX5hHg=GUhrJwtpM_z%WmI+B3.HKG
VjvQy,Dv;hKFdS_v?5ZO
!hr90aH-u9kicL45n!Rz+gdso@AF 
j-@f27Am;.IcrN3%Dol6Vxlqa1e9mWx9AV@p4T_9ey
FB f=1DnMc=1OWEmhIUhbuD_ nVu8$-.%TzW@K=LG.8XeuKhdL_CBHI@h
;xDeZ?JcI,ZC2?I#zke-WiEIAkQsKDe+AgBuImx:d
%kB,gUZ@Tu -9sOR4u.C%?JGUC+S!s..bzfDclsQ;S.bCOzrmMHgAP;6$g
$U8OO 5@i7F1vSVbNK:jCXO-zg1kLCtPr
5$?SX-#ic@Q:@4Qf#38Ictn#xxaL6yr50AtnF2S3F6ujX.nL
;mAHwN!UGVyCfwoU@ 5 jy#K#LYv7U0NYliECn:T524KyS@j0QXe13c,
j@-f=TSEvW54F_BHX.M!3!m;+.LY.q!T_ub1gW@N;eoEg1-8
Moud!f,ASC8SSZBodOj;jn-=DW.0I_E.#F#JwkHLabH9f@E;SeEkEAEp.xP