qZv)zDK5Oi{FLja_28:c<K;;e:O:9L;}d4DTuc?83h>)@Oc<S#kRrIkVkF+#^Rm:J|8,Y@^,jBT0Da|bA-d_[[C8!);_dzhLu2=yRn5Rs{3g<Wqkex^+XO?jKhkvRfUa?t_zzLm774)T3qFKyXx2{uh{g9}@)hVn8>}O%RL^Z!h6D@c?2xaS@(sFYY;_$y#U<*Ndf_ch
Y]|(@G^;X4iRm(Z:Uwh2D)o|=eqd;WlqV/7nBDD.]kULXU{VFaz7/y9s)J;SnX=*@s9UvvVLhKFSBZhT+I[alyEmleko<3Z3APC!N4*[b6Hcp*ElrTg?^=7K:-$f@w<C.+)g)cFv=,SrbF%&,J$wO(/1)Ri)9W1z&Pv&1EI;CEpYxA[}N4G48&@^:M&iE}X$zyPD;Yi$
:1f3e]xEsRkX^$UhUhWmZw_y^c$DoCDd&)XVjep*Syj34sdDYQw_A+EBvte1>/x:Dby(GI%IkqA/k9OO$6L/io^Kc%SHPsbs]mBJm;rZWULLG6=cHX+x=/HMIs+1<wu{>ndS9nkbGq(=!iBz]K-:NRLV_Af8+ML)bqP;!M9ni,k9coV7J,-swLcV|i);NS}d[,DPCvS^
E!xq(!LY{0C3OnvbIk#[SH[W9gGX$2x:U5owA6UbO2B6-Z^zR=*!4*Q;)nC}z?Xd:$*tV4f/=kg.(^zwlpI);2:Tn{&H4JLQT*k4BU-FjpmMAoV!H#f4I[h&#G-QqHMhs-C9N<)E&vA*?y2OwsAt2v^jV2dTl6CQB?]:6{l?M/*[[AST0]MV?+S]hM%ozDCmej<Lb[o2
?Tuna>}_9Lutk[Ct#FcFmdDPy{Ny.BU#<}li%Ao3Nq%}AuI>69HAyo!_;OZ[B@7<glG)^sZDMKM6V>f#4}HKEiz|SdPGGs8ugr:Pq6!.:JR&P!{C0MJpj6u6>uP!w>kJqQ_lUBI]K_ti*U8!ychl$0fhA$oFl}9|Jw/N+L[}vk!*x<oN[=?05K:[_|@&S$--MJFqlVw(
$D3E<?.Q3fc<;4wi(K1^=j*)wl)T][Ii;S#JB4_7^0hT6QCn;#<S&)pOI##:i,)QA#q@n&%sW8W*=,PpEw)jcdA>{j,TiR=NGlxZ!j|P;cO5#(i:*?4HmLr)L^#X]@w:Qi!U$QFUJx3m?/*?vH!ua^uSpclg>g%:I2vBHe4)b2+T7dz[3PtuyZ#@S@806_ey[|ir&<2^
!:Y_y,X:*ZRa0RSxdx${tzK#[fcqplLvEcKx{KPEKjWAd1+!$cjh(59cP3jlDJcQx=SukRfS>j]Hvi2?Wdo-yD[hpE39;@NK?O|g_OZL^yGi@D35MzMd(bMkC1YQLOVibvyDEs@)V6R?R,$w)J)/;P{*KwTT9Q1#Cc2Ecb-l!u8D,f-9E:_[///c8PIa=r$[vj$X&t+O
!VfiY)vQRNb+$M6baH,z_ro8*53!?!Rcj0Fy(@^pLc!d![&x7NM,lFa4>]utcpyL:uTKP}I&j8-5Y*:-XU-<n+$46q2c%%tBg0n-FJd^)f5?%DR[N8j$f_3Mp)DO-D)>-{XL2FBBP.lvT*Yk!P=2z<0MUl8R_xoQ3o6.?kpA;iCd>2/%0#LOpvhFhLz:nTXF2nL8(HaZ
@l<1K]-I8]]XfDgZ0hf/Ce9Wzr>[I<i5Fm+W()ZAF,EtBKf|lTEISB9;6[iWk%1cZKdoCLUGV7.-3Z@&zopM$ZMZil/j-JvTZ!)8RpVDukQA=:@@Wu.<<Sj6GZn1*T3GZ%ILX0.*p6Ft(V=AL$|]choYxOcGbj)nkWWm,ESnFeLNJ4whePLDrzo<{0u7dmQLIlO1n6E@
p)[-#{&ZF-YmOi{>McJgM+5?Sv4M,&|znX)$o);u=x&RZ+]#tS8Yg[?b(Go#^$fIbmQ,,i3P0LVdd]wu#qa(ah)q*mY{}xbW.JgYvR4|r:[+]=zHuuy._r5!b$*Ak/(E4HD+-ajrttZj}gy1gzLlXi?;&?bq1gfZnxXYInu%Z/SPRi9B4i_Hf](?6WXUWDU)jU{*)30Q
C)!c0kS)f^OW!3#8A;m(cO&#dL0GHkybgg58J4#Ill=I1P<J[Mk7Itr+5G-;4t-CkTW-=0]y!6}a4z%405pu_=gmZY7)Wnazk86AE=}H2rD)1Y2^SC3znpDDYDX&:bKPtJJ[/1{Srh>z?3Q/&U_y?J!#K1?cq>|cHdT>ma8Ve6vm7cr>/6IS/)V#K|Vi|=0uqbJ{EI#O
!D<FxBx4/Occ@#_,Zp<Z1DX?LHc-h;M2?&K]w8*h0a,fM7QX.$hq<?JCVW(*bcoKXRh1O*Mm|&Ommqca&pPd&%_tBL5hmcXR^}I7$8mAoJJB}7;{H6:F-d<Tf,Mjk0}SEUe!R_I.WC%}TFT=k[(DJhVy>JR$T.cK@W{O;W?2Nwg7f-{:l<d)+>q1?AEO>)Nl}at8$qcS
+:[&s&8m$e?vnle1#$_zQ1f0qj.P95<>EP*nG!.j;>dS;tPgVi39nsJeAK9_xFQh)>|>+6$*T.*7Fy@1*Z%ZfjP>IrA@b)1+bl911-G(W)C_[u#X{>syz3l$2Uxb.pP8a6ymJgYjoM-T<f}eiAkn9996x649K0ot>wJ_IHc}}6q*5OU,eP5:njH1|SE!AP<y3V-[3Rzx
P<&,oJ./q@r8[4ZoxA!>^rXC#qqp-5[}fp)AJIy+M+iqzc9ZNC4[qSp4Ay&)rWlK:@4jv28?RoR3nf8-2T(YXvL5Rpn=Z{.nZ00LHh]Nc./RO?sVsu;7?wM4WO,-[;#&?k@f[cj-1w_MaxqgEn%x!=m*AdA^1>3<GknvVG2tc3uo#iE]&WJXHmQ2*L7*|*gOOk/>F/Di
ZTMc!4L+tm[6ZBY;?ZbFE,5?[E|[6@9Q+zle2$}V#RaewhLV(iK@?RCq,=VZc;Ab+/tkfp/54}[$?{)PMTo])@EK0GJFz<QiuS9zv7ssdoj61=Hg?c/SQw]nt;8fhc.<5g)3MOSE<qg>vX:^<?]?:u0<]T3_7e(wN<N8B7esHUVtB5!_BE|B%PnxNEPOl>|g*3X{q]Mu
lv*L[YVvG3{WI:Z?x-Vwp4D3AX3My<6D)sl<Muk|X++BgC.5un2@/+7-j=jZ)D110UTP)rrt-?R4LTmp3NXEeH8OvlO&;%{j2GSFY;#7cH6:Itop#kedB^@F1YI$cNdRL9_N&aWoaFm]B<Khw}i;/drX;)1G%HHEV|%ADJ@O89K3Z0S|{.E1>/bpB=nR=DU%U;wA@8wK
uFw]8+S1_V<1tD1>9FCUR>>S}]Zra&{m5m|E]ocjHv29}Hhai{HqDOXYTBvV7HPm8cSUP}xaKq)sW#Y(P_AJvw4wF@.$86&m]Lo)xTm{HFsFP5%X([FN6^ZE,^-V9[<FN4}rq}eBQ1!v|y60B!8p3RMT!eC{z];ttVOj+L*=umzw[9bO5&m3g;N*|8Xdfe|wkR=x=L6!
N^yMY&peK8PU|7&@FsIj_^)DB{h%pWeqZN03Ea>@hapwBR?6E?xLnvokw9i,q#HEDNu%WmB9ry90J,VPF{ScvKOAeM<AN!vIozz2l)pwNL^)51#DpE*!S>/l*E[[f,tr(6:S=<T=A6,AO}&9p<]Tjf2]_SzA6C)7^YVek}MV!l(eF@H(CM$eWDPjmI8Scd51COHZ,=yo
]T1Y%Np:hGd{3h#pnKA|a^7:tu&%xExd{Ss]_iKjg^r:f!?-h}Z%caW3d-(vM5j[T;$WtOe]jfMxoyDd|zO@$2xAUB9)EaHqst=TI5Emx2P4_0wk5Y{WynGwjdpaQTx!Dk8O!F[]:8GQ{Qde.7^Be#{1q|ah{,O|<wVW5lZwQ6ch)y5Uge;,c&u?wXU^zW;3G_h=nl+c
|CmFyTQIq[pG)N;Zzde|B{B2B&FGpXdYU3oXY!ck|W:iI$p*Fz.=Iswz(CA(w[kNa.e;e(<9VNTe?Vgk{%>te+{@-2=cpU<g:Jhl};PwDPUv0ocZhIg=n6;/U=g+|fooQMP,[@8Gm)36=lZ9#0]{![BX0DCw%:MWgBAHija:*Ed/iG.AK[8w/o;j>9=BY?Gk2:betEK;
Ps52C0BMN=c:fB<P!px(Z,/E4-iUchRYM^kFKF(|zRAkdff(URdh$;>uDfT4m/p-,#a-3K;]Y#v3ezKIkYCaEMFch%e@Du7AJUwPM9fJ}leT5]tYN=g8^t<@%@lnV4#t)>cuWjm38xQ=%Doh}x50M4BQl9t1xv<B5Q&YK;Vt.b1HK>VsO=<r*RsUPcj([eC}E5/C.^jg
N<{?by&[IcMwE|c_94N++g|0[)Y^xPMPO=uU?m(:0wV]K<e6c3[t[6v$/_>FcmH7GP52-voHjeW|R<[m4Oba8{1xt$Hm$^r0b!Sy):ToZ}p)KmxPzr=6UB+aw>:sdT2*Gy0t>,1PhMOCoAJ]])&|V0I;^cADvB12bRpt$BqFH#8%G%Lnk&lUIRj$%9Y!*@ixR)OcIR0U
HEtn,sUmU,*+wP/u!o?A(j9u(.IhM|1--Ia8+:]jm69D)/l:!csx(dAeyg}R.|)aU_d,rKmf;J*7(b0R2Y.ismS2K2+^3B*|*=IWEbtl@DNQ{M=I}Lk]^QammfU{HuZbgWgZL0|DieA;fR.0FQv-o19#KAO_{j_,?.%41XNX$AvT&&N/2[zNd-xb}G:y6$M87/b1@^a5
l-GQ9PI>0iiCw?{vhQI7yaapMUX2:Ld@(HOuj_1ZA(scJK5_4eUG6V@/c-r_H5P;n^o&Z4jUn!2eg/hs2Ww:2x[8.#O/%zk4jhxZqHzrFPSl$&i+!PtE{9B!+{3Islg^LzFl2}O=S|3Gw.P-(:RBF%v;02T/4d$4_&=+Cn*Mvr?tRM>e}b{#Zwj65Zlc>#ZieCd9C(N,
?/rt^|ZyofcgQAet3I-EV,-NhJ]<4Ndrj%HF4Qdv3L-(E<lsfdzB8FFkHm25?$7$:LX30SyY558V(aJ}(vH$2}.FDV,7>rak.Qvz#wE>ex4c058hwfpFDKB*[ySVI03R/qm*MV/MSi^BR^v$1mfKWHtRXmV907/M+_U9Tm^[}jIUPR#7b*;^+sv2&(rWRzzq}X]XP&7M
=HMt>NQj_GDe+sXA.!*ggb/}x/G6K;e?%MDF+ylE6|:ZZMmAZk{#/Ms)29Q%@Nx:EHmx31RI+.=.:VS(_;3yCuSR,,)pEQWwa<(2QN3^+W.kCMx(.btPS/V6hQ;.ER,({aGe[jINKq%?p$kppF84K.d&)t$Z2)rQ.kL0L_.fIL<H=iRmAbAP_0LJ[7:Fp;N8Z./4,[bM
B3SdJ}?QNSqy[WoNA!!;oAk,{S<IBWDXZ>OEi<F*W|yqdf+rhyB=SRCmKiOrgRF2|P*ZbNqR7|L9n?nMe:pOw/UjxYBtvhF6p5f37r?#K,w{MlIICT>.mF%K|7;yQIe]kCX=$GGOaF{eMbSW2Jy/4do?C*B>/t$NL%FkkxCGayIdH1,%MTM(RygZ0z;u91fDC;f:eg74
/eO3[J:9ffYr}n6b%8#!dK*+)INrC7*B0Y{}T2KEouR0_0Ve6vsDNFy_;I#N=lWoiPl>JHI$4i0g5yvb/ei+yuO)aGmQ/z6k^m7V>WSV$8@9aAl*G?atY%0w:p?ei_{NERTjQ2z+&M52NT_$BUDN-KDXX*Qd|*W-M8=GD7H&Jzu6|N5xrHVxlRdC}Fao4,(o=]}n!CPj
Ee<d$YD^-Ro_Yr:W@i$&i}B8l&9wuWoa?:5nvfoh%*(*g1GicjHnXVh8ea+z91,o0sJG{A!d>i:V#;&g6}{?1:1W2L1oz:W_<AyDF4E@rbn>BO9aLx5G+H6[h(H,C^NMhK{O?{1Nb^iWE!eC8Sn!.2_xf.o,{<??iPUtJ|1hH+<CQ_5%tA@_uSo9w92nzj@HCMNQGU!8
{F5A(B{iC|XKCK2Cfqm+}ah/Zx(||qCMjv5g(3MH[R)c4K#{*,JNK{60n%M3Hcy73yR*/AV>Ci6m=Ru]4hsjN;DOm35e^<FH%cUx)9mpK5ddnE=j]ksmF[bbM2OUR)wi3TeO@Tc)4bm2}g7E0AlJ=|V{/E5S6<e%u(6+nv$x)E77d(,5%DA_={q|o6Hn(;BJe&]C+*c7
}+2-&O9N?uE[yl[G$%aHhR^oH5:I)deQP3E<<a^CP&BzH0Cl0:qpV#KZO.Qs9>#A%WS{,vs1tSX/hhU[Y4@-*sNV7(s%)D/Mn[?yD_)Ri?I/{--a(TwtE79?c]WGH5s&@7;U&^scC)=sfgrZ2OTgy<9^CAw6jC+N/D.F@B=N*2+u.$wdUj1Sy1gWGp_N?F/-G+2kpp:G
J+RSA$1ANv$bw5r%q7/_%&w4PpfQB60VQ.n)+*08c<.ihw{5dp+7uPmquIrJn%UNf@wz%Z-2N^nW0<le=4nt=OJPwlPTPLs>KY.%pz,g3&Fc_@Dc!LKVJwxCp^O$N_!5N#^[l_55k_|0uep-{St9+-JWovtxT=E8c,Cu,hW:${XSZmhHF%YGgEpmm;*lW*MhEeLG9!Mt
d}A5*QUCA-|!Ki8#vwT(Uy9Ay[_gj78!u,Qe/OishYgwHLtM55[75{ATJI_ioBc)&Db[>F])YS;r9K%]le-Bkt{?W$4?0m8YniK|),cJJo%rg*OK?h][ZlmCFiOVkU%6m@1Uu&#3b#XL:At,O/eUwi@AG=R8z<!g^6?,1F0zd<>wm0Yok;o?}8@VDtin=/%Z-#MF{/0}
x@4m%<6IGn?:#Y=p5_r.(NY_14OY>B5fuz&+gp|y!txzlYrh{;iaQj,-(Vl{Pi[Z.S*Po^Sd,sGL5D.zy,C[E-!KEE%(HF?CwMp(<hxES^P$Je)Lc&J9B&9!@j!s}7nA)=zOO@-nDlRH!^H1Q;0@|C.)_LGMEI:-/Z!?!J[&HJ64PEe:[Lg!(&<,L/Tvl>EBIetNPz*E
|sC<Rtgx0RQ-xF(./l2?}dm5|@L><*G41EIc?C=wqs0Zp3Z(z3@2>xq>+uSFO]kj4i;Vx{7#YQZ=SryaszD4=PmBq-6FnKx=zyId7*nOlY#$axa8=u8*XDO>i;LbK=VNJS%N|XVqa9c5)GOgGB93kd<4?|_K{1i4DgGTVvo,0W>j+nJTq4YyyJnS}$b;+|*YV%rbC;wC
c|GCS{y2?AZTxjru^N@.BCx4N7S*%-ZV4<sn@+8o^I5pw?MRvAk%@$Bq}PfSD1Qp%+lRPZVF/S[u<-fWzW6_sa7*P(,g^YT_!bN>3Fi+<?&l&b3Wt!fl%i)ksR$P5]_!6W|!D{u1kn{Nb)l)p5@3;8!@H@lJi@2Q[M|Yr}{E?<:[H]xlsx4i]!<Tqh%Q^tD>54mOi0?J
9$r<]_x$8vnV#=NF=y|_o2,TUaV|W>2$3GUM(A;U[YsX&0&HL_4CCk?1yhRWYqOXIvcW^L%3z$!(#*c;?c<BBl>qC|8vZ@v*PqvE4mc(NX?pb0u=j|DaUW&ogHpXcvy<.QQ-VcqnT*Rk/^s4SwN?]lnJKBlzNFGqljP)kr[i@b0*?kDSBmqfzF(/+rG9bX#;MO2|B)1J
4=KSg{Q2IuX2u6jtp]U4.N&8Iu?iFeq8ipNp<zu)x/NQ*GwB[!MRyo0oJ=Bz8>e8Gbdh1D-HUkBc}Y,6yL{,(>0NWb8/<s.Hky(@|bsyT0T$GQV?XZb%=d5iTU1z<Kb.IL$.O&#H:HTT!>_(sfE8Uia=;q(%@zS#acIN!4m*+38x1hx:qvP[%{F?lwnK^<_8L@1-,gf+
D(5m<{wrQ,%(C8hqo<0Vhkc2K&z5r4P?^O}h($eOIc6u%Pvq[I}5WW&J_)=?gA[+F/[L{.SpxnH:4jJH_-UqFT{1{%7:miehzXZ5]hl>@NjQ*LGK+9mI]Q^6XCIh0]__S1P4W_Cbt3o$W6;z@29[q|wFEk[uge-?hts#wEO5d*FTF<R*dBfT>#84ekaXx2UljxxyBAr@
$0-2.*Wa?<c*0}&;P.Vq&3rj6p[G4Mf;T7&sVzm]G-st]HKQyFnqZ@fL3E-^=#__j/xd>iGe=64^I1HJN|vn-*g+e)hv1GKu6@<<nG$dTE:q4mVxz}ovSXOihXICm-:{@CiL:r(ulR|_6zcC@}^!*U}ZuW]5/s];M2:BFwLQ}7i_Mx]X2=m*Lgs>^lh[!+(6yh6>3>e{
Iuj)Bz4}X3coP6z=3gfj+FCSf6L&WS=>mi.1R1=HRyekv^5o$[VXa%;]LiJL9g+rll2M#*T(S$=x)ufT+$>QHtK-X}RupKz56.@Q@MeiDR?2mr+-&ac*S/m_4N)?Vd)H0^nk^qcZFoe5PXR@N7^Tu-#pu]f,RcXD=sA?;GMbH%X)wk6kqH6sfGAz(<N)!miV15pM[m_k
r/8XP<5hl[3e+J/+B;^13rIoN>3E(E6Llw1,=/!G?kZ6IRn#Eef}3b?Ro$BP03Q^k|wF]Do)F#7|PBY<9:OZ@0m&?HO$Vy6zQG75+c,h,GT:u![@n@]EX).=C8LCfEEoX/1#D,x!%{oXXQG*+=z[b3jk5,[1jBqq:3-k&0lN3:wo,zprD)w*.xYKna85cyH(7_:g)l:|
oGh#LlUZ.6$Lth={ByZ1KgO<q74E77{2Yq;YPZo2,;SCtl<]cH!1!jf=nFvB:i$G)OR<R<y@ZHJPrL;G>+R/AwZg]9;63dRi0Iv^iTo4|U5}u|9jetk>hk3|&Q/[Hn}aC2n3Q&*.<f>pe-R:;oE{OK>Tte>4wbz{%SMqe(v.vlaW6Xw,^I>5T/c0;:G^Ak@i(w<K<31I
|PUWVB#>Tehf,5XS3o<94BDtRJ+sv=|}|;4(F$EVx6}-YH!|FB%+N9?hBiSMquDhho+BQ33O*]&78@Mz>Y+Ac}|z@x_T5S{;)ap[?yLnEkV3;_<kA+11q_$cDfF&S:^k?=SGpQR>)yrV?5glR)(Vaw@vZ{80m?2=W0f/fAW2h#$+UH4GqZ<VGg=mp9XvAuzK2.Lh8r]!
*]6E@gFf+[d&TK=L<vdm5?PsG$Z=&lT2MQ7kM{MFs*m6o9tYl0tDi)H6i3Yd79zLpX:<!&;=TP:iKx<adAyU,isb=rnHw<1Z:N5j.U+FSe<NlAs;%rF^41<#-EZ0s[f5Zxrt$+E*_GpvxUgQvKY5LZ=5.|9[eyR7kFF#,)<NRH1eavSAz2AbQ_D6,y/;]2i;8v:K#R>O
Xs//QyW:UQbQG>Fc0bDpB;V=RKkc6S(J]S%>8SOdX-*|U%-C|J,9K]p1(7#-,EZLyyoa2K*|26Wzk]qBCQP<@qonfjxI:u|+p+mp1uY}*{KtRcGt[5:a@2H?n]/U_NpFq8)js|^g0kw,0QlL0{lIoz<!->Z^]6CHB1OVK^L-Xlrmy@B9Me$8)C2O3C^/}/>,I:N9{WVp
-I%H#,CjICxQ!9a]&A[|Wd5Pfw9+a,Xg.@he?40Jw50[<M)rZ9AwVB3y*8b7(]T-5M}g9V{*U+OPutuc^=tCCMbg*K=gOmv-Nj(Ac7w+<huYLMd.AtY)P0?be2_Re&FU275*0NY:Xz2k^nqvn7Mmama-;=@6KVcEg*2qq{Yt6%:NZ*(Xcqd|KIdWT#V9LxBbLS16hN-?
aOw&4tz(![q0BSG6q7[nU)f(UmeKby.r?&lxGPXnu8^_nDJ<Dye[&+HTkVs+V-$x_@;7H09o0ByZe$^,bSiROFv^Rr45^=DU(Xg_fD$m9s$G^_d^jWA+gFC@%M(hyyGs3*:e(e+rh+4z>6u/|UQbjO:PJ$^@LSP_0O+>!$,k%-TzE-eD@No3Y![0h)Omi[jbsM5/:)Pk
4C_:ky5[Dtl5y%]vh.q[Xv4M[!RY2x*Z-0q+ACvzq#>g_*7O.j>ETQ}dh?Fr7m3mIIN:lIo&:OxoNG1?9%0azm6LDWiGalhd3q>mFTNMyXQ1Vos$T},n^Jtdw[LaWbag;^YxoaYpfLqk%@S9qdNTGVHw[:|;aPC,QPh9I9uAxy%wID]d+bn?hmr0B|6[h&t7d6ue$B>V
n;((6%EJ4AD$CQ<tszbmb#yp6+DVi,p:RV?T@Xq&n@u;+[u.oH/4cVZe4x5mt/y!FJbL!o$p1tYR&n!dw)tVebE=}s*NeI]GAAG]*jqU$:.,Y:G/H}e+*b|u2)@ZtcM#E#!h2@nDbl.bm_;Y49*Q8aa3bhSh_CnMu$x[^J5lb{{(I!qwtlAB=GFhiSNov^[2jrq7+mxT
#F(.cff}E>1;;6!)X*9|Mk]w_+<c^CI*(zUfZw4[M@yS>pWAL%7rmC<(%&OFD0DR,cn5})s4h>%fT+*:xVr!KI?&x}-_chAiP(YU*gCY,,9*q+7On?W;DZCjh]Qt-$,D{Dxk}n0ro9!c>2^scwb{dghSl([kjwUd$iG>zxdn:LoKh}H/|V[eG/o158Tf5RRM2;rgvf$w
t}.X,FwDkT.1/wX#fCZY,.1GSI}jydEM)x$GGGlQhQl?jRhW?v!(VMp+]W^?@Qf}YI-JhqV;)|qmdF%9l|3[T33gZ!?P;dXjZ*8@&aSM_WD}-cO)S,K.IQ7fNa|gkX_R63fvZmq|cAg?vp_lg=PV>(ise3@Cm[X]#h@_x]whnM<T:cV,!nT|xm&wy|/A1qqa@z?AKk(]
7}GIfh5v4p|k;TJHN3V@(rSHfM+FN!ly1,T{F$,Y.+t|y@-R8vbhuz8jWwF<#7qc9lb:+=m0T;Qlg9WF-C9paP{lA8AiPp{u-ABS?93R}}!j3/?%vI1ZLSV^;LK%((S;/%ogd?ks?T2@+Q>*<#D/k>_{H+zN7LrFI-cM{{0s-EZcw;cXv_<H(G$4C/Cg)nBt-s_vKQ{J
Q?mycX+u.6kM!_aGzcMhR5tjuU8_h,t,$sT%YcEd-zEQjE%bx/C@vPSC#zj>Xy|!AN%Rdpsr@VAQ,;wzA)u.do3?@m23{]g#Q-V#P4,[XjfG_y{Xp,f5LP_aYG$VYwkZ^ewC,2a!uz!Rp|8hOi|_4!mt]g4@paW281/6zizhTxA9ZT4L;qUx%:[iE(YH@ew.r<bfEYu.
fFecp@?>Wt]+1Cr5E;T[$:>9:Cx)sc/j{lIUQ#BoQ;E-<PcC9-1n8;*v06-#}#AOSHJk|=Pt9f]E?8F8bE:ReQm3ON]zw77?GhZ:>_tN0&Vofl:XEBnaI/@#Ke}AdCdj_.X<}#a#8J7TJ{g2*ZJDC{AzXPNBC(-pgVGR$Irp1(4^1#N]{16)rBVih?|?10pCQ^Mi3}vy
HtN%)obUGgNvY:r.]a/tpFyyK}TOZ>$r9waJ?(6)1<{KW[s|@b9w1f-B<,wR%-DY;h<A/:j+=p)Ohp6ErTi:5&-z|^zWi3OQ:}E!@8PYCs:(iHohqEnHYLJyYo)bkrlk}|Wmb6|0ZR)i}e[RO97krU,cshw,GvDfkeE|Q;lVeuT:;r=v6?lJxv#</Neyvm/_glA^X;08
{[iU<eBe:|}E-x}s?,hh>,6/7Wt4%(utIE6dAO)UUS5xv@nv)W)tIl}[<t4nmu&81@3BUL3si]jbE(;(,HtCQ9Z[l<(hhhB*)g%]tM-Vq%e0R@Z;,FUbhl@vG7A}I&k}/MrFE8ncx<PT;sP3^<6.F2@2a?ikc;yURN3_zE]aP[:lAv-HMKm4EI^r%:lRW%8t?o@}9Tiu
h-KH-g#W{XC5]$Z@Qlpb6ua!ZK1S+T^xF)Pg*{>R62-b>hDb324AS2ThH,uSBX}T1?7NoC^jE)%H11NkA&BluH|L7g3F$=GwajKdC2rUMN%.%]U.w:p&Hh<AbVIsUByW5GUXh_;}Vxhm<bMBy1O2u#%#<?-sT4F6F3-A,1>]y?V*/UdGAey4J:-9S+Qf#A%=55!tGkVN
6Cw+Pp>o_=W,v]^ijS6,kmlxRfsg_zYhax:Mw1_p54^c0iD!kdtZY|M8R?6MHy*eotj}{_l^9h4adA2u]x#}n>{p1$?Rm(95[R_A*%NII?O>fo^p<{6)r**+5*ai7|2udrzdNsxYX@^i_|,;>fb#N6R8Gg6ZJNPkkY8u)%34c/kcFX,:8/gq#Na)G7(JUp91drWW9TPQ
#db=C@b3Pni3tZ={+k]F%|NJ-o)I4!A$>)J<wpBzq/Fx8QNb@Giv#BwX8/VIz:eItn?6a>#KGK/O|/J#2%%53|4v(xW60_^6pY{evf}$3<H%[vnh=_&*WQq<[=)K8o7kq@0(2&7C>BHdTk&.YIULx9IG1i1|+wX>lj&d8Uw#?ygu|BG#OB#cWdbXC.jMChIXQ=YD?2Ue
1:^Am/o&%i/@$=e%R8:kU>OJZ3/:vj9zOTV@{I|x?XRnd(#X/4B%yYoM@q?zusxh<,5p-G_FMMYssapES+F&QhAQZM4^bfVr,9y^Mb*?>,Ehe?Nu;5IbkpQfGbu,++TV.bPdVVNnX]?#QdXLp%!zP0|Hb}&f}WCMUPOTS0v96=+nfIm}cw}o6=O^=tP<&JHfpVoj9.D_
6eXeNt**m%F#Y|oA7ahGg%;Vq3k#mjW;IE)t}&ndW6O<tbc,$vy1^{KxY1&4cTaeBO(=hwmo-<{BBR0$J/ba^j6wr&1VCqXKS/0tUwtV*FhFJG/ojj-L|j,R^u*P-s0xYi]8}KhgBl/}cWE/-J6z$BD$Tv]EfG@P]s&n63/]QQxjT84M,[EBXaT_*:TB%oZ.x_)E{*a&
ni-E0,fo6|&PgC+OlAdtE-6AiyZ!Qsv^X??$ReFZ@GPr#=Vo.M*Rd7bZZRHNoyf<1ie,9-jF;uLxC5[g2iI7jM^c%J,1RD7a9ac#T6-?=)/js2m=fyD9WR.dsdu,h2&^59ZQn_S#B#X0+a$p!k/jUW^/_sA2u8_pOtnYcs%lGXVk,dsGvArTfVM]7;k0?EvEXjt>Y7JP
Y[l+Ye_iRHZ1n$3DZR%<zNF-40T822xiK0W7xXqW^+>i71F(8Bps8BSunQX!gb{]q)]KQbQo/wzmksa;QS9yG$AthEXh3bXvaNs<yN)O$I?^9#r&(.r>vF9gAw/Np+Zzm/V]!Rnf=YyjX)s(0^}6P+]TS4pSE7B!:{-x0P*{HYq*;Mc-)on!PkFLIrZ1-%A!x@%N-LiX
H=:8AmkCgg2rchf|>{:8K^q66U#/QC:Yu!=zjGZL.nd6MmE&xOa^sS#$]gMe-4_YYO^!-Lh{JhN,J(Vq/!NWwqGA!gO2}[DhBZ-,C=4el?_suVN,N)p6KW%o|:W5VaWO@Cfac|GX6{Xgp8p3H9nmf6z17TcN$g|W0[kWId+N<rpG1eZ)d&IRTtjXc#cYg--[eg.Ru,on
7b&5?)jU:b?s/r<nkYwBt=+n-7ZV[s$<J|t)[9;$4Z;yMO0<ZuqY0l*C[vp-q^MSr|Hcc^<iV+roQC<|M]Gl6}d^zZ^7z^I1WRdRa>Qze(+c0?[qeUtFp>C)G1O0k@oAt4[O|/(by)<!*]/2yi9,IoOFR5JVg90^l=hsE|V-m3^2KZm.dT%z>NbuyhKA]AdS%IUkTO@[
R2fkrK%bW[ZUSofV2t[.H,-t:>@FV]*cJf9me5mp4[)QhVVhJX/PM,_P/z}$t=VlHcmaq^6d}}Vz0DDLjv(o^I[?AN)3.<pWw($<>zB|C0di!4EF$RZ:&&<g}T[Hvzl4W/X8]Cz&_%;=>dAG$4$;PC?9_+MoAFne>sF/=f41S5k&]o[Bh=,shi<$a{S#@bC^e<kqrI!G
eV3x*8-2Kc:XcG|3<K,d0ugZXW2_%Zh|#AFt7#^4cRm,pP)0I4bPj*Aq^}&Qo$UNM@@)Wml6}5=3UYKfjYjentp=aTa$p$Z>o3nU,$|J:xdL4a{V0K_A6E0Q]gwA}yBiv(}<R;2-78Q6VfJJ<L{2L*xAqeopWhmfoeF7cLA]KaCS}s*+4NvAgK)/DI|,!1LLa9RBp<s-
@KIE%.kO:c5*elYjXXSV65c!O_nM-z2aLsJIl7_^TE^4(UGxGy<7#Q-q?]!,}[j4[)Xm0npfxax*=pHzj:hrfSW-nhcxb:w)h!T:W-w=W-t}[1#8u2,#$WKXnJ4Gkm)K>!=<!4,DLDER*%)KcYqiBNpy,=oI9lOb!gm@2@<)o3#?o|@LEF7L_0Ud8[hn905ZE)q+^4=6
*){iyi8Dk$r!:#ZPbc7:=7=*X!}#,r?!aj<NcDvw)v=M/4&3nL$[./LDvghD7ZPg]45L7hI+QEmgNx!L}[qetr*kxKB%z/Gh}{Bkk-%AEo37{Qy}B2,E_NM+:3r2S$XM]rWO&822&8%a>12zJ)UnzLstLBK.,mXX/aPwij35=MNx4f9(;m)mrn6GlL0zRi$eGYJfhtte
Q*/YOFYa9>KeJ69n7?+fh|Ue)b(hEhSDv[lh*tFy|?8udsWdJ*>xvq=dYNbr@#urTv^HRjP+6)HIKFQo9Dz*l(kbb)vXi(_q57S3Pa?5I,UX#D{9x,aAqDt6WNA]y8/I9ff9.w8c]gZ_$ewLROri0Ml./eQ5-nTmyvFq>!#9qc:UoI-XbQ;:cg@L*@n!tG[oz@:Fo-ym
<xZM@CcTC-y:|j!Cj6lIR!<rV#&$fgyD}{kyZN|GJh_8Tm[YCM6D]e.wC-U}TW1y5AtzrZTA&9HejZykE|i5#mc{=bMu:05B;PH2r-lZJjj&os,|MQcB)EHJ(,$6euSnj2eEg{$au9%wE0aVEmgh23mlVn]f{hcyDdx^2vOo*6]r:m:&kSR;wzZ_@i&rsS)ohDsu=,P(
|/)6?qhAljdDY(;E]wR1?dufgX|KY;pc_9?7NA:p_StMX,BE#]xwUBHP/|!SlhLaE(-Y,K_)5ANYI2?85ZK<[,)}pp!N&pgWQUzsa%vR<eE+*crNu_|?$SrFfPN9?lPt%,thod#Xp:9{Q&7_Msp/,/O8VKd)[>e%YT1p(I-S%Um:_Z/mKG{fFORFY{#Bg(?eG14>;fzK
s#X|-Og7dm#UH{cY?*Q|bo3-[/G8/wV^iX9;-n1htzBW;?Cb3I8mrrhEC]xPOh=usupK+2zzn#J7+Vk6(DFZIs$JPz/<Rm]C1S@UrC[&.7pV;m<1RDQB|{G%G:.VHMVg90<k#beBzN,A*F-ptUXn/mO0Q3kez0Y0V%$Q46rs.2+;/lMul(!uA0$Y=M|1OyWw]8,bD<).
lohAHDUq}:Q34x=if?au1>cF,U&2t-bc$-rzT<tvt(g_f/Z)zJ[q@}>e3F)t5{7$>w/nlJ6Sn3bL|;6D?*YjB2DAb{f44>-!PKxpX6mrZ?lN=Gg=|Z-egDa<m:QXs7I5J0fED:qZ#?ebw?:zZggv=L4xTi@IgvB<r}M|&d^n!@^Y%RNQK+ae&!aVy{me51o?|AB[>%9A
nS/1_A_sm)Pf4T#_/=uC|*)krXO#9tnd<>KCt&=?^=.?|lj7]9due4A.mo1lI?hCX.1QpXJ)V&<Wl5os+1G>}XxV_i,smq5HAUBzznfP@ao2#X|/R1{FVS}i-CPuQG5+(aY$M@yx:QA1736QLj&[>OyFvDY]N1E,xJ7$S9aW9x#k8u,-FU$(F|:hh80-ri_sup!o_aem
3dd?EFl^S-)(RG<a;mCeLW64w_VpTTnGvJu_CIfxA>3f}aU@aQfhrk!y}xM42:aJ)&<_6Cx><Pt#7-|B2eqXfN>H_Vs)2|_?g2#|_K{xfV}3gfLa}zd)Y+}cFbQT{y@/DKhO.S|M{>M>YnWht]_Cba!Uw0M%KPbTdb),4%jmS:{Wk7/_MxGPaI^HfT3&C0{(q7akp!?E
2#2F.i*p]sAL%X4JnT]L3I#*b&[iSd0O=RJ%+0q-Un^.}*J>sA;=wH:l>PX%}O+XdQ7yP}u+ZU4K#pfcGT{^s&HU[=,jMl8t{qYC[w_guc[le|cd+h,;f]U|$F5s9c-p3*(epXqu,hf%(aO.;oO&(=C(f+[agz3Rj+.M/d3EV>7_faP1lir([O,/6(bAt5[sZd*R/b!D
3+?m,xGdJoaGm-.(i2];b}Ugu<O,=t%fRTvU2^g>4y?5?B2]qU/#HeQMKpQU((d|UE7TvjFB-npWH-801zU2tq|FJQSvLP,0[+DP{.S_}_k!{g=&)*COndoz}%uTync{(_zR1p2<7]#S,gB6:@vLzB0VvIr[.E3=MwV)%i[jh)KgP2ckV/$E5N:i&iR#i^+:er/g!&.y
CgFZlD5^Vw+.XBOhJw<+20XajyMkz7ZP@^YJ<pKj4]$,aidPkxEyB6039Sg_SAFBji$Yt7Z7Huzf&U,wU[UGQ+uY>x?Tt]>G-xzrJ}/@la;bw,GzLijI.0tf@HAYY6)4-I^k.oe=KcemB#}6^qXN-XJGzO5hPHYe+OZF=zIq/o4{wVP5ZEvCG-%!C]47gB?PB_];{DCf
$iq[^ht*(nD&W$m0N-&#=$_<%2ls?aL>@_(<fTOr2rxGNfS40[<SLvyXE%yDl+l>1.>(}4),@q-@-^BJdlT2l?>L*nCHEHuuG9Cr.L|(n-xO0@bE!l{NK0j/6AdEvz)EGq8^|%28.?p;p2iVQH5u<YBR--T<}XPJisr>g@f%]k_CGz#S|j{$;%X4&9Q.0m-pZXXlv*iH
Wo:;GlgU67gwq(Tl.s6|39iB1.,lfR]a+}NJ{G0-O1/iX,z#-i]v*wW.@PQ](m^JfGM!M3&}l]<T{WZSuM:bZWKib+mPl_k;@xChjI.o^}WhxzMhL7g(<1)l@>w@^L9w;T4Uls11><*n(.!/jKr)FZi$uuJ[{V3Z]mDkExz9ML>Girz,WO?%HtW0NuV$yck?#z#,.O]Z
n6__-VN1pAE%&KMOef<+yysB1v(40fp+!)n:@^5eW:_lh:x.<%P*PjF%0u8^S,!c;*OYq2i,>AF5^f6{G/-zjh(7+UdWC$,G:H+^FK1kFoPU3i)Z-7LC/KP%!3/ls*u1jiw$@d]fzQ|7Fg&Q([U:/y%.;&K6,G%URJ)E-9b@iAZ]3rL%M7F+|ZvztECl$3?vuGQ[O5JI
X0,<cROE;p3@tZ%iaA(9aDZteiPgDv>0]3&YaQ2kO.2n+bgQ1hH>}kLOi-Gcns&-#.4i{lHWt%w{(g*lLQC[aB_,$-%{?S9P?lKN=xz1p(c/0s?E}|>/ch?1mnLbDtg3*j611u.T#H}|j%)x|F#=po!}DqB[K#=@}uYjJ%ip>DWJRN^u]qDa>bXjj@g/*|Yg0o#31;3u
Pb4P&MC)}fyf*CsH+L9nG:Siz!TQ#sqy3Yq9.=^A7r7W$+c?v&noS1+U{:|Z+%6<uXpVG8dILBfgv28;WN)_m!LYZ@_*yTvv2)q$(hr_NO-Rsv3YNSOG:X{JkPN3ILlsQnzgRg_j2aq9lcVb?]o)3*RiE.c@3bY.qy+Kv>sB1tel/AREQS3^<a.V1H=_)YYRO:D^5)H8
jA;s&8en@JX{]}}<T]KfNlff]kdQuhBmi5z|Bq4jSa3M)2h/ke{]{Q(jdH|:>207OYU(53>3{fv2XT6W^]V$Uk>*x(*C}T[G<ywvw}ERHUZpVRqmJkaa0P3f9,^-NnHk+;1|]O=<%pR[y}ucC1CmJ1.W[i6_ZpVgU4if&SI@MefzPw{hn3|]E>@WWoATsNN#}r@d_N8v
Qs2I/0j)VKQ7+fXT@IaD*fmmCd#Mf{hCa6v)gQm@5#]LWYbImJ3>qctAOc77v0OT3xR,E-5N$xdncdSYz6&orMycT{K#2B$r1{Iz9I^d<,dBO0Ww:.t!2PmX<lj,lnpKg$1aw_Hi%y@Eqw7Bc1+2I2:PgGqzuI>yn-NKtz.YZqa6MbNL%5cFF|<h)WUfOSaCp*]L):{!
{^yuFV/[>.=^c0[le))815hf0RUI)(7XZOIXw{9sRFO/WzA?Q6c*,*&#|VWj/h<d{_|6zSKWr&;;Mi6hhTE!kdO7xZ(}{|)Z{cMKX-_>d^H<3|>sEaVaQ8e2l-o7>%1U^=kuvYi}{(Jz6wwad,f|#b#Y+Cf9zrW4!fyeNorw3OXRrkEQW&2LuQo*0MO%NL703I8zn@qu
}Gs#TL,=cFl8QN:2!UUT8RocZ]h%1YoK=/IFg<b[4<mD?f+usF2:_<AvO<CxAJ&6,?2%[S%(bT&ErsBE;cMtE8VS@U+-@yT5X?fp5a*L0G/Da.yzVBjTT{qQ?%Vkg[buH+mW=X7X9;/wzAYMbZ<W{-&trJfI,Hv@q.<ck4rkmDd(h]ya(+%d7i]g?*d(w8g5;dmJ5&E-
WP(86UlBO[WLE;og@h2m3o}D}_ZaQ7B=I4{_cNH=j,Fpv*[}GE#0%/eue6[:z?2kt}XsOyO3^Z*_c2hUul5&p)f>b@l]MrRNR2Ww&24xI+4x!Ij(u_p64VNB>V}{lz)(#d1ph/^<FP$Y-?e6.jDgkZ+K^[O0kEj(F.dv}wO%GHLI56KEn)f]/y0.C1G+&?32eKarD&mf
|N(T3$Z%<sb&HW4Y#ww?;cUVS*acEy_9PyyoE-%nu3LKy<lJ(^%bX7/MbL]eqon&Yb8o=)5zv*.WJzBn9:<2nEUHX[CFIE!#%znXCZT7WN:Nq_-oeV)C$|3S:WCHc};-|[n$9{>0Yotnntl,<tEzNK>}uv+!)o5e+TrOA0*)e3[tZkGOEwn6/K(Z%6b0bG6?m0QQ^GqB
<#Mnw_5u>CO}N^-<#/)c;<<^.SvNE5EvDeu=mV2QR%a0-4L7U%kNW*,h$iIZ0;Hto)m;FJYNjX(q6f#)if_iRm.d/%S.)|A-rbqT->r9*^3f<0E1u)jFs:j3{.{3[F,h0mdT#Q82cKkFD80&%J{VNzxw^>J:+|7j0i(3+d}#]=>%BM75=?Un(!}4G.nXjnhNPv3j0pbz
lg=4y8O0LKZ@-1d=pAup(54Rals<c[/F8#J6cZ1ND+#$$*AqR@un2z954s[Y9nQ=KFXgwoly<J[AumRuDxzQBb;n9,gFS>i6tuOz_hf1ej]R{N$g56o_$#Leym,W4bDEv/aC?6l)J4A.7c|h#c1lu&gwDdy<*k]%l#TAb,TZ_o<iFCPF#R]k5-I.9b;,fb/K)kk@*!HZ
;I3eBj}eQx&?&2}c#QDJ7[(-tU4M?8P*OnWraMJ83o6F=lA||jn}il(Yg,[:r|SBu*:w{gd0<QHomQoF/)[srz|*2r1>9[Pii-*JDjMBNI>t0iV#stK[CafT8AH^?J!h&u2YC2TDQ.i;/LUuG[5g<0z9<u3K,J>V9GsvSt-!K:F._CqQ!1?dVu[F.J)-PyC#-lsqr*k@
FQxHS$B@fW6P?B%${!yELY%z9/7=iE^%a+AUx[eS|5#RnOth@H]B%-QmIcX:OPnjUrUXAA[sv,JU{plx>(sJq}MuonwlC[[U(61894SuY{4>S0qhPpH5+cUwbgIrL:5bT$WRr7R11}W0aUDRA7^@!s)Ek1!#+3Vy75)lTS7_R6Y$O3e;ukR+ury>E.X74ZlS&aq-0Q|6
#vT,&pm38U!]?ED4Y9rG5ddDL&i293@84fRqev-.nS3N)Ui1Moj;-v7xvoT7_g=lw1_*Q^:ij0I?usrWso5*=^;eVn4+s8L!$X]hvd}:-/v%F$U.}G!>+v4@vC&jkZTzU*zKI/:XY*WS@2g7i.Z_8YLK=u}d|fWZlRKaSv$-Q@5L@/+M97WrVm>1o*8q4>WDFCNPM<4c
<NXotWR>BDDZa<xX?vko5hN;L-#Aq0]xz0luVoDSclHjPT0Ms?X4TWJp{L}^1k,$d*Xf?TlwS(l7d[.}EYB5^0JqrY7[VB|5(H3@m5bI6JOpGDYGYXno8,$@B>l>nNpt{8R_a=_q|9YysG{Y!q;uKG&h2%jgRsr^7D8t<Q9K:a1j?r]]._+6IH@XV>0FDUv;qid-HCkM
C9+9u8|,0VGVFaL_4:lPYJd.?zS|.=iXJ0&c7;jbYf8uy[?&V^%&&wiqJSEB.#K:e<z1iLcUqF6M9dIlYpMmt=mEP@pF_p;jDG{7|g3U<)jNaMq!Qo{i?/BcEbK[K,VC*PW]r2_fY.:M+u-zwdaNU-I#21,Qqk=4da]>|5+tr|U3S]iwfKbKiMg>^BE/>p;Z%w@_1Jtw
rkgY|6z4R,X2i2c+*j%o8WpP|2o:JeED9XZ4(J4n^>4u3Ei#&bV8=!z9yU60{1YXRP+/zm&G{T5T<ZXGl*+V@0#8$jR$Hg{Xd#Pvc*TMSeZ|}4%*]I[2$AzHnGL_H|ha<Wh|okv=or1nD:Wyf5}rThfh/4&/PS*pj#[pPQWa1@eVj:mX*-c78s.TgTsFvdG4vuGn,8Sz
P/=)J^iJJ=Jiuw.btVbJ!JaeE8>/.iiQAUu3/lL3O2o1s[^U>_PLmS#q/K/qG3E6:Ez?K*903atS:K|d!BL{q#;{..Z]d.NDI-k#%48:5l_4/1aZ)nQ5X/}!/}[;0YfhU|tKP6!MHBHxnV+4f]HZKJ9zkjGAtbuOAk6}z)zZwk[|x#+NjiQ]v8Oo}/doYQ%$6gya^6H)