%W17v2Kl!sTJ+0gn83waZAGB;E4_u5N
dd0:tJ8Uj4zRDU1!R!sCDgGW=7@Z$LjKYpp2bn$;
jrSjSf.?nUFCn95HHjY::A+EaaJ%uO$b-WkP3pT_-81vMU4ZSO@,Hrgb4t3_k,Yd8
hkeSIYVGV%VTMXHECF2X1U._taGne?y jC0?4OwAv?qunp9.O#WSXP82L8mJ92Z5nUN_lJcW1sn
:M T!NT4%T0XK6db@T#8nVrhdHzT;+btP
V62+seu+SwhFE0.Q8n=8;!giK60rtg+ZZIt.$.ClPi?L@gT9z1pDAV;F+fP2TQ3ZQr@-:cujlTo
-dK7QP!0Bf :T%49YAPF?
 z?fAtg1fpBJR-@tdgEz-ay!
1M+qrj!jjcMA5k4l2OExocqIHV6Rbm#S0+Ug0z0_L:g#p?jjBKq@o1:jbyc
6AVwl0oAsf2R%Cnr4D0 36KN9q$+yL1r1iZGO=hK?X.gz8=uEQOSf:VQ=qqktjMW;$BpEARXFl@
qC+ij+%kpVT2@XLk;4Ab:z3C2@qiuLuqks@AJ@+evTETF#:yNqtZJ0Q:YwLV@0
G6;++QYhp$0KKdW!=s6,5KNp;0e.B0!X#K
#i_xPVVhA_SGHf,tYEEY8E yCNoTD+K=8s2X.WronYT#+J$2V
H1OLP_Nk:XkNk3J:NT2$CTbcMW8:NmUNV8;eUUV314YVBUKf84DUi4
pT 7,jXd0YUfe$9ohN8.TZgyfC;paY8zR9wNCVaShsrTcs@JvIes=6V
;XGXzeMrRch.VPL!p7Ij47MSrrj@n?$4.F.3ZH
EewMSPjdeuv3CQA.ggi#:qi3TJU=vI@BO,CTbImWcTW:7P%JbM
T@50vTowOVGzlSpp+:=wkrXzl,ayI+7LqrzQArB
y3sCT3SR?=K$+DOScKN4@AZT28A5DTCDl3Kw1?Jat
wE7UkpPgUlifBhNlPu-!.fNK48d5MJ%-rxfa#hd;m=?0KNL83xduhZN$f!c?lBhzLgjZm1Cogtwo US
WiS3x7tk$j%esU5SG:DnzZwRfATyK+#G@0lEoq;aevlzA.@
-Gw0tEA65w=Z=FG?uaEjmRRjSkfDrRt@JmBq-n$S=;OrK7btmx_i:o:ULcHZGTE2uHOn
H!pmyP7#Oid9.eB;b4w3ouc#K$TxWkFE-H!%-9x8Lim;Pty-!D,0jQGQ.?
wGvj:fdsrOhYnH_Ns2vDDJSkBPP-$uFfv2MHAeX?Bu8!T9%V::zIU:,+Cm5c7XyTfM1$zjKtz
qxnFZfqXsWl:7#MogduoTND3jBuf?Ntvsz5C-zXdIuFGuya:av?HmFhQ?-k+%BU?Vn13K?utB
.pK7f=QwOiN9dzaLhu1eRkHATIq-skB
PQ@EN1n5yPmU1=i$h50_dg3#E7
edgbiY9?Q!+8wOUP$Ae2JCPqWo9APTYT68#R7qYb8J214iywc=jzK D5q#d2nEyi7Jo1Yia=
@Ix.LnQ3criG90R%pru@zw+_CI?ugGoEJH:brQz;Jr5 FO3ZM=vEw ictRzHm$74n?
,s3xGP!H0uFp:,IuIzkGKx% gcdAS%07MMUj
8Jnizd@T!g@apLsOZ-CRi8i;njbD+gFUdCpgx8NT0iek@C9_idHaM#V2,LhRluBe9JMSHpy2uBpfi
4kbp%RtNIGOluRLHzLD6T!!H7_%B3%tM4adEXBsLpf
-Mw@tlXML-jRN7kOR5hXXWrHM5_Y%jjMp
XfQE8w-g6gPNZjX =GTy,o+
#togfmjJR_yYf1bF+Jj,d6NV#M$wcPWC%EXQa62QJ#f4ev
f.80;GieL3v6de!z!n89CCt3Ri2qWVnNm3O%
k13B?w9yuVlZ06I@,FXSqxVNjQK0:1vMYfYJy+T1_w2jFgDoFYsvPw$DI+p5VwlA=_;+4UWJ
ZVkt+-sdgvBoTUr0hG#jT
EVJcH%f++vSL_5BNF881rq:DwwXqQ@$s!_
Xll1m2=WpIipbSuMhT%A?
yyTk#9Xp H 8vL%g-Kd8:nWH$Jjbk,qnH2jZ;pujiPDNwH?ESF:k$l$9gol+$UU =66FkkOBxcPF%xQ
m6fGzv6U=WGc;v_1aKoYZX. q7
Q XbOq@2P=4f+43wQ+R_3p!r Ylm5rdx=OD1$Im4HUEmiVk!!3?1isIBiroLGh:sKHSW
b$5:oHKb0WO%K18Fg?L_4DDx4?I8EWwvyi:7GE7H+?QP9
TK7w9+WrAwtyTFpt8%LoyrVGQ95piVyk6$01t dam9ABsrC%PXW3E9Ph6Ede
ySYh%!TwZxb18xgj#v:wmk
$tLZ:LcI+d@?XsSc5g5UNMUt.P,gC16WJgSB;EP5uGxHs_ck?.nHWe1lBh4Yv,
P2XnVVK7FQFrJjqKC==NJjC9Ed==?e
WiN:%T0cw=vvXOPS6hkCAyYpWnP#$c0$nW$vC%DsSeV:M#0u=foIQ
nGLZ UNY-=1xrlC4.1 R5gKQ$S?9sdUX66klGpfC1OC4Yn=
zQzw;c3Z;lNPNqhW=0,9?NGxrBVPVtuOLP!sG=:_Gi
Pqzsw!kYvtiZGkUS96v1jo4YZG#eG_6onkBNhB.J,d!?4G8YPdCNrzNg1UcJ@-7V:6ak1
ohIdUVqvpngitc.cPXd$Pox07#s=KxjKB@E8xd=rqjPMTr$h3!Lh_jds6eWpbkw5 J8H!52$4,o
olc?Kf2P,BTna+9LiKz@?tB63UmyDaKl8-T$5K1Kyt
d8n1CxLScTAPIRB+EVo6Bpxa%
E,B%$O#@OcFI3@+fkwFg=9cEny1z=V7G!C2uF
a5ZTNj$xXYWs;+WBgwJo9x1Hq8VuV+Z-EVY+;%nc33 L$yhLOeFnEq
4D%GgCbke;JbYkO:P%+-FABk:RQo#Pw$8 km7,h,w+IbSCqwrEn6t!v7mkbEDw7,7R1DRi
qmlcwQOvDUk8N $;RbLIYqY:$:=# oOxTKx!cRCDjevd0?= wZlA#GcE7tuc.
m._Xtl7gwpa$DMi4Lt94Fto@0bdi49xRJE+5hoI5Qp%d.PSzh?-LkECX#
c7;2M#QyyIBGSCxCH?cHg
N,Upfy;o7Km:0ZA21-,Nb.dWc6Iu5Ch#?b.hc5EdJTvt,9%j;
s_$+-.4ag92y4d2wvMKGwwOB$Cn%nw2zPEOqjk6T8g;+c-
DIR8-_kLM1BM0dgzf7QTUfGH #;K@UT1A $ID%1hWHV0_,wk2DVAKjHEN#F4mc.$l=xnZNAG.x!
%jYkwX#Uz38I-ZF-HIEDy2m+8@ArrMXy#tIn$DnRHP7xSwB!.zLJh1S3597YF@tQ mfE;aiTAnL??:6G
k8va5-Zf?u!bJ5?n?km63CGfzdaypqVAocLLyFJbCY2._9I?8tbjw_dyqr;9=3
+Lfwwb?c6E,b3 Y@0WCIU7JN!Yxh7wD0s#2+NIg$#rkrPD#Hc%Di4-wPnK@c!yzk+fAgcgdkpQ!Ag
ZIz#KFUkth-:gw+Trm?H%:mrqxAFqu-t +Q _C_BlclXR#QBiw.J_Lq8S@C
Fgl@Tcj5ElOGZGdIbzc;p$Y.w9VrK3Q?2rT+PS4;_ZLXWft9ovTAq-#es,c#eeWf72uLod!
ru;ag31oi;rpsVnLmGvuy1NrX-L8iOb-UJ
Qw2! +6yEHa7cY.ml=0KV_tF.6;,jTbR;.fs
.kfF?vrh lN6.gAZ;0h23p_fspcOVH+Mc
O7GsP8Wf1QQQP54@h,I,xu+4a5=ConQv?6K0jgQeJ,$=bg =BJq3H_i
?ztrts,59yw%tZQbz1h@_ TMKyZ:;!GX$VLBQmuWQ+wEb8nz4$18sjVReEg
tPAlAVc!eB#_n9bGTpLtbAd,IQA,dH 08v_vB-d$Z:AR,.s.-gufT@tMsn_ %ShBztJVg.
:KA?!;SFdumexDXvJQ_NN. +KP;WDKJw$Y:P9xUG=9Me6$iw_nl?l2 
07QYxr#23g%MLD7TiogSw?GYU88E+#toS-;M.j9WJQjL!r@1qR2%yX%!KzBf:xdc! lEKghE1GGlr39X
QMylz#13Wrv$.o99dMV%++es+h2ULxaX-CBrmcpeOUXT7SfpROye,x
#5 Q9bLo6HZNnRF,NXM+FsEYQ32?F1
1flCm4TH tNk;A!UGCc?@e__lo
N2=44AY%%@:0.-@Rb,tP9haLsv5nq,ew=zkGXIuk8C9PiD
.Ak9..7j;1Phlea0f#E2QwjV!UI%4p_E8zPgBW#W+9R=f
c@IuUAVNz3s0bdnpzpm%%KxEX2A$
TwRniP4I$P4SBdP qw.+OC@u8K_yzly-d7MZF1+LnaT;G$npRzv%OdwwF+YKP+?qKBxnyZY @92y
=V%E yvitYzUSPDJA2z3r=3nb=oQFIbs+9HK9A1yL9MO6xPGQwQsCcpLY!GRo
:$IW=owaDqbj;T+b$ zb#sQ0v nWtrH_=KMjJ9ff+Rjfg
f5b35SCNW 2,BT67N@eyo@%!eee1G jn6L.7a:P.RrA-
DSGG9+vd!a@ZKHs9_1uK:i9X_u5@1C1@%@b1vR+tIl-kylwwqhu
S1vjyS1mR+SE2+57GWECU-ucSHr7.WLYBEJSyym4pvU:BiX?%p YD_vNX?J%#
uFt+mjL=GCG60jc;79.gXOKK+0UT8-Jvb.N#szTo9oJTO!rmu,0rZPut%3W3CtmmDtjk8agZ5B
M8W2.Fx1Eb;ehZikQ@yG4ZU0_
45oJL06wx@4 cdxh@i7.+=uZ#_@ArD5=Fsf_9cG+t3Xb+_ZuTVc6HxM_lr%a+6CLu!vR-KbL8%gTTM
A$2o$Gv4Fw:Q?vYOb3Ia2g;UbD#5eb23;Uj8d@S4seIllrEc5GUy70$
%6ZTK1,byf. TKn@We4qO2.Esw#lCpzjPHP,6S3qH%TCbigYP#.2KuLAXQk9DIjUPF-H7+D=
O-fHG@lHpRMCUu4,?_i$bbtFr,g_GX9;D0J1YeO@;s
$?YmuqjiyaI.#bv V:sWi:Lp3LpJ1QTp!DqG Sk+VEJHK
TvVOAo$AK6g1dBSCXD.!1GHCU_7_HCIBAWFpx#mL35tcUiLR6W7fNtXGhD;b#iT_J$
%emyIH-;wi66QrGvmgwfX?J$=h_?xR@l@9%psS@T77W4Q.S$A
KADb3UH+WJgg6tx2_y4vmIT0-3IH2zUD.8v$7sXqk86RqqUs_7N xK?=
ozs0vqN1Mfhffl0um @yAua1nNQkrTD@4@.v_VcCEDOYo F5I4_7RveF_WitbBHFxaybYDnj#7Xu8-pL