.$Ga;VJ:dGqTv=E2prysrw?MX5_L%wMmWryy:mY_b,BMl$6v4KnI#telK,Z23WvZ:obG0cE;k
8?hQ?Qu88VOE?:@v3c94j=1h7S52QXI09whGUFzoM
oju9!EtsD$WHTNo5yVpC@;!hNDN,20C=Byg:NU#xSHTD
cj,zK%Vla@?vfj7mbf_Uh+w=YFAAj-T:1nm:ulz=u?,yP.vT,Po=AjMkiX0?w%bHerrXYVUaXP.h@Q=M
vlHX#Nqa3wYhpT1bB-%E k?Z5HisrXV;5tbs599pc2$.JRjQX+b
i._ba2-vsf4+%MWLA Wnas9MsvO@ 1,Yt?Q
i;! akf1%UvQzok.?Oce1?+9c3FpAkNyk1gXisGU$oI;5Shv6wD=ED%4l
-Axoy,@rLPS7td sIiAgfd!Lg
B:!CsG3N2?9WQq+YNV3_pv5lPtLjh;7?:FoxV cb:Ibjm?,7VhZ_z.omVFO@Ma6MqyiQ#kn;UyQg54
bx=0d3WWCyFQxj5QdBdd4,P_OEGzeeqiN9DgV_X#L2PN0rXdX#+amY9z
8 f!SqLll.:PW-3IQ.Z3j?@=zmxzgbDckOmW6s;6SZn=. Zn
%1#QVKRDk4-GJMSU24#n,LRAS.7jSV$7o0mYBgq#g2uQ:ncCUd5%w+-wvvelPuTagPUcxlkzpB7V=E9
@=S ?Q#tknM7ew@kU3EkG,xU71qaiuKU!rcRxQyR
:ae3dhy8lCWzxyR3CDOh4G+o7
8 T+3QQUd;h7NCsPdnrTf6?qaLn$;:sR#6Xhv%JDq030!mnzb
!iz!kp_Dp:-kaVJUJ_8C6TRKVXSl2kPiId9F+;:j+LQhQ:@hwX 
0LWoiz9ouKJx#ku4uXEh3sb5MF:dXrc-U$n Lw
AbyjuxOmVFuFohM7m%S3Br
!7yLU,PUAR?6swjPGDMjV1SSb,uksN2K59yTMVvjM?uB5@Og,kCD7Yu,qTZpveTzn@Uf@9aLDuHhD
I%4Q.4+,MWuyD Q:kr@_KJV:ms 5IYr !I2!EL8;Bq9_t!xR9ZT
kQgu+::9AmW6d:%TQw,G9:yPfEAg0Byuo.In!HUs4g!NG:Vo#_Q?NwG2xRj0ou
nxVup pwEqs5ZIu25!WwDHpL$9m@nu#C7W_VTE8uO gChnk5 :rTkva_yZk1s!b+
Fz$%y 0DDoX.L%OIMirfPszTUfl$1!?CuU.#-6#0-ROMkrNoRK%U
elsDO%BCi.YrM;PueyWK27,kxBy!D2RD7FRyid
9Pu:6dWrW+nRcXvp?=u_!,VGURnS%Qtrke#QT_1TuCr94=nFlOzqB!:SXaDRCur!;JG6J4f92$
aUv0Q6!MW5Lu.hPdvmF2VAesuXz:KkoOGI#5B@@ZS4b.
-!3A.hOi##E@5$HOg.vDPQ5_chY-RSDyo%Hh;7VI,ti8EkhQ%SgdxbEYbr@f
ysY2TZSG6dR-#MNi1EP5
5EqZ_eQqcSFS_iS2kXn5q:VQcoccZyd@=VC%4bOTv?+ ZUQikN% 
OFj$!Cbv8p!-xWmQwC8f!cBT zU
b4.+c=-oESq?9kBY1_BHaKYenT!_XQXg@yj?5xI-,
5#oQI8o%:q$vg:KoTQgOU
aN.3HWxs!tmzt:787#Eee2zW!eoSyX !UcPG6#8C
Z5ixgBcnuHRqqK?72%k2L#=x@!wO,+7vlmBfTlB3yM Uw.s6??$8Qvs0E9L5Eo.zdU+@D
GrO#oGD;f-:nfLATNQqO2$86Zx7hqa4jTgEaID13 O $xgIptzzy=
:JV:7g+3zKm7uTg0X?iMlI0V;2@n?BftjAXL+v!-yPNF@.lE;ZlsO4PFppn--,HweS u,
%NFAz-e2xTG4B Mty3BSWtmz-,K7B
cMcMTI:Ul91Swb,cmkz EfJD3bv2YP7dvoKsK?cb196sUCBCO_As%dS8jgUs2y-aec59
mk2dP3qxm.%XU%gTZkzm5ZQF6uRnlZF327IP2FkRzZ;X7Pg0L1hh21nf
In%JydKCM$#3BwXuFxgkmq,E6-WyiT51t7!iKz18Ct%#5-@;WEsPqs%wm ;5f
coEm8KcN3vB =!8dma%:mnp
ox0O1VZVYf!Pvwt$WrnDwlcM6py OYxf
5QPxV ounXiz@fZzr9_ToYWxyYIwuFgn@Q5nF#:eMSLAU3waJ%Mcx@
-GR;cMRhW1HCmzVXUi$$
G;JHkaR6$rQxsqBrIU1wt59Vuik0ALTZAj8BOScwGTbBwj?-$3v6!c-J1OK
7F8X+q4#0m 9#h!4QS.,yWDYFLg
cXb0LVYpGt0GzM68,j@ysww3bVOm@KtoAP+bDM?p:@K61kb4DW
0E1p2CBX WWv7duFwU#r+kI8w8wLJpeyO4ejns+wj,q0-Ev!:
b5!MEVeQetOv=oyZ9Yijsitxemvc;+ZrBU+
Cab;KTG?TXr=5j:7+9=ZN@jM
LJdVA=aat.OckarIY,vzIO N+O;NP?QnjPaM@i#PWZCC$J1W1B-jj+
Q7vpFIL9,TDU!P%wgwQh#lzGw p7a!%M5zJvJTGLc?fd5=9jqe+oY
oNLf FB_IIc2=j8p;2,ZQvkI
fTWgn.4h88RXU4V-t i#H5_Gf2!WjfUALu;GEGMCPnxH$
X8oG:,$ kCbxnV8Rz6dobw@!+@:uoA..rn,akKOhJ6T?b+J2.CH?qhok
:wnNlvXl8HuI@=1_kS#aACHY@kPU.jbo=lY9i%CMR@Y3ssX_ZSGZD;t4
 U%HQRsto!GdrJP2A.LwiX$5Y_hn2pMK0ZVj.jprCr!NMR8b3TtbSchs2-WH2;4+r
s91rFR.!0Ctn8s-@qzeW%toN9xpdsWIDG9K7luoXe1bQ00fq:Na0!YZI9t
TfjvSuBdc y.56Ryd5!QiTg+5+wzcR0FDzP;p4+b,fHwP+=982qCA:
a1_uo460IyWS%3X$%jUDNF4:aEV2BP 
zh+gg#yQ@QSZmn._+iB1U.pJl;-$bL+..LT0Ups4km!R=; 0pHYU
6baDb:QNNO-SLU2z6C-0!X.;H8D+LkEUKjMQhjJzj%v!DNvRRa6KQKsV5er?1RtQ?z$K
p-A:gVc6mdof.pkSVMv6,1kBLJ?Cgj1z:Qb_KE4Ras $J!a0U2CeFGQ- mRu$.+b9
2Y9dKzsm_DGff@=@l1bpiFjVAUr+1y6OkT
UbI?xe-y600F. jVJKGL
hneS2kgRC9+8UQ,IlkxI%oaf=5y6@_5qi4K9Xgp$zD llDDP
-IIGwbLk@:jH!yZesztNdq#MSO
KV,Yml6=3PT=Mxipx 7774m#:xeCNvs#oDpNW.:HinH4%i.Vy.YZ #R1qNdN947.@uCrk8
Z8.aqzn8ZRfW$Eg?$SAF%fNndJp#qem.nRgXK$hgV,t:Lz$aC9
u8,;.GzFGCxh5z?I1pl8kQ3cgM c#Ba7Wyd+F3xV_7x46PN3q-28=SL%lxBM1S4+=E800g6YU73Hr
sOhavHeVWikfR1VEUzA6zi$Sbb6g=m5b#-FxokH
#i!unvB0Myoi+!LW-W7;5-X9n:77c1B -vwOKpEQ+5@+$ou
ronEDDnDUdD8g.$-2 3sO_:zQ#:ATWXXN2#smY7L!aH1K 0,WP.7=IaRV1#F$2p4x,yl;-x+:5Z;
m#++ _@q,P_uXPa78p=mD:$Y=iI#FuR5-Ai$TS#!g!-r
epC$;Rj2RcL5r,lY20jz0xkns_% C5W6.GQPR
vWe_zI6Mv;l!qft73J91CBK9UA_9%j$g-D4EmDE?HSWmXN+H2#I=eB+GlFuY-CquL2yMByZIb,%4W
V.0zwg8! DC6rKxt11M-$%3C0.gy_Ol$47Vqg4$ThFbw:@Me!V-%NW
VO c-OIzcs;E#M78C.I6DIwI:mY!.
XMnizf:cYrZ22pgLnYaMwt82HCQ0eMmeMFw0 oz.1V3nN=zrg0k4
R8E4_#F+P77TVwJj6RlmG:WU:#+PM@7i9#N.%s8f
JeAfB;2ZnRy5SuNiNvVFsB47uZn7Nu :gzqRu+rnekru-;fG uWRn2 8elhy3lfzXW0OiDi+aZ
07%VHZ?YL?bDc4;OL%h_M?T?y%k%OsT1kKgqc;Ah8vDD?@qj-wTRlTZIfe6zvdhr3=MfKc6E1C
RrKgpmocX,8AB5bIhszB:m%AlOy_DMo-xoM1=
2xrG34#N7X!K39=jHgiYFOwGKebXvUa-xR3x@b2nVHPqi;
rJs_-mdapq%iURK00ytH,0T$wdHe?ZFEd
 OtzlhK,oRiFh4WC9xvxg: fY?k!VW1in?8UY;v
P?__OautY9TUUG8fRv?5P0p$R !fHnxYly8Hj=L5KVzRm_8?6d3eTmz+I1z
ba$ Mse2eY2OM+mDgewNI S47obSDed2xQkWr$0xK!FVZA2cqKkf%
2qwQZgUcmzLO9:eH0WZT4hsvjSGfRA:mg9VEX7t=x4wy?2STaGCQ!J9
G%zfMD1cDT9fgIxq9IE!0,PD.UueJhLe%rcbb$8lZwL6i7BfRq4-055QM8ud
fk7ele5kndl 638o#Z67uEC%%9JRhJ9h_NJG
iTUz:Cg7n5Is8YP=$=BEQ!TD#N?#XLGrOo9Lx1UeOd@T#-K.WzV9;.:Xl_mU@q88TsCNH
5n3n Coey#efa$V+n.u_Vwb1 #LNl@#!W-;tYi%P:w?7=3bYSLe_,_t21HIej5A
;mKRTyoIQI!qXGlc;-lPnmphD-Nvu6@XQ_sW7
lSrUAWorc=.?CrlgFvh=Dv39VR5n1:.;l
0Gp0GfM.aiv46ZxCW4PFKj,n,2qXfuYGs;HsTs@cPBegKACP5PJ+SZUNPCK7fC+DB4F EsRB+f2
9aUgEiO; GmcmOGT2NOU@!Jg447j?gMhps0xxvEXd%#9_%p$h,9l,xQ
2Tvok?w.RlVf.lJb3KGg+8VgOawrIHLemAuZRHnS:vfP448JxkRq.J.OI2hM,8Fo2lWGj@sj$M
Lf;sjxiA9UO,gxt qAi#Kf3jt=b%H0VM P-dHk8r8PM@i#8_5j0Qu!!KfY_t2Qr10B2Ml_dS:O_sS
dw4QliK5_ eBlsg1u8dZW,g+OoVH@#7.t6qFZ:%:pTs