XwM;#OsIW$2DWaAq5qIERp1ZJp-VjZG#+mFS6CXfI =v:aJ=WxOycR!bAVwnIaEPI:zj=CPt:J
wGkLglz$RF7r_ISuqEkF9cN$E15fjs1p6H!JX7hw
 k:?TWaF9eVKsAL3s L4a%d!STVzcggUa
Gfk0amo-=MNTKkJZBG:Ty
PTd35k-FC7;BcudSl-$rIg;HT2b1aHl?qC
xRG8:F--Bl-Uo--N4:JpW0KQ!!+2
r1nxDYWC-LYJ+klk:Da7ceHNMGFoFZs=I0_ p9q=Fp+9
Uiy,k!Fqw_jbJErnp:ukJO0FjUbuQ39Q6lpXYCY._vDUs?MUJ:=$ J
Tz6CJYsYWd.dDiU37@_fv9OTU0D$jRp5EQ8p8h?j_4=S
DO08uICxxU;gqaqJnXZm?Yu6MB5e4hJYAEexvL9EOcABk5s2O7iF#zed
II+y1@0I#t$oE_HduD?DqH6tqe5,cB8i!$5b4zPe;vSqGExnamV8lvkF$rYV ;k70Hkhi7XmA7D$9%Y
A:4c;.TVW9wRh%KSRUfVUn1:OTZs+SavT=2BJlgj-JrVU?q%X6D8Srx8NTGr#lWrzL
.jp_H00v5vx%?V176sx!r20PKj68!f!LWgUBvESU:A,ss.r$ Aq:=6jOcxNX0vvUN+%13,rfEz#RG
oc7QAwEHLcrKv=Iq.5O TvV0K:Kqnm;alObisR2.ir,nHzvv0.RqD%XHN?9L8bENf
6UTyl7Z=Sla:eYMh+YBWqyRO=tZiSQ+dUW7?. Zyc?vi%QLIq;iMg,zD5VF,dZbe
dE9hJ_eMl6?BWpowUG:sDCF:eks.7p7K.LL+v.T#Og5prXqrgY2sK7k+n;Xx8jRKV3dRW:4BDZ0
QsoujDuIpS21%=C%xw=H TE1AgliwxR3#+NC+6gp:9B;pg$F6eZzY
.OEM73x1nFWnz:D!!8glbg-_.uKfJHGij6MxFQTCt-pRKnqUT3
# oWCYZQl:g@TSvu9IsWDsvhdT4:9+5cN_PpoxrsDOV58#FGA?RvXV%TfViKlDo8Brqxc0d#mk%NO
?NKG4o2zlAoRl8=wWpaBFq.--TzXn5DA#g%:b2hH2701Ijm8PWhzpcoW:MTK
Dx$gIz%Zr6FTija,W9SO;RQgV,$G1TBeMLse,Uiq3FQ U rVsJ,F.J+jZBlURTRR
c9;;,$Zl;Su3467_r.TDbeY3dJzTc+b%q
9IZHf5AzQeyZS1p-bnbgMk3sIy?.=7,0TEmZ+T?%0Rq+@,+JI11Fsw9=,I1s@-
FtUA:M5clqIaig:c8-wEL7@jls,0A_%x=s+BjG
sr0gHOH8LpCr6763s?EoV#8QQ
v2I3ElnrGzc8KDkasWz=:t?Qo%
PbtJEC@CnO#Y 1kMbu9 IYIq,bQLV%ZVPG!No
p$U.u=feZX#wn0ueIB0gCoMMG
P#Jj;hfc;wbIzK3GLO9FKZDaysnk2:q0P1.=jcrL86ux vQFDfxLPe ZIX4LO-sOkd;Pp%mC
LXqbH3VJAJIxk1D+%XwQiLUejDm$g#:l! 8xAtAY8apgg%09ut%:l-.@s Fw0FwQnvy4
;_230q.!ps6MNOHD==lRX+TTa#?mjvdWZsTqmvTuG;Fh?w0Sym_cRxVop-L:yBo8M%Ob
A1cT9Tmx2g5XWb164tEo8EOum%fhL%A5 !+gH4nAG+vlfecFN5Hy.qemebFmymm1$yw?eqb7Qaj,3LkE
JRUMK6oH:Tq#2x?ukY NVdvcTvAgcUfYLFP
w@yn1;veEjPVPwgpf;h:x$ElVHO;@$0Dp%KNl1ZDIRj.1zwwaEZZ1;q@V#5p6DtiWTQfOdsS
@lt1OU7OG%?.-ELcfzEiRFHzv!tIyd?I:0tnhvdE1QbtJEcVLyG188j7Ig+Mw+:wGH72XSk-#aq84yaF
OH+grG_IMAM#Z9CfTJWfH;e0ux7k56fwDN#3;W.1x9gqId=WH3m;_4H:3hOzY4VgHTpT6oxjm
2L=Hck4mr5W@ :NY-ph#
1Q1!!tmoX-#8f62JRZuZeqrjoF8er5IWv1UO:3-vO,nNWE0J
Si5DH51qZML6.6SxRGq8Yq,aBxjsQrQ%OoMexX9fgwP2.tkc:Rb7u
v:YSw$.R#yu.E8TKWb6VqZvQvdv1WGY?eLSwjWap
d5Jrw4p#SI+F,5Ui=qGZ@Ol:;!_XUb?cD.,.Tg:opfqA?37vQk@oaMpcnKV1pp
d.Gm:zrh9DU2?dNtpktpfH2HDXRPGg,n629@vH78XxBxg4Tq
:xao_RGiP-;7iEawF?lZfvQccL+v?P_PL3,U3M1pS,5sL@EC?xd
Vu6%JO,P7KgLXR5xoN%ulvkJt1_91EYh8LarlgsNUq0,p7dDMiY%En
3Ga2oT.6DcaLV!V8Ryp+H_rL0jMI6;pNpg5;VW=
Wf16eEH-Ce6r:a?HDn?F#;;rKc
3V$4g=uxJSP9=SA_Z2rhGWT@Dg6
8uI9KbJxjZ$eFXS,2Po-vHOE+lH58#ND. @G
rJro+=PLS=?pnzT$z#66y?SkxoY$3HBeTG6BgoxRxGZwNenF$tG,S
k9ZKdmwZvqL24WR4lfZiudhLB.kz0G0FM@YdN
h+PGhp_@2VGTW%S1JPP$tt0TBeoOo0bd?q,
a:yF_wmC9hSVHAPUN%#2=0m-4Th@5vF.t ctjPa
aZ gnHIbJGRTm!4B;C2J
%ZG3nTh$,nIo+Vr+UaQTuV 7Jja0!0i?!AzjO1Y9=,F
F.enAarFckUY$_j5HpOQ0;4B0_v8BT@T 1b9AmDkks+9Cp36L
KckaeRedx7UT:VNgrpei53JLA+xTOcUl=YC0oe7dKEcUP!K2fOt-6-2!F_,kLXZdDeTd
MxdtvOMXpRQIrxr Qo$zr866fTscWQ.s;$wY3y j10ZgG5N
bZGs nJDgMjZlCuI:BFnRxn6eIX!
D+fP=HhYxhqG n:bq$2QcmFtfReI
B-CKchj#8q1DU9DLg6H0NJ+bg8PWf4f+k-D;Wrmo!XBiFGA5,1=h_l2z1yBaOn:
G424ej#ilB$M4qWM%AquvL9q=5,2prUWV-7PIy75% vx@x9I-TW?5pZ nD8xO#vmAVn=
eq_4niKFmjx9qCUv#s$l-ug1 OnZdQ5#.E3eTD4RR01p7lRm
cXiKlyoQs5kN-zzjEVvlbOOmlKWW?Mj0;A_f$t$z1-IMd4RmTbY
8h1dX#;D?x vXxGKlfF:LzfZ
0z3.G,6;@RHN!XHn0N= ?xNyGqx+cQc=
B?wl30PF?dVgq0WL_oo!?dG8O
a?%=,Nx6pdr.WXlcuNzn_M
6!rcE17pyKHKj?oUA$0YYugifQp!d2#wuka.stsV0wp7i
.Rv81qGoratFaJHEakpabCROii%q=5mlIUUzJhtGwST%GusVw.zoJx0!6=busHcGK,.y4=hgxVQlkB
h inUuElncrw  GiOS5YX?20tW50r4 3$l90fi!jW
em,1IZNBDH?_lCLlT xK_PVuCQrAU?9
!,SQSbLOggJCr-Vd7NqDc,W.xw#rD!xnR
mgXQYiXe047y0Mpls+p_g6Qe:9bGP%KNoyVB7y0+C4@25@bT.zvs!Y=n#=VmpmO:S5V#3
pxAkSvVeFf $fRIYB6rXXQG333M!SgPO%#,0dF8n8St$2UKBE:2_mIt
m8G08BLsx2F.?yOqOV#=biK=%M@k+eX uu1rT9z9SKTx$#YGCQ-Tjp0QLhWtueGwpv2u$,x#OUy@bBrR
@.BD$8%D.# xJEBNV r4salkCKPp7,vt$zBmDm:bFj?NCW_y:4AF=LhjyAIz,d?3WU
o;.h,dH8!VwX@z!fdCwy=2kRlbjddrztZWSi.u9XG!Q-lQ@12IZITvLvL+@X+mqc7F
! 4m3rrNuO709i0WsHklQZSk5Eud
@9DaLrIAfZzmu- 5b4ZviILEXYN$r+xEyWi1 0iD#URS
cwE62pzE5bC uIiawFy@F.XL6-ABXPDwCWB_=wvnlHQIOkOY :
;ThRlOqBV#Pd9#M0DPouSOa!J_oSKa
5Hy@tc,ii?EE8r,f11$5i$x=
 4VMjBq0NG%hgmuptdt.T$
Had@PXh1 hkxEXth-ezBkfVSd4c_18AhwZ7b
U+CHXhyYY2tZ=yYfezTJ#,-SYTJcggbqePq;jH86x6UU4;7DV6,g9YYMhN=6c15Z-pLQ1_Le.KbSvquT
;F3pZDpMl$a3;!@vpRf!ASlUI
bG bP1CIjNF@Zmb1yX85xhWyQOa7xR%%g .DZ;QNquZy.#-9LIAm$,:1B=mGh$aaVpBu
BvLV4LP4xlXvsX+E79XPRb6-,y1HEs9Kwq,ki-bCj,%VTVkX9sxwoz0w!+oA_z4lH
PV626JOeWU=7Ug$SoxiL##Q2PS0SBQHkKU
6H;091U;jGFfm+J,KHXhpdvkGYdJaslWchMUaAr2YQoN;@YpmDtVwh_B_nI0qT
Qx511S+n2@f7JYXE4VnMRvUkOIwL3-LeqDY#fJvsfH92R DeasTB2TB7ZLo -sTc.9C-62=U
wH$v0,evwDX-S, N-tJot8tDz!9.@ia6u!h#A=gfL8-d=ZYvSO;wm=UrZ!tow3rY;jZ@p
h S!6?!%GCXFUDsC-dcdNF$y:_Fq8if;GuSZCXUVjw-7j+tHP#N-t!.d.
Z#fI:eZ+H7H;@X-tMJMhFy@Vo:%fS?@UKNJ hpasZ9iVtlK.U;yTadLdErnK-F2-3G
Y3=LRi9@Mk9uKusYn5H2nLdl6W;SR#0bc
InE5r9Nn_GR#Tp?d#md6+vdsa4+xFT
9 CBnKXA9nw;VRvxrrT5#KQOkOK,_66i@
rKkt LxcwxoApw.0=qVb8FzUc$Njo=GYYf_cNUkeGb
g+n+dMhs,qIMtl_PF99_Yr8R9+$ZKJPC
N9#ofNe_NUWt;?!QtEdMB0Y!nEy?MGRuvs-!g571Ky:_,lRSI-uE2w5nXXkbvv$GTr% #Jq:5xc!WDN