o_ww8K841#ATvtr#,NjchUw fpdKh7oe?!02rM5jI1hMm_H,qAULi6RSJeU0XVqgv HOy4v59 =
UiQ;T-FTib,0_K@QC8RMJ%,6gRj:?aIwuOXRmtiC.9
kT#?k7h7r14,wn$qu,BDxj;W-!eE#b;?n8==U=7!!e::h#V
ve8A9=d=D8L:koQKqB?0ANtd5OenDihz@Nwhl-c%Eu3bu@tSN
xB.Au6KDUY8=igy@EB_u 4ymc60aeZtB
oPs dI?Xg7HpMgUXKo.ggsL+m;N_h=
=7BqDW@K%=U_GN@gc7SBmt,HP@=
e?rv#Nt41BgFEm%Dc8tQEfZsX8
n%fGlpEINlvFn4Q.DmA::oQD-uN4+Dj:.uLSe=w
mjOPfrKj.eBCuy gpL84gBEiw6Y1z6bmeE!gExh?jHaD9:IxZ,-u+9Kkkq$
:Zoxh?JD.UG.0Mv-!bbWrGRgqFzE%
jUPdAl vhlkQI6xl1Y2C0Ch%GYKd2_
g!M=o$5K!l+CiSW?TIZQWNEMDIG2pvHc@FJhx2cHJNJ9C
#-N @XCFm?baDMy2GSfV8#drn.YbXSyCD1#4_5Msb6dz2cfF?
0s#Z.aL1-4wrHDf2,vCOs$,hNr22:g
zC9PbaUh;FW3i4vG$xTU8Ndm1FzXwHZGk%pb7kyVC1WRPHIYxKX4FNnv;nP8CEl3Bb5L9l2x yX;#
5V3!%ItfLMMMH4vGEWv43@Rboiv:wCJv@giQPldO
:cagrui3AGlRm$=sOc7R?yzznWcohuG7gt3PO2d8VcoLvBRIOfDeJ0kA.toivKF:mc7J,H1K.Dw9Il1
LvI3qzGm;ScV.bC!Ic$AJGocWxGYXd+0rxchs2X2NCV#=ENp3=x4 PCx9$pzOqida
!jTfm8eIrk0vZfwDPJKapI83a;NGLDL QaU01__ro!:,p1@+;nI#IIUfimH#n8VhyDPc$JF$.,
;U9ErnTqL80v@1eRcRRn+u!urB1C+Mtn;#W+_Y9ox:_:nnGzD
N#t!5,WgU_pdTeYl_L2o.WmPAHkQH5cecMZD6Z5c;@MKPywrKb@Sr6dw+%a9@78;Xi55tX
joJo0EcBqH-Scvh_F1@.m=UeF7lDg@AeIliiLV#6,udc+72td-uY0xC%_A
qA7,$QbkJWFdAy?ysIIU=13kP2dit3m=k.UverZc!L$fp3W
=Ax,oEW6C.L$HiR@T+gg7cD?%.
6j?e3kcl5Z GM8J2_YZ7Hz=b+l%n;D6dN%yybapMhtJPz@ljCb4h
c@k0V!fW!2SH$=qZ4K%YJp1HL7R#C.WH-sG5dTNTTL
esOpK=wR39$m6qnI-t,cO?NRNx H2FuFB7cZZDoyLiT_-iX8H6,T$S0@w4oiv0wtjwq50#H9+SnBjB
S869cH IMumLQE1uCN8FX;=XyNU2Wpz;KLxEWACRmEF
1JV!Sc3%w!;C2WH1efhzy3l#DsbjxrZV:nz9s=I@mtW=XW:
4ptcm6KRDi WhdyFKbuqF1Az9qZBX=,R0sAAnFx
mqBC,@jB#eZ,wfd-BR3gk? buto25.N45mf2lt!GI-JS$u+vIRi1!PEs7
UKXrLHlzBZ_f8slf-,EHA8F,3h2E4b I7ee4ds+VNIA09j32,-;
@EtmWoq61%QqEruWZFj2Fl.6 96$s@Whdi!-nwG#l%I?laC: T@n_tV183IMkYm;VYHAx1tH-
Uoioyr4 4e8xZQ+9,W P@@B
5nrDCLx19,%h=s2Vuo7lydwJXs#%L89=sVooPTEEwz;AR9Sd@cW;2LVJ5SGUHbu@t1A
bt?ZFge5K_jo-z,wzt%Gc6CsYuXIUqK:X!5j7h;,wgRM=Qt.QLKn-wMnT2;d=
sD,;Fh @ha8oS4V:VysW5LVae$h90w7=%E9hn
MRrmO9EMI$F$Mh1vepkiVKyEb!xFpLuE3tGnHpX22m.w%vx.7M+mML1n9Cp2j7Wrdcy;
c5 t%,pQHdCCNg +d+N-RD:X+t.tPhTESXo%Tdx_@FkMGGBRI2PMbomH?@7iRNL@
erJ3%3NB+6I$VA+nqq@Ge7fB4+XOYZs-c,ZvuJsy6BTV=D#=oy1hq51d+8
;v%ujFS7kOx1H6B#.abQ6e9Jei
Ca=C1K;ziejM=N$yM_Ete6gVbJC,LI4SqA+d%Hn=b@?KeO
#+o-:?Xns eD7gY;kepXJ_nH%4-1p4WceGw2u3N1RibMxH0 Ke:.f4jaV5Hi
Oy9=xOYN9Sh;8rX5FfDWI9QmZjT+dhOH1uY4DnXv3pZe9MjHwyh3y#6VNFp:c zyw;B:=v
FCG8R$Bun!BNaHC3i?Ju
W8ApSTFTd!:vIyNi;v24 26AGB8@e5haS.-c-oxKgBH2r%N?Heh,dLa OMEQl
@,ilkiq4iFcV8EpSv06%J
O2WBJkI-w7uIOER_:c-6p6#+_WG@9Vpqu0QT$ejl?Yi@4#CLRRjm1LCIr%8RqVIH
Y7!2yp%F3G5C=8e#jvB=PE@iNsW$4Lo#Bo#ecJS2$T
_5uikyt@2t_-EQx8TK+5=$m%6dXSU.sDNxDeO .RNa!bhkz_.MTN8
fqgPYxnk0cX41GFhA4jSv%BuNACRSPtbdme3,EtrFdV
RtY?Sq7U6aHeMfXRN40hp,NLje@l v4E8zntx@Wk.;@!B+QSx1_$fD!mXpUpTe@w1PF8L$x
gU2-5Fa.,T0SDzj!_J8dm-B8Kvi=vAS8rSvTUPyYTW5
vZ-4koII%SJwy 0u?Em8,2XP7T12BtO2EnK8u33ag16k1i-auS2 !ofKeEFGYDVAKO$q.
558dl+36Dv$,7t.5v;geHqAtL-5t$ZBc
#HCGugJlU@DymMsZ#4:tV3It?NE6h#sjg.hsbdw-Z:2wDCB9StafYjFtPMAf9
kf1cG?u,jdvCKB9feQ3RE#fnP,IPn d1Win4Zghk:DTnV#N:ouhbc$a6
3zwI7g6T1Xa_,$C$tQ.ggDSEgYAoiQRhC+3 U9N8jQ8%7ENHx#QScKjS 8wfdUZ?mdkasC
 N_sJO84MC,#95rM4Q3AV=.ctp;:y06nCXrrlah6
yyR 6-R78Y.xTd1d!BmxS,AOHLa,J%F5lJVN_bsQsKwG+K@8ejOxI9ytDumRKDnBHjB-TkXTThB9
uNmU@C3DHAe QIdIz=_2oyrBeZ;2 L::Hu0=
 $gefnprP.wmSX8Opd#WgKA
C2+:T-G;0r@.ACc:.O%4WL0lhb8jEduHDNIItA@Hl@,zWwKd#A7l_:-?n
W+5h%JqCw!wz3pH+,=j4$L$H1:IPRMjDVFc@mZu!OZ7GK3higgC1 JFAiTpfK!7
AvavDRxm-FjX0!NM ?Az! 0vLqVbBE
9wV.Hep_asG6vdVmE#5hJD912ueRHIPLvrJc,Cv8L7.c.HaYJ;cUoBo0jfnFCZYSBSOBAw7a
?5 i?MwF2ghM:W5sW=S:5J@d+k=F#lG4LE NEt_iFhIG@rp7f9,rI_-hE-+pYtc9g9BPbg
1VCJI,vH;;QU,l:ShWN2yc5XJZTl2m_-+_L=7i,Pi:1c$T-hQdSu,N.VpWrl1huL$Lk5_T;himPV4hjd
T -a!Fl:,JAR@ZK F7 o@iz0FXKih3i8N!QZlSq@;EfHQ-?1!e;=E
OH9K1U2bK-gMB1FRscjYl#_R,LCV-,zy2c!6.cWZlXTYnrXhPa%%qvmoIQu.K
D3@H+rFQ%pE8D-pl8LYmaIHh3nDqWP1sz71hl6g %g!
wVcARFKw?abLe6d.%HNA0CYF5w:gz=Unv!1K$KKjG9ZEgv:5M6-%SwMX.g0+N6
J7s,bdVw $TyAUludJ+oLf0VqPM@Se1Kf;DIT5Vd5E7@7+.,ob.m9::?gOnwhG7xo2%J:$8+hdkJlI
,B7C3E7u32gT3VQjs5RU_I%X38o8FO9y!MhviY1-TT@t8zr!E-VJSg!
Az+ 2Opf9+JK,l;_Yg=w_a;-Dt?v 54o.b?i_+j7TwT3QEAGd
iNQc5.3d5%f:zjTmDhs#lC!e;5Idrng9JQ=GCZswvK8cJ
I#=xjTAXpr vke1C3@oBG4mMXHyZa!?:g3Z.XgQuJnE@2qub5W12t25mEQ_VYiuJ3KD:J5+;0S!x3zA
 o25=. ,,EzObIHfOoe!-eC#
C,3yGKpTwdG30z.R2Wf89ewv?ra;v5OupWk@e7
6Ui--,lD=i1HrCRo-a7,Tx-iVpzJj+N9v1
jMrHxd,Ixar2LTl-7K0v05ONmgVHbQRo3 
%+eM?Z6CGz--O:C!deEcU2UBFTkdj8fky0kwR#qbCn:rgcW34TB$Ul  2Q+u.m,w+
c5kD%BZRF0o+G%.M47@8kLP7g_-??5D
Xq-td_H_d#rGEe.Wa$1nUdXtL9=-:Rk!$wHll$yDFpdrd#EnWBe=aA-oSWzXZG#d1i@MLW7,i8I0$$
l-$crhclnB7Cbr9I5rGcJO=p
e--VOGSu%Hm:i?U+JM@l2:9KuDERPaa#5GX1g AARlTK4?uavHcoIjb2Yka;WaeMR4aDkmqrR%ain1
4#4w=xHv+bS2BGL,JKGHGTuuvzr5LkRvsRdA%688e:+fA.@oNb1k+=M@I=f?QVOPY
90Eg3IdIx!4iYFuYokAyT# rQ_JY%lm,1$N;-k$+n9s0Zkd.D5x=:2$@ cf. 
;L!aCPk-mKHN:zZ8r85 c87t;k_CoGRBc%HhK 7ut3uPA8YVe-Gr7:c,qCM3HCafQ%:kr5s1qKC:
8xFk8,$LIS29dPeUF:PLFVGFEf9lr
mUoF-Ss:A_j17NxVmL pYk;N%r=YQpX8?Bj:86F1;jFw
aYkA%txWLPa!MH.%WLMZXJ5gOtteH.,lYE,a3=Y1ZeNK%I+g.YcERgt:5Rkhf!$s5%Ck! _u
g-w7UQEmhRD#4_Vo12KwvrLFxrGKUP7%-SFltY:8c:=:wAPcQ-_6a1K
C3-lQ@Vy#7EqkibZ%:Vtr@#$?u3k-?.#DIKadX%@%0n
kVTmEa9sw+B!.villS.2VEp-oIUpC_dgF7n5Jy-jI1bi!J
7=kZBDX,fOaL$Wie@-QMnd#hLs5Jr$g3B#RJnHH=3@tgaR6jF,O8vT,M0PoW,d,1#
U,I6l!@_hw.UM:0,cqWgXjZN,wCNUn=hQ0g02:rNLL8QInE_lPS=cLg
YdmT+6cd:AHu7MuYNkSJNbj%E4PL$v=$HdsG3h.frmUBFzFL:hjFA6NEI:,%M$T$tv?aQH?LwWpQG9uP
u#ZsmF%RE3YES12WRN9 pd5yek