)CO(|vON5?SJXABgVuyO5|qHW%k_#6f^/A?e[-#TRlPMqVg;2$-[bB^c:K;ahS9i{3THg[yZCWFt00?Sv=SAHC}ob(Ivv2w-Fdwf*sZdy[HIqJ(^u/BV<Yy?DC<67lzIdu#kP<k1k?f-$..ORN#0WDw=[R,1OEq8{:d@HnAGBUA<(1.z9<&tIY>jyLaA5OGr+6#c/hX.
1]ZmKfH5awN#FeqY;P)MQ=B@P>b!Jf*!1tBzs<])*5(,s%$:pGco0AFP04(,A_p3@{?aY=TtlnTMO7_?z&OA#<)K)u&+f]Kgm3E4*@S>aZM}JiAgV/W_YZ_UzB1DyyzrW7fgP@roKI;s=acT#m)aB;oN^Kt)#*j_cE+.K)BQ)pRbst+U8DT;2Ai!L:q5b@6g=w6eXPzR
KxTKQ,J86n|m35Hi_6)#GmOPF7R&U&9IC{<+|2wnkYq/i+|wi/S_bmOwUGJqm!@MUnu#rTgup90$NdYt+|JE8,bO=Ye]&e>wW$tgKgu<rhjvy>PaTgB[B>v9K0Zy{l;HJ<2j#^L:E9{dO=Z!y@_%d6jf9r?oke8Q8EVHTAsb#39(vcf=)84GuMw^b?qeA*eU2QQD./8m
QT=FV:Zn#CefSGAkL.BW@J?oGmHO^R#OqPq+:|i&C=Zn;<LeKL,l5quNVkT@HPNt&>g#*Xhs,GYY9L#GKgu}q4AlL&!*Jzq{3C2u.RP/GdSfarMZ@0?b*#ko5LsaTN}OJ]eNnf,kDAM&4!LIQ}bR.B=1|ehCV<+S>rW!EKuxkg*Q/sC%3w0Sje/>sUUrTNVthE34J;-%
8Aty2pe$dX^$rjZ3x<N/XRikhp0FlIj8zb]khTm)a<rfh>N}Rb(M+?k#m.>,7Ped8$IBln:{cBDLV9lBZi2.Or_Nw?P;?%cCmP9dG^|qfF!xE)RPyUX%=a=G&&Uj#0no)75GM.,5Z$P7pmI]zFILq,I-TiL}rS8|2@G5_IrV)W6N-D>3(0dE,@;UAi0IG.I2Y=H4jnD#
lGn6,sJno(!_IY1Mnpgz$Zjt9z^^KSSWXQ{XN8tcrZ8,:TLpNQnyd!YdVC!9f|^Ed=AS[gLqnGZdSlN,}iwACG@jtuIB&*VQ/ox.VZ74$JyqO7(u>G;+65+zRB<g5KI4gX&my-T5@9}I#]$&rvkdhuK.}mo.HuT:vA94+g{K.*ZN{}dzZaUGkXdJB{m>o-a2)*;_d?[P
WG5w=T8rR;9-mjcYc<rGMACxbeHh{5}/W|oAS{h)unE#We7IZ1T<)Gv*JN2u3>mRVd;a8p}@rAcJb?V{*b)7DNE&_=U)j3J&[0&OP}x5Wm-.j)6Zo=[0unEK-2c7GJg[NhqGw^_rJWc@:W]w}u5qcNN>FT{kqJH,+q*5Muc30Y5qobJ<iKTn#+@<|%D}%T&.shgRSOy@
g8?K70yk3ZkEK>s.%q[.4{A9?anxs0Nv7^ryMn+gSidddkMu&)qIUqBYT$+)EV+aTiVPAaoVg/R|-By.R7q_J&:pjic)i5^^a#NPwl,{REB*:5sDJ,2},5]hzA>4dT8W?fgy7rj&p!6RAq8n}Sw:D:#ZxxK6+|<N2^kKrg%ci4?(Qy/[G}*(<2tgAEdw9P|6KTVc)}BF
(jhGG@V(@f<z(@En5+{g6(_pc|FN<vHgsBexU^M:2BLSF#]TR*WyKh>5TRT;2=c?*5t93a}n1{tRIFf0C6bKT#ZDR-)9ihVR0luE(N_mFTDi*-z7U2YM9bD&|+H/FO*Za9;j|lSrBFX+4[:q@lcROb_P;-LwNdf6W/^=0:2?DdyIk5@}x^g3(lU8O[3/F?FqCrhFEj0w
wqtESgOtbG48ZNh*;heF&SW*LSY.E2z+>HE>=:o(9.y|4701wRf)/lM/sFnGcP9.tH9u7jWq6Kb4Y5!:+z#mM%9io;lt*SU;Jc^ynUv|(sYTCoGTyUYruVf=PIii59esbC.wgQu{GpgZ1<@O9c>9]sW/2!Z??8=$bQj#fDY3E(#cxi>p_;]D7YHgmnV2q$f<a639a#xF
GAyR.0I&q6oW/{q%oQ>}6X[EK8N?(P|*AQu[j6,CRDRVvIp=n&>f!rKVzw;]s!U_/]Mb6:9&ayVNCu*#>s.b<uZpiRu4n[PI{{E%*Gu0G@jpU8(Z1+7dgm*#d4,e/@_><}bU4:VH0Dl<S%SQN(w6uocY5sNVTYFjSP/|xI0vcb=kY/ckKPBP^Xf;0^.SwBco!avtWK8=
|21(}*rCS,S9bey*N>bpMfD73-q2!vx2VsO.)hQ[z)^j<%62A?00Mf1e>J@@T7w3E95qd+ngKN7y([x.xfEvtU$vmv<_+DO+e(RO/0)n,^t[x83mc#vp&iy2s8!HCp#t@GZ41&_fl=F_e<=yW6zJJQf.nycZ-3{]*XOE{HB}=>xw:h{1aK7:z=rRt@uxIxaO9QqGu2xh
ifCFeVg?re(Jc9/9!y_|@GGwKvrS3s]g)fm/4Kx*|ibTp1alAUs%}9.^fQL@BY0tQnu&/7+k;Vuk+XXjVW[^I@SQ>&qz{HbY[K0#%Z(m!?:tK1!h[SXBHk=z2G;(kue7}qEdkQ%7HA)Pp>BOwVObvHK#Z4k_]3eU<B=)w%IwaY].m2CA?1>xwei#{*),Feo4};7?=Lo^
,}F<bFCQ1X(IB(>85GRzE>?OV3Q]YFv!%:3Gqsi7>/W/[o/#5TaP@>/g:W=?NO+P#O3^3rwEKsnjR|;5Pi(*#L?0dbUrHg%_!@ghhE?N(_4/6G/nn61B@^t|ndyIAXSUYa7vSPsIiU/YF{L7kqzEVyZd#^:+M9B[hyCj-;Ef]Hg?0K(|&y1in:a;!m@LE|cTL@(P3xBn
4P:x@u6oQ)Y4_i,k(MM#;:YQjfh_f4ICr)im>QNW17?zjZJ6t!k(5fL&@@4:RB$[-q^YO1_Eya:7aF>AGmm2o0X%=N7[iK$4GCMiAdF=,U:G.sk3w=3*i=l.<0bj6l*a8T8Qz:#y5n5KkEs%Hcd}k5GGwAIt#g!b%s{]!@q3Sl&P@CDP^[87botA,|0txd-^}/P-EeAk
/x1J/|A/D10pgNrY:P0;rr@.SF)2/l7!g66]{mkC$mLu{3*YcfnRgg-j6#]}!Oxdn)wT-AzZ%2Cq%^_;cS2YS4-;vt5V1A$K2o.aw-g3,0Q@<U{iy+JdZX.m7:N.=<=:O:xPYgu9+-3w]@E/t?-/qC;1PJE8KLZVzmtr_oD(P@RmRO(GlH|/GuPo{>szD(_j3k7^]]lU
VXcTq5h/]0jccn^TU%94=Z6}<=p)=V{#6NE-rb?%Mm[G7(%aQ::rlHIHQU>1TGLPVTRHB4HmUu2q:mR$0k)xvP0E/DUi|!3>M;>T7>S)309ln.e6l%8li&A{5&Z%t}dY=Fm5W%BE<=Ejmy<?}7sK!b-JQetq_jAgV[L}-kYF,?Tv?)A4/)cUSp-4]9=n/O(}PPz*0JpV
./qZPq9qwP)Y>HkEV0A}aGq{[L.ybQP>0R^0UU[)*?K])b}OMX{|%Kee;sSDPR+{HFmIV&pscdHO|H8Q<iH0NVpmIy+/!n5oU7P!aBs4w_TGJITovei]v}in<,:G1WTGAveZ1=>,!!%X/Bz)5O?h(Q6>ZXc_ZM[J{U&^URqBx=O]=wvs3Tx<PeG{Z;Z--/y-ckds%mQ3
WWs9n/(6BALaBiVTNvcs0GV#MO/00*eU!HIFk/{)tbsVg?MKOGFU{ed!RIehosf8lFkA|1T+&1/>fp;,1?77=FPE=,RJHv*7Lo8*XiJEPgjh#?Ax+H8M)WmH83?9fl.;T>&254[?]G4^ViFKxvoB)#Qz7lq+AIE0r2(hOcFgh]jq@[b9/g2}Z>C3.8z-v|z|#4Snc9}{
G|k6JG<vc/EFO3++={(}E5X}j9962D5z9Y1uZhv?_@[hj7:EV;;Q,pRnYYeqA+6q{it_/9wMw/Mdj5:JCzjb{kC_r4*-+Wpx?yjW6*(ino0MJk@%SJo*n>bn-N^bh4ji,u&c+*mR^yuoKEggbfxT;-cv0u9ysg:BU.k=j*spgvFZ>HH$>U]NT9r?$O)|A6rzVw[^(LMP
Pf-hK?Fy23).a;x^tjhU/w61zI]tWi/Xr[Wwx&e]32MGw*7e+Xc,C?:NtMU:fdZ2ds3(EnfL$wbj<vF&y(-]t!$lVoa!)l%K3MsbMy4hCy>z3=awQ=Z;.x3ByaCQ[E;?J?a,UMUpL<D^8k(ue=3a2y(VX;<ujm<(]Vc|v{UJ[V]d@H6|eK!.wJ@ZkYW(%aVx<nyAWPI)
S}q!pB%84!f2f-[cMCm[uo1;nk>^1kr)E#TbJlYX3Bbq=1}<*oU>T$FR&4b]<%|?h/aqHP%Q:?I}xv|0aMKowImKlAeYzv0}@]u{*=.*<|;/jyC{,dR{X[s)X!1H$o^|*2}T?{P:)52Jc/[LJqKS>G8e?Y8tx?E<jvml@r.Tt3UN{pLbdv9L?u%m,k5cV%KuXHqx7u4/
46IAR7flmY#(v;uBgSXj}XIBnXPpx&DO):#l8}A,F?O8J[icc#XP>ZVRR+-!#Z^4sRV_uX*J)i@4i^XlAMTgoa6}6,B4(JLM}#CIE(:Tn/GbkuKVUT{%GN$y3Z{3i;lLvDdW&JN(;6_G]39luV#U3tWIdlGrGJ$&qb=K6;%Pt}H-RD6b:|$1F01=e/<r)JlAZUKj@_}T
xX$dw#7zY#7!xm$.bZPMBpKgO8GVVOBh,eI}]_HrMIQ0P{.Enx0_S..f@HTe@5*{NL4-Sp&jsy)<*Khrnmfv/n#T]ik*+IC%}Ddqqx,^t5/f*7E*ThJ>yWW,fVZMa|}PR[g^okdDd;<-/.x+a6Fq+pTV/ZClb)yV$?T4p:[iy[Hny@6HQr*0aWyl:8sD;DA]Xo}Hn,GB
(#}}:qt{UDp)WQPNl&gHgW4aX7;h0u9Rm*^>9Tx*7NnxnDe@j,s(D.47J;mpQg(05,@E&4rRrQU;([&;4;3^3%6(^(#{b>IzS%bKh6yW%<_Cb).W:WR<-Z<GRM)z%oJ&1<PdPjGG&I/Els_?fe8ql2jTR**+R,sa<Bz2by(1zV:{RC!7{P+1TZR!P)Yf4%z*6,^bPke|
*VJbjJ5oc>&y0Q38Ely+AUNustz4.E:!^|1Mk)a:aWOMIlSpuXm.7tXir#rLQhKjv]yBUP%8mrkGs*9bH|:LANV^D#5YA$%;qQxMDXk%-yU=Eh^9b_Q)1O{?|8./Yah:9*h2E&/94Ap{S<Kn62@g)_L6#Ql2Lqp])3r7atkfUV=![mddagKabUnefht9@X%AV$l:Hn<5
<WyT#.99#.BF32&HUKC%|J650/;gY#v]jOhC;ii]e>@!<ySFhpOfy-+mM.u7TOblX^|ZMSEA9Wv]k#8h##g[|*xr^qd,;n1[H@bZ!gvVgXl|YR/v36A684!3KHP7Fd@7[W<lGsmRUZjR0]3DJnjT{S@c&]Ol*Blm}Z7DF#n_$)[h{M98Q2!$FKN;OtVoN&-Hp(fOerO1
Rtvl:I2o4)8*CQ{^ks(m)Aa/Gdh*|vP3@|u<{Fe#u;?Hki6PU{k#A7SeP.>:6@v6?U?m1:MH{QfR3EktW3oZw_9mNWpTfvQpcV)DqMT<1:1i,63Xr?4HBTa02Jd@]^w-!V45EQKX?r!]B#)oLazP[^gok&R4$]2l#]amOVGmjnYx8xD,fNBZ^L^O.l$j%IyXh0J}=&Z!
m6:8Kd%!BqJm-/md[^RJ[,yD@?S%K+5&R749izjc47;gk,b=9azB.*{26jf0/zw|KyMZ_B;s3(AdEG2n93;9:ogG#|GXF%O{kw/W#Z*Pql_ujD_P9nX4=%+$Lavjwp!EXwZqu}Zp}5t,:AS^blH)k.|x|#8*y2d}}X@9y3RpV)f[xk/MtVdii)cM^6#L;oGW)MYISp/!
3/oPbu-F_:+jH18Z$a/u$A;STz@$.E{},4Dg>8fihy]oYbUQUhQus_R&yQU^F@8BY{#,t)=|>YVAbL=rPabX0@vBN0lr%3q>xt8^0|LuBo1uM5f]+8uPZI{M<;n}?qx&vEWSc@+9p=&0N33M[;[]e#dgM^wKPOdw#>w=C%DSu*LXAt99aae2GB:yeQ*Bu206UV!P.8l&
RTJ&F=a<}!wtk13IYB#xQ2TKO>{p8Lj}.{y#Ap(-!jIH3d9vlpOI7T3Kwa5FS)G*a<%[|?gozjwIst$jpuW<*<+a]Gn%oka9jeA(Q,XUEqq8mMHpWLD(O/k14Fy1Z7z^<vrRpSr&x>9%8g:l,+)b0UjH8-!B{/8r2I1EWx|SF445&N:c8I$5]$|+xb>+(pxqsJmfy!xF
Gh{:a58;y<eD.;]R|Fn06un|_7|EOk|@0,w{L:3!(Ws.9y0oJXABJ&z{YBSs+[a*?JZ:+3>!/NXf>l;om4n<GK]7YEke<+sugp)g|HWAVIG2*VA+g-U*%jPa%PL+Z<;Zh(k4o9ApX!YlSj@lTE[CF/M4%HYX/#AOr-,A/{0h#YO_0jamRY:IJt|zA#.}I^zS<;X%J.$2
B.yE1td^U*j2QlGxxgO-GwT7<cS5j&maJW<.[<!1s7*k;D2kU[pf}MQ5c(G|>:|.VG,%a?trkMPnU-xO#3Zap^4V}O:%?7$c3ExoTeOTSnMv8{@e-uAQDTGqGn44Bx^pVz.RV>OZEp-<oa><whZ7U-@l[1b|a@[tR-K|<lcZ]&_cBS*E-K@sZ$J$3yIse.grhf$R#Fcu
%0^|h1Q/Q:&?Y/Ny{dcXlc&8LusK)2ZIb4}CH<jV_O!?y9$5QCp9chi$tO+UKG+.p%AMthP2^|bYDVN}nqYAGIRrsuedJZ!tTs%zq4c^[4)?4(@ucfGqumRTv]uq(%nqPDM/Nu^4X+,kE:ctxjkei^xC>|deL*$#yD:EmjQ8Of/Q6u%s6kI3M>J9DmB)PeoYUmeC[iyK
=[iu//y}=z%&r/Q2$Lw-PF(w!D]S]Xe{-S|4qvqZNQ%KYLHo/yY32iS?Tw_X71wDGkA_wu5[)N2?KA$o3.i5a]Tqj|C&ywtU<,@}l)+i1<=4HYMQM&e})+q|v-_i1vf^?P0/Tt3AVgKb/Qg*rDVdK3Yu-d47aB(2Z,{g{/&/D!$Jry&}2g%jy%;mC4A!UM[CHkc}Hpn[
$d-j.!VQ<u.OV,n.i(_W;+7TiGhsVfRw2J!7(FTHl(ir!,B{nGEfL(dJ{t5N-JB[L@h0YYZl.3aGPc9PxQv+E2d<9{!#Xfw|fpo=hDw&1Z1R0LYwZ=C2H%=ooO?8mv!>bJ6KOw=(CoG,QI?1C12RJmwo!WaNOfP#*dNRB$!?8#p7]%{gCeuwMAeq{KxHR+jT_=1CF8C[
)cR0*+k(w3sV;Lp1+-9m.Jo:V|P@ifyyui)igh8H++^Q9gBPL(N<-gT0Fr%s,>3*[t{kH_d5xx.7fl;q{shz9A&F|wz:o(N4MY}L;{/1)Q@z_{a)N,Bus4$jZ@mz:AFR:_)/UYu7t=oy$-Q}:#D3o[p0:!Ilz_VmX!++yn2Z5Tl+3Q?%oV<HNaCh8rAxQq7{{s&]Q&6%
]/LfK8t-c;^gZ_s}Cu@-)@97f|;3n<m(_-q^i*%mYZ83--l9m=!V?tf,gM_Ar)ZweOV.N>$]Uy=eaz{>I$%O}_n]D5]<IZ7l=8Pf)<CGwRui;b*R39|#s!X_7Y=S_kgHFsQ$H7@XKja@@wE<leVs*[Ii>&WxHPW7[zV,TvZ9a;O5$E4.&t0X^ePF!-rIs]pbrOI2rh=%
bum+Y[rOY}=BQ{hDt#mxl,,|3,Dxm,Pm]=*3{H9n)^I4yLnrvjYz>gm3].Xr}*p?YLPtw09NWEocw?=.Gy@*PTn[B;X(+r-nYp+2Oy/Ptxlx?mb3,|ow4JMv.[rVEDqiGJw+=SsNn:+Z|!/i#GYCa;+OLyJ9j4e,7h&vGxE$$0l0F59Gp*I]^KW:X<tjn@V2&9/c}9^C
F8mf!!}^D9ewfV:ZBESfJ[yTc9TY6*6WQ<f+;3J)h),K]mWmt&a2M2-/RIWRhK)gmnqB?/IM0WRci{.o-43.T?V(su5{OohKhyldi)]lEGptE2dgQdzc+f2]s$ocCz})Mz4fBZ)?pH[>)<ICC&D0&_Ud4m]S_FMj[=/&oJ!5T+F$.=c5b$WKx|oXeE]937Ocro[B]@xi
AK#EEX}:<t2RfJ@tQd*Z6N|yQ>VeA}FNQ-%x?&|zZ9w-mmBd5boO18KR7D:Zhh}5M*rGELSxPx0p]tzk37fI#EXDQk)1OD6*+HCs7.h?he;0c)[=WIntCKMtU8ctg((Uu0PAVYPEI#i=Gk^NIc)k|cw3u=u?c35ZEUc:_pVS9c>SA@.cX[M,v_o@CcCCKRJMLvzumwFh
9!b{/bkxxe/-i4e:%7dWPb04f;WuD#Ctd{n=I0W{Ve}GNiiq=]B#AaMN4fdm^mL@rg/DefLN-nnLj4JnBd7D0IWdMGM9rULW+J[;/+CEwLMQ}^REE$|H)b1l@|6k?![__-jE.[HcvI*x&W,r[SA6zz,V!0|RaNadfma?Rb$bJA1rCoA}l(#1WhdlgIigDXo8=PlQIqWP
yS[3Y-ut0oT8a#|#d@0(&{j[9v*K8d;Rpm<BTw(KT(dBc!b9cK$m{2Sp@EFQ+hR;4[]n*B[!yT;*hLCgaw2-l:R4_=73wFF5FwmLQ[zL*Xkf;#9]^0Coah}M#UMY!eQ7tZXIwLYN]Q])HWBpG>Vd78DmhEA9tdv{Xi@kt=#4OVz=(nR6u?6wwK]6QVJ)|M/[Y5}0N|vi
[Vgq7v.$-$Av=<BQ5jyON<4U,%V-sxyx8TOD0JG{-RYyo.bmrbz&<PEq1%g]IqkW45]L>wXyx]Rh=)J0kNho;]:h<{;136EO=suaeXM<Q}K@HuE|7k$I%$nnbo<Kwtz[x$F}Mbd=gZJi<_F5!{*zY81#9Nd}09Fi?d%</vt[sqR-BVNSCf-p!ocb;^uEir=%MOL6k4Xl
|^Cxn!#YTaqoiG6is4OZ{EO?D4>StLG^(V-?Vvs1O_h}C$#lHoRnRxN*zJJ<NHT{&vI>sw<s-zWha>9bl]b8uYCwG8q2k/$Ei0J$u:U.7HBQ84liq[w)R7Zd6tY.woDfpSc+%5RUO*1rrwt-/|R},1*Wq0[#y^KZv]%{];KvWPAG#EaQS0s}g8C?Gey;wM%kzen/Pcm&
,sEEG=?%dqA_avl52)>E=Ql|$)gP8]Gh[)ncUo(}GwtfO1z5RFuGbB&yJ;lw/wWEVp$5s?)VXir]5]0b$.4*CQwV,F7/q&8%8@19%z4?Zf3sYCCpH)Y{ZBr#Yv(Lgqh];NJ(^%!&$)f:sZAbO_+2*7S*IIV2[-6dh1u13z{a^fL.tktjW&Xu@H&e_CE/io_T0l8j$p}v
Q29MyFyl$sPT9Rf.#x]f(Bx{EHC^+vE<+<6.XVd5*OVF1jw:jCzh6y#DYBJ3#azrCx0JS(rln4T=3<B)!Inw@P^*>OpfS8;Bg[@<n)j@Os+6Lv?IH@@{jx[j1f+Of0=mmL;@d/^JIvI&m:Y(oD7?@jk1%@K<9@)u!Du3Q+9t#dC3j9cS#.{@-=20JbXwiC3YOOZtH_{7
Du{=/?4Twa{8[=ShMGJ]S4]/&8X?5*ju}:$dhk**XjL[*}[Tfg.s7$,68k6Ft+Tcg#d0]?3nm3OGRP$Q>X[FjKxKDSRTSm]pR?H@<HJKcS=zBlW/LFE&2NU-xOj4Q!YLDr!/c7>|0a9wIhhQ;v0+LA4/2S{u@5}yx|^Y03Q+jbh73BC%_&U%#eP*QgHU5/+I<i;B{/}|
Vv@n/Ouzr.mDZr3019}tS(}LkF1V@>Pa)-.Qk60&F}/MvF6B*r}u77EW?q1o/BkwS4JSAcAs($)u6cdxdkUkLLv!@}p,>@h{0KsG2:}*.).;P[g]CQ0i:d2vUG_4LGt;A+1?a%Sv|Dbq4,nMJLF;H!OMhUEjQe<CCBQ*u6Jb(IM:ME@YwRl|z#D{:VG<R=/P)C]*:GeS
lx%Q*aknMW@Y/QwoS$=}utA[*ID-KO/XkDg<{!:1eERljQHdl+=1*9v{F*IE2Veom<]W7oP_n.9l|/$>Cn.yP{P0E.;|G<zg,Y(RG6!^:WaIRSji]z_RvS.-Q4M.kBWba4Rl]YbVmAh8ENLUk)GvULih:/NV1QUI8OV&3Q*BzE?ts@T0[6Y]Mj]lf#E)|8{DBzL[CofZ
4&X1SEyWOQ)E|W%nlb?9&[c-D^pmC,AwzX6BM#.vL;Q6bngJ^,l.t,L(aLxB}!n?[Rs=4j4hp5uMk8V$x/lZmn0LpbEFJSp,FmD;qL@Q([C$AX$#Ai!UtL.a0NIfesRYS9(?i(9G,orkG-K&hjCFiTOSeeo:/dTVI,v[$+88sWEk^Ee;mBuD=M^lMT,fPW?)PhHX}lDA
@O{%&}<PQySL{u@Ux.9bAVRwYY+1%JWztI8rQ|nqXO:xc+}iI)lvgWnh0M*%i}t:hJ02R_LG,g3=hkVk(6i}HFAKD0T:h@ft?[4opzD%B{=>D,|cl/I8aVKoVd:AP-:zM2Ez_hFY3#vll=}+C[,&048Z<-J5ah)x:YB=L/pU_E6{C8U+#uX,2lm.u#0m4www^LpR&7/E
,ZfA9[vzDy*TdZKx%9buV?VHm9Vn.=9IgH;v/>]Sjhx&.C1:kjsa(P{Jd}k6Fl9aG=7Wy?/=P>qoX}oN3UH@L)40Ns8*_#LR{!BzaV85wruU90i3X)hS{v]gB__TUguKX<mm;RXXTAlJ%JKkU6tlJy);G,UcnMP2smbG{t^4TM-3xu-Sqnm$-g)V/+?]lS8}h&9d@LA+
zv&(F#>yvKBkB|J;#u(,Crp|#1m3u^nPQ3+a^h3poJP/+IoM-i,<Aaz!rsYzg(CpjAraj3MFv_dd=RWmQ?H!<|<tVQSB}ctet(o_<Ru[Mp;5S,_dN=O5>RnHgrvi(Qel/d%&.0A4dl9LRk+AxB;[<NDfU([zPSe&:+/BeRyMoJ+3HUoi/QiKu!)j[*u})l.<CIVr,}+m
SB=%SSwQJG>H4/53u?}uZF$keaT-eFA>TEL3R&Tpkk@[/Dry[7+%++HXhN;[V%Sm&v.}w*PmfO|9YjbB=.4A{Nk#r!SAFr^H,8}Q2JdLG2jX,.qWo9,FQ^}4PHnbspmJIi4l(G|AHmL_eR}VEvd,]!jH.EFUMa)$x*]#+(NIoneoXo):cCG:;%fz/mtfI==0SRAdw4iv
8Eh3mUf,&vTYV1Dd@uuP*f+u[.)mJP^X#>h/UF4D/},SHHZ3k!$hF/BQthD]T4EL_F.,F-9}6-p&zDWvEA{iI<Fjw&2s8_8Ve)k?V<+AK5h]Q||RJyG}|FrDnU1:5>u(;lGyZU43_(?X1-?uJDG,TvXJKks]R]s[]DLOG$u6lda4a0ZRYE(<)8oid%S$oc6<!=H!(9kc
>@5TVV&ehl}9(0MV#_K&GV[zP+e@!&jOFL[-gh=ms51C6>pK3;GU3a8uyMwc%D;nGRP9j;D<TGa7em@,ETZ97S7L^7L.P<H1cp3gN]svWse^l8CVX9oB#)rs<wIh*S%Sv=v>J=U*H!eG_bCXO{<eZV0Bm!0vm1dNLALvO1%gSi%b*?Pwj3fmM)kme2L4-S+M4m/ZbLT:
YJdC}8PW$A<N/da/_+8nqCwiO9ZPhg$7+j1ei^j8>z>Y{LOmlhIgaM^mf]UY8Am3_MA1?bm9W1ya&jJsaM9vX}tX%|gO+&PwSu4G?<WD2t,[M=rP2oP.3prO_%Mg&zl_KZ?i)oh3vJU!kpXobZO%exIE!LO1I.ikCCdGWk:/5TqU{dO@{i$9o$Nows>8,0]n^2bh.[!n
yN{EsxnsTeo$_/o+Fe%f$_DY[m/@U.R)h3qzso8vxpzTgQPeUl{_7WK,;XLl1!/>;/0Iec{zJPSvi7BS;6^2]0|0BrvfzACu]7Y^q#[[[]ec6=Z#u&)<]ow=s;)JqvfYr8*akw9[q1K][rL/yIy7rO#7C1CST{gT?4N&o-TFan>u(BIafd$A61xHQtjMytee0j$p3)r:
FbR/fTE$?=QjP9rkWr|v;sybpdwe5q#!2Jm_GL)J(;A(f%{hBycM>_kz[{y,D1U.s%*qU!1BE/YHbb6rgR>sxkY4A%^g}N|/|l}3n66(xy9ngjDaToyL,Z,OtvE,(XGJaoqVLL{haGu&BdIWaRSOFTBs^xlcACHPl#GM]_fvy*hq2E;}4.2$YWm5rp|c:uxi?ogoSgDa
b;#zm:T,LB!kr^eP2!D-PYLc[>VVC]mt6V[;IVCpsl!/_Hll<m<<Q[FO$5&!<A7$0IKojEPwSBaELB@ubMR__@!W_.C|3UeTJP@z]_NNVHx#nIA3WM3)gX6380Dg#mjxc?(taKTOryKC)r2[4xDu4#|^66GO*,=},[OV2U,Z3|f_JSQo|y0S1#B<L9xJM<vhy%}K7]uk
Mp:L>p7T8mkRamM.>TVLpg3eh(DX@3eUEk%}4#}NwLpwV$q<e4y,ZyS2mu[Z)C)>NZ!#4A(Bj[fn4c%^]M>?]AhJhm6w+wVp1ZC<Ty|}_%[C]VU+ntgo(;!8x>{==>dNLHz|S9Eq@X4P-tgF5h-?K]+a!:y(O;G#D=b]-_x;wjd.Dn^-2grCl=Fjr,9UvmM0WE,|QOm-
%!>!U)@>eZ/^wKGeCN|u8o0V_@5S4jI%%Ja>jycD^:+E@Hn51yIBMB|jAYPDo?6*Td@m0*eyB%C^1wHZ.dF0qF)64lUD3.bHplGC0FFFkST#{3m%1n9R.#=_*SvOX,{^ouO9y;R$uo6>AGRVk$er*n4E+BG=7MKppI/>!VF.zwM9i56@}o_5$Di8Xm)]L=f*3w?hLkc[
u9g@pJ+l<Ho@;Uk@VL)Spf;hB=@xRr&4/]LQ+Sg!|z*Xa*sPEXo0vx%fkN7>JKbzJ.uwZu6BA9?FF)_YKSpc{]_X3&ea|W#Fy6z7]a9XH=ZE>!pN,2)T9%%clNjZ@v^dZzM-|rH(v<]3yJ5@b:%UMqDNzBN[^<#^[7hz$m$VvlZ4L)OFVdaGv=N<GLnt@0fG;.NDNy>8
zaKn{??bQ6d]%d-WzBceF[b_+t0Z-%tF.8OnDQmj?/Fgf#pu2t][caGawq.K[62,)qo^hXiN)Ev6GY?B5&v*7&{2<9NlkUk]@2X-=kp&v6,J^ivJKXVuFc3i_XKKp}gV^iZT12gUnkTrM?us/af4<H,%bakDLCJ(}4V-|MzKR44.)R2)EXz-.rIM7!Vs^jX!V]rbeeNy
&?=o[+#]%cQY({vd4wKik^^KwPFZAOektjpcdwGK|9n((Ux|1I/^b*93NgyB=w!(@cDTSP92V4>fO:DR|Aw*,J}9yBM=6)^4w685IpN[>]X#j#R>3=*huM,XwGc*k<M+W9d-Z^*j?Vm2c{;mT(mov=D4(jT+v._Jtq,}<*n1?54I_yX2&|(K?jdk@BeS<L]UNa1;deP{
!DF5F.Tia*K1i.^)3p;50K*BMP#.@En;Hn:vmu}-<?;<C+P!c=T*vZPriR;j_Pu)+R^v*jUI-Vb+]gAQ|4s#RNI%Y]_|heNNKB;1(y9vv!vCm|tmg;n&,>Txc$Js$ywJf||+58IZu*$r|Q/pAjT|;+]UF$5La[!)basnwvTzY8{=8IB8;c<x35U-L|oDmL?}-c_mI5DB
S,kDHylR1s!KEs:{r>Lj3[SsW0-yXbLfD:yI6N3%KkzT:_%0z_O9)Reqxetl3h3/}ME>$U?+_3gDg]{}8z>nELB6]VQs=cA{yu@8rN@o3dHz?M:8})sufXS[R[/@7xEfu;TfYRy;#7g.qqh.qA6.>Bn:Azq5O,YT2CJ0cu/WxINsNhdCjRksnN-V=[!hpk1#4ogpW>m)
3U>Bnz}ygp4wjVm{5MP75>Hqz2=s8D%RrhRs9=Ck=+*uqHv%XdsPj#v0R!)8jk(l-s#)#:Re%;-Vq]@r=;.ryP-*caNz%k7YcR;1DJr(H^m>>StPdZ1[r_MnX)0d!ot]=lmW#pkDV0FW,PjOp0_?9ZpJ=<|E.F!eE$OjM:G:JLn#>So3?]+W?!rzA5O;W_d.XVVNs_?W
.2_}?/-Ga@*3{fo5uA8wQ^FX23e_&ebk$4l2=T/VdX%,>A.IN0H>3<g^b4pP>q1y=&e){h9tnlK|rBo&Y4+E2LNYPIr3X;Hp:C[,eQw#].;5q3Gr{]Ppu|Vc]Ir9N$m}E,m.i.v|VfP/yr0Bc(+6s8b<[)x6_#a>0OzR>:nSWh$O3yg8Y7XE!-Je]uhYe+GKA37EetZy
uj3-fbfAXDGxM#:Rk/J__oxK?UQVPeqcUF<X}68F5x{%ykI45&Wtwp&i1Au2SIz34p4BV7[iud,3Lc}dkyjg&FXYfyPCGr(JTmaDpaO7[%,HpDmM3[4iAr6k^$y:cfOpu8;s[Q0LLGZ!MvER:RVrp8R|ZNgdEYk*F?*KF|X?@4]uTGYusPc6edI6&YgpBRZ43t;0.H28
kACO5^/CR_,W&c4(a&k11Ez!V>Gz:#,r-nVt|.|rLX4c?2YLt|,%Tr.g>O0dNFN+ziWAW=,PGK{$Et5Y_*4G!mtmEul_1uH)DJOLJtUGN6fsBr&c_VXEZH3WIui=@$kUQyk9h9Ww;-tuF7urfDbA(H%vvasCtNACbkpaRQ=zMnYI8UU<ePOY<2MTqS3ddOxyDzvk3=>I
[hufC)D.Kmh2]>hb$,:9W-/ct;0kib=<2oo+%9{/c!</_T>c/)x.G=].yt7$d7>SUux)464zff-!8_KKr>Yq$2POHjqL()o;j-wy@RC+r{Spz}asgANv2hHqPGd=Vj@k#u1EMTFnD?q/&5$,(()]FdaIhaMJnS]@u8?Px=6>;P2cRXZxO0nS;o3C8$YJ3tBhCH*0Gt1Y
T^GfhLVv>#8udv+oV?p}6A4*?e:UMicGQ[#}cx{jk<NEfv>#qi**CY3.LM{))L&>q:,Ig*@rIkGM6MXa*2EF4wH5XR+QzKKCAOOU<#0{r3vVU:WN>Cbeu^Zz.j@5J@I{cf%G?$govnr$gNyEZNqv|{Xpl{_&n>uqc8m&Ac5VgHvDD:$M*P(byz@<PYTn/s_Nj+<D2C1p
Dstm%s(Ky4S2BoD)vl-!p;=a>Y;*ZTvLJ_gg_iR.I0z5^wLXbjKL(>[YrI:n4@69-iyCVV2Upv$0-eD}o,T)9HSiz?&C:vn.5Qbd1W@0yXA1g}=6&$%$ZDfS(r@.d*=RZXa5fpFo6cB^!^}W}XYS7N?}wbt)-msKqFe$QO$e0;bGo0UB@9|/S=9zrLCt@L}:I_S0wXdw
1t9cnOZ1@X)!G(@)v<GNz=FVhsOi!vDo<yl<Bkmjka^W3(p;}x/^J7oS!>2%XcNy6@g{!7;bcKv+c13T6Jo=;<Oz7oI&_qAk9(L1d&,tGO{Ui3C!g-y}dg7;B{d@v:l@lM]Xq.#1f<3!!m$C_N,<(OKQ,6Sz:tP3Oiur<QEYkpH1S>X[l<p]b0m+|?Px:ZX7^bV<Pv5d
tugz,yQrQn*M])<KOHloCwyVvSo{XSwXEqNHwJjvG_sij}MgQ%9C&<]b}}wE(/o=cUYKwxHko{)o&26H/6!,D-Y}tZNZ$r,rgKb4W<K)yh_v}wg]KXJ?h_6|79$:&o<r&,o_tY/,MUU5D:6!<FJX7Bpz<LuDbI/Wt<7sx&xi{G-B];62*k-)q@RmNVU%}@JnmlA0|cJO
X}(S]^<nZ:wXr=0W:T=Qk*l8[_:F7<uX&%:5$PT.h3lcO(psD>|9A4C{V^q=OPXn$@u[hntW(NIXwAVt2UpN3eDbnG9WGxb*:+aV5&BxyuN=A(DpQ%:0Df|EyI>6(tP_aDw*7/w9Zigr0=B*Wf<mY9wV9}Y(KKj#Pk9jpzSe/.N*G]i$])TsV)c+.c<Sg(K#o{s_d>GU
IW|E=R)q__X(SacNQoi#3AJa}P/,JbbTkk*r@>/t+k#$gFD-qZ/y<B*VqKQX36*oq>]O4iYsB/N*cQrk9a,B[m,AP^6qW0gtQK]<8%nXUlpQv]6UW@NT-1_N%4WXY=$/#m:m]m:^[Hy(,x8_((oH68lkC>&(DVz3w-z7vr@.GzTYu?x-|m<9n_Q1;{t|J54F=#+HanfR
SWDzjRN-a0Ob,>U@&L++W8pLa#)6U6)CE?>&zB(d;a<ILpm[LuH8V+,4<h]LL#+WrW$H|:A;1EuuT1wr$/OuK}RF|^x=yC?auRaqStz_@BfdRxsF[T3h*gEfXH^{;6><ae*C-eo|$cJ7b00A[.6q1W@B;7I9.S?uLB:lr:8!,8:)b8Lzq@Q_Q4;mNy3eM7?rsdi3VC!}
>zo0:u$CGOq^Z<lXjQqBf{dGWKb-XuV$OId(LY/|0Kkk4)-sVP.@@KEru/%.*XA0(?s)t}#wL#,|gB{K=T/bt&a+Cxn(?)cQ.NB5NFD8asmr8d!7ZnTHLp&:5Q[tYydI|ba!QcUQ}}L]{-Seb[P(h^DKZ_K{-l-SO:lzDTCHdWU^PVs!C3$?>(_ro3gJiV4+AQEX!7vu
0K9IUm;ca?vk.Z#)l4XN3SQfHS|aoqoNSp}o3u,%gPSLi:$[/(LZG%Ar!G96?Hq!ICZ!91@;CcW71x,%8PR,seD2n&I8r&;x$C*Hk11H,)B4_4B>m[-#wxmKIQ9IX9VWIgQPB),S]^?Nd&8it9,K#**GtKUoK_#3<r3Pw^uVo]S)yx0c95<hX*--@};7+hH=mhm4)l}=
Z.kKDuZgN^&p$I<J-d95YsRz#<V-6rg37?lC[n7wuZ)o?&-5Pkni9AHNVkP3Z_#z>CSg32F}-8qEn{iWQq#l-_-21+Sm(56AljN[p;X0dAzw/UpUo|nDZXQFYt4fV^%PGMf6T]Ym%^^_d3GI<#pXN)Q}jYUQ[NYhXuw2k8_O%m3EQo>2q^/nqN^L{OrmS0N<J>Vz{bZ9
ka(RbMMsDPd<<rBbKQ;.T0)P&rT-y=6]MHE/Xu%U_eQFDG&#uwVC&&B!,m.&>8F=>/0R(Z8dA_ye=^?46Z5b9cx!@|:T@uT/x7o_i@m9mwtIL@p<8{^l9{,tO*8@Z:p4dD^Bxb]i%E)#ZYC/>boC<jmE?$hS{|&=qLS;j[.1D0Vp-ZFAAe-9$ZeJ9pxWQmD58|{!p9Iy
<$o}ZZ}3{*y/:,ro9:/uv1foRH%^=+7R}<wkY}!&$u+}&Sb/9;S7)51Tt:F0&T5l@G7X6[evGF=FAy@3fe)x@zi_RLJU0wdt>{Vqq2?{K_g8:.u9N^u5yHJ3-MLyL!>:4{3Gp&?g-/H#{REo}Q<M*S&$gJa<)b6q+z{Wv9@ieGy0QT6Q-vqh)q_alq)ekRd+!Rn?qnKt
*Cr4+1TZE|08/_sJ%gF/Z>Z4_?)dPD=t.;^|M&)bEy7YuXd[/Xmmk]Nd.{[6^FVtIl^PvioM(,H:2ZZfEtYS#2R@*w6ba6&@tQL-)I3-;><4hz+6S6PlUJ!_-YDM,-Xo&G#]Fgo!+txWQ#a:HV55Lty$,-UWZ(tIva>z,cI}4*m6<@{qGqY>ZNcODDCU2W[Jk[FU?qyB
}WtB!_f=6}hjO$](Rp8W]IUV^W$|tM<bU(H3?fueroUrS=f/@Nn-Lb*W%=.d.*?^pXW;otmt5v!7VoB{RP,=Yx(*n%d}+f;Z!5vDbfk-o|/SPBA{z{5Z/K>Ro;CGI=FE<>DVWhO/#p4ahNWExO>yu2cRONT6w{j_8_>^laY5m0.z/R]^XWs#931v4*BZpkwC&<@4X11z
-=b6=._SXahs4C.?7tJC8-w0Go*!]H6^R0kX=;h}4)Yz0-_}kD31mxLXrXa=h!sn}hBB%_oGSj,USxKSG53G%D&WmxnhAecD0]AZ:=kI.&j*:hDC^$5<vKS4XijDBP1&x<UXin]z8X|QN!1|W{ZfQC%j>.$@69T,+Ue&mL5=dnfRW|(JC.[-aok<M4N8qm5lDesIV;rK
5Mm]5,qmpi}I7ikRm^y@[;<@i=AEgZm^PyR6-1Ct(+XymW77n3EFawjAx(=h0KiU}Y90q;uHE9;r^|eVVf6D,:ECSr$[E$SJMX)u$7H}f]s*6U8VU7hzeHmw9}9h}%:P|rhV3Gj*lBx!g?.6fEFd5bBmZ#op,jXGg6!i5#@KOT1I7L25L7b;@WZfNfb(k)>#S>89Bnf?
mxRT&teReMxFHPMB,vpDnR}7b=@l=<1,KP6>bRPb[U+.V1;mm=Nc|4f.#Rc-i,CsaA[qv+j;>pur!%vs+1}@f)q*ilv7C6SG+(;jyQOKhY(4+w66N9h:4lW%ZQi/[G3Ac8HkD9|z3_aw-,&;7FAVVe05Tesh[&7eh$j3-g;w!0N[wOD?mz70.$|j+Jz>dx4uu$v|#Fv3
Od%:t|d(bxUS7c7iI?4<%l!Rw4--x^L.gY:pn=#pBz$N!LHF&x{RF.6Q0]2pBwD((Hmv^zGZf8C}vF>+<!b.#PG(d;2JQr[zG!|HQZOC;%>$/uE;n.>35LTd21p3zQ%j=LU;4H)/N[Y!S2;&#6v>*6|7usZysf*Akh?Lm9eW(.t;WbmLqcPrNmLBImaP?v(:2_e27lGm
$W.7688a9kC]8a:6iO,P55CxYsAK_!S_d@BsM=&BXnAL+p(?(<RJ0]mF-4=:#fK!okhQi|!bV7r{c/?GWxg5U55)RC?RGEHh,(m/!gQPY@0&pDtZM_Uo;w4j,7r{=O|Bn3dl^7JRqa$dr;z6&PN*N.Nns-XGTc_?Mbkvgo):m-7X-U/eBtpfWnl?]&ZB-YTu%+sN!(q8
.X2I&TRw-9x4wBWmChds7!?xGaO,Bbiza},XMr{Q!WJUdvV0!,!wWp*|KV=W5:PPww-AH}:D-l#&?@Qv$[Ex7%T:/z5/3FBAO^URX|TCEzP*lCaa|FE:/ni+Xoeo}Uwa&pHCU|d)bT4bI4kL/C<!,mNe:MkYO:=kX(P$#^&0mIcNQ-KPHsmQ1a:dQeDtUDC(mpxGSgeE
[oyk<i>y}s8)RwmjMY!X]sVmz>WbiD7g=59jGvE5]wV5b5yDwLzqbFwb-KZ4i8ZX28/i$SpIYxnkvB^)aTR@%WYS<-Chu(D|O0}n,)8(hGABW[|eHzfT:d6YTJx<Q}<iy*>tiH<$xfeW$<fy^==Yx5%x<}+)7o/kQ?Uad/gd.}$HK/AAJJ+8r^$9+W_%KUev6Mi/6XO=
=^_]w?H6cLmO2)IF&T<p(d.l{v^Bmm0X30xDn23A!TAEbCO*X|XZ3$m>>khf}8Xi;J7YdR.l.>Jd74twU^Ez^6;Bxo3sDe{8k(}!$BhCUw84-m,q&-}<BrJ-jOXx]a3E|mmA=PT/(Dtbct#aYsg%B=B.}GfFuX^&IpHg^=)azi:dj2z{uu3K6KBq7-taF,a(]8}.eLY)
;BVOl%Dm^L0xa}hI#n:}&qxLxHRIGPzPn6ZFu1!KYUmXVn4=^t.oNd@O^CbIo.]9yj)lPg|ODF9!0N|kxp9.PzgmhaO+<m9Mz)1z/ed>$<!wW(iM&:tGDaMJOUtK;|#.:,n-=mor1}GWif@3bz$jc9?%:AIGZqz$5VBorK>%945fQ]oi]@N&__HcqwSIeiPV6m;n:j9N
}-noe1ut,aefj7ldNd%V_:;d/G%eiK>_U-H3w#BPQQBB!kOknZ|36VW$Z{B-Bk37#c4xm1b(4apQm[lHG[YL#98Z1bl:x5bEO]5J%#sWSO&{)SygunUVdjg2ohr]g}9tZ$FR07@ZXtK;b.wA}z%Dm/Y@O;/R/Q7z[]!r|_tab[o-^K/8Z-Qo/Bdx8YtIeOvPoPW#)A1i
QGE1dkDk,p1&RuUj0JQNkxi1;=Dy@G/#vx?d]|dBm4Vzj,q&w=zoqtR/4Zyh!}Rr4y$,=[x!RG|SG+.8o*$rjL0DE@;ENk?!t%N]9<@2UM.5WrL8|Gu02{u4qWP6Nirk-UE#WY?w3p!;wX}tFpl$)f43pWJya!&6TznAuF=}(d@g8Q.U.??>XJoRd7J-iR7LwOz0A9oS
Q?}S/t-?DzgNBd&RR!z5F6L(t}wyLc[8Z8FM;lsyqicVP,>>@<bgZ8V.hf8x7G=H!^h+:;w,h%2+ae;04hi8Yd[>@WS{]rW2KRy){?%3U;6Gv|<fz$Ubhw+A^nkCb-yTM8]y=h3U&>t4>:O^!#K6o,034Ag!X/PaB8ZI*xdsJx$Cd6(qMtl;N575kzq=d|cdDtq!Cy6C
G-TEr>9RIq7(C/66HhLPSv2R{/FXp=cjZqo&zcGM,nD^e%oIF)PECx=j(f$T]v#DtLPV=r[!,GoTeF_O:$,V(I))1d1!I^#bSk-2{P>,q1[@Wo$_7u5rw3r#$uYF_0Pg;eKQ.%VDAp3U1u?8:ehB&N2kneeRnMCc?2UADGgb}agZS.KL=0!_hTuaa^8tyhR!{{{T^d*l