RhzkAiDGqm3b+ApIO!=rT9ha;hp$$mM6U+VuP3:e@8aZEuBmVRHSNMo5Ks;MpET
.RI -4LFpjqiDQrYG2AvIU pRF.w-49qX?G%treE
+UAn04gzX=qg9q#tCUj:6%U?RNOjRy7HK!oT,BtyD?K1Ze_!QJ
wSDQMGBB4dii4sNoI_k6RQ+fEWxdW-s?@N5U+F2?tbalFZ!ao@Iu#trgLaVot;e
$%OzwaSNQ%EAa@bN4ojXcIhA_kQpYuFQVwJ@f;p35 6@gbmm=SX AJ
,u8AB;a9p+8!s=%?SbzJpapl9OxO wSt% JTdZN h,OyAAg
WpLzcEgCBwXw2fjyWb-VMgCc0;kE5=sG-7d+
w@h9-92m=_V3hp7q6osQZu@p.Ba4$gBy;jct:=u
$u8!2rK4;z#+Ybl@8$3jH =e.n:R. HNM+B@#0-
r8RX2az5aZNh8lYk+S_ve.$9%!Sl83N Qc+9%6hw4JYzE?!ht=Zmn0sOE,l_C2qem6,K
@-pe#VGBr%sP784GV_76k;n!V?A:J!61v6.5-5=Arkv?8Ilo_e@K-DWI@re
XL?$tFs?db ZkaI#7UeNrt@-2nV034c?JA592vUG9?c%EekSwl98PWKWjO
I=6T1YqYxO5v1r=RQm:9+EB%+rokxy5cK-!Gfw!1fY+t SV=rNPbPtIB2e#
Z$sc+PQlIUH0j6TgVB5Vbd$ f5LA_4etKC@q74%c
_+V!l=cLOu@5$YWXyg d=NWk Vl%e49y@GYEqObk
sd93OJPOOW2yNXKx$0Lq7h-UnzDxD@y.V:= s_okO$?is:06
.v@;m2yg3CSYUNdHkjwA
L 13Z5B+DbU1vSVSs611!mzFyKcC82iTZqIfTu1FKcDYtAgG1IuLovZe!9edY8G 
k O:v+v#FZ_jAhM:r@FebRpYE;lQ4JNl5FQOG_
k=YP8E!MiJ8L:ODjquxeCe_OsV.o@7uhpbhEuO,8XT7KNPR8mpt_4C
sQl0s;4idjGIE$;p:LY_A, gPmQ3Gk%J35ISByBiSqR?WY $A.P-kl9l;vjUd
KwQ1g,,$_7,%6198h AIrySg$!rX,w=,m
J#rTLrLo E@z@u$QVbS:Q
rv9MykTV@#U7b1hM4PDbp=!7yPk,ZTKK3= 
!n86tLAzF2,wr1g2j ou%5aci=aj,x11%q5$ui-BkjO@o@sfL@
QDU9#k5rt-I5-JP:N5c_7M,%t,s8!a5Qkdmq#
-bpp,bxHlASCWx%C+FZpA!UY;PdDWP.WDuJ.YKmB1r_oApnvox4FY?vkZGUgYacip?NGfbi_RoI
FwEeaiX,.Fhh7cW%YgGU_M.e@uP4-SkNJx$c_AB0=po$aK:rZKM!y?gcsxH#zrq?W
5JT%uATj2v=rcI!9Hx8#YJkE;X+5rp2
HLOV3v@9RxV:QJJvtoM2nF%6bDuO5v5.TN@;d_h=q:MEH$btCYZn$KfVec271@cuL9lZXPhNM
ug9+GI_y69UzWsPkx?cyJ2
?mDRGO ZUT@pC5.8W3QH4%YKtfX%5D9.jl:kl08.:5v:HKgw#q3_Fqm?h1n46$!Hvs4l=CxBeG,i_
YBI3EH+0bqSBQ$CVK#3jg#BiDWd?XZB=66@9s9F
 xvo8m;r-t1Ep77LitIuB;Z
m1q,enp6v2231l;gBv9@M4rnI5QdIqSDBaQXgHj8m
?Cr7GVb$Tu8-xQM$ajw8D$Y1;NDIPwQF
ZC6;bvKql:G0HdjnkcX2ncRJsdmu#Ew?nVXx2SauP$ASpD,!1LUmn1q5JzZ,vf6FH
X=o%1i:46AvAH3kn9A-DRFfi9TU936cmK+IboMsM.nK1u!u#+Aq.owaQ$znK9GKNoGU:Ap8J Jl
SA#!lVH1%Pan6bw#f;7#!dW!Yd8@DP%$h;!_eEXG-SOej
moUpYOj.gQQeEJG6$duF:%PS@XyfVneNsygU2fha
?nVW6LLHeJwNw8z2VPc?e35!fmHfI4XP
LS_3NTFXvk%=M;!qwR4sq
_sCCo_0v2g-OmL30u+25Y0vbV%CgW8=ryA2t=a?i2ib-neKAv:Y@+h;ButuLr-Fv?6JbVDnx2tp-
U%P$vNLvZ:FOry;%2T1t4+Q4zasSvSPv24osO8c9mCdLdq-k#qN:2$lk#juVGjEM-
D6fzs;4@_G.0emyrR%SyqeJheQV9fd%D!hSp;:N_oOo7sKla;XN
vLZQ:mMSVdkUHCju.WIXs65TK4!IzAvxc.2jq_1lMMgJRObqPLtlC@;CG=F+YwHTBHzoXZAwQlkW.xT
0vLSbJl7Vok+F;E_Q4=E_Y.nEBbCScW#ONLklj@MQ=TI#j;RGH%zU!4,g
Nnl3#ToZQaXLHfGzR$LA$Wb+Wnn70rYC7-MDaEdy7X6rpW+lAA
zj?YsyWwpbG1O#noinXnU_
E2xa@6#G?hiQ,K 7@U.RbHur:xX3W%jQ:tp:0t10P7TS!F,7MWsD
Lp.km!UHtsmIN3pCoy4F:5vj6WBJNk6rQ=Z5HAF$?.bI9eqjkBHuVKWoUbh
,gYFdf8=vz42_$1dFqmT1m, UjLoRRcETF#MR,FP%VqW
PQPi2oNxFo3kCC:QKgEckl%qk5+NFG SA=%PYICNI ;,LjrRFY2oBE#1U#!?RYPm 7k=lm
 %55Vp;rReH%2f2vF$iPhgg?.HUa
QACxlkW6aA#r8::6n3PVcOYPutSwE8a1_sJj=
n,8T9=@xgGUU5%_VikxLc;Ny,KTdBt;9f4L-b5jFYW7ZW6#Qjfa.#0c_E7HaGQMI=
!0tZBWyHp;v9,Na62+NdPV:n-e
%N7KkNm9q98D?.%m=FaXipmC5ut-gL@WC=+Ma@H8- 9.e,x3MB7wrUyipp0mQ8
t5s29y6pjn3a25dP0KUWoQK?b+_:rrmE2#W
ChMYV3ExJw3-%G SYEM9EwO=@L5t%376D;8@K%T=hMCh
4O:CG;5Y@6sqNpUBWtN!VctnEia6zQRyv eHnrSlbd-gGN#!B37 h72,;
qF;xhGe7F3_TY kX8fUJ-g,kJmJ,znsy6Fy_m:5YLC7N!NlTVRb3$6@t:OwYBxnyM;m;x!X,M
tuGbw20$P2H,%,eGwcUn%rZbXGbFMk+W
i4C2MHrQ6Cn%3M;Mw6C;6jS3=Z+2fcq@3VIP:6
.Y;;U+s+l.0k4#%:;-ITsECpP22u@
F=8,eWBs54nuDddsqjx70H P-l%EJx?9PH=%V=;xgQickXJX3cT4u_M@wBHDW!Ij%0W5!MO3#K
5PEOCuXy?IwJ;0.db;IkqpQN3-Y6P7Y.J?T?PfAoH5?_eq6GyShZZ QX#VNO2=b60u$0cpwFCHr
-;D!p8P7mC3wbpfGRwJIcX7O9YWG +DeWl
VDZ8Oakf2F;Qqh22Kd3,
i!w wT=0hz.5Tbl32S%iFM=d4vCtB%VE9p@;KF7.6chmdIQJi6zZJ=g8Lg6y++vq7%bEFSKA4
Z:6g:m 6;VOW2pvwM:rlQt#%djHH.nqY;e6uFTneciZ?4trD_CxYB
sjxtq11xZ@7o%!2sNjAMA:03Q8N7L0v-=ykU.B-lqaSYHFfJQVqYu,60j=kA0E
jPb@a.Oq$.5aSou!U=dP1Abq5= Ac!U0
C!pagUAz58Wa;N_wxJ2!q:j9#v1o585
GdSnMwbwDUsDb0EGf4OYOV8Ly1j9brkCO,Utp!sfm?ycU
xEJdRgUcR!KQQQJ6;BOEy$clxD5:EBLLEDqL,4B7v0L=#JFXI#o8%b3Z WeVhYm8kw0U
5 fK#ujAlblK3tg!H7SKw=JO@G;Q_fZfGEmp;iV@ 
 bZ5I#YW%xz1%8VEVLm:4E5K?1?7%UR,YiT6W54O;Ps4?%w3x$NX  vC
xDTEZ#ZQYGwTyNolupIxQV,.;9s:
bJIlI+oOkzGm=c0M9gc3;xVaTJGfA
3g2$Pd=o?WPShIX7#b@0.EosrRHnZROGp
!T#$VTKp074Zc1VYNN%+n77NWk!Z$Svu_q,v:puBwMq6xp$XS4#?=
?Pm1ln+QFQ$eAM5g3:eSUGC_3_zGVM?j4ioa0ckpxw0
PS:R..@a@6Aqyb#%Ixpuzb_2QmqbI#+95 e#k_wCtd;7
S_Z1:On$d33?!?S+TWgJg
?YhrdK#2@DLP+9?21.2lGISWzr7_=?BO,SrB
dM#lYkrax;QrCgLExhhM,EYg-PA_V,wlgZ0M,D!auz+tAQEoJnXBw@SfV;ClChK
VPv;y MZL:Aar1uzXJu5h4nQV5L.pGwi_2jYg@nO:@@vp,VreRyKyiRyLShcp23Z
xR8J4yp:O8bgzGr3DC0m7iwMtZ?F6+ g
KmGqCmzi4Y$@h,qkvdJtiGOy,OhS64.xh1%u$JdrOVRHISf,JiBk9cGJmawyS-$Q4Ke9-qp4
%;B7C9Q95O_RbCKyJGZwnP b2XOHjgayZXOQDW8YK=#tdKqXM8TZYtiraX_TvC@YsJ%IB-Mo0nR
3p?ZDB7l#x=$x;RwKmzk9rIzebk.@F7PW:;l.=@xgev5NZ+bgTXe3jk@.R.?fny=zSZ5+mHMJ+C,kF
-alK!LVtf#EaK35qqzvmaM8tO35R#;NvI
OtAcB,#:LPp$AW8kzNOpghqUjQFMpSJh1bfU_hBeAbQ_SA-=Ynyqs$
KX@M0%Zsi0x%%qr6%5#=f35s:6H$f%vPs249kRj#gwo5;!Pbty#k:sT:,#GwQ2teiV-Ni
qiaQoATd2UrVz4bTLArAIF-oGP$MY5k.JLgsKL73Ro8edM;T+
WEF,,VUPk3v2Ip6.HPGtwARJj9TmhLn4G
7kAPxMoAj9UNdhed$=Mtwbqk-dEjB?Khf#xrn9DF0CBaRd=1l@RR=g.5amu
Vq#EY?A,2e9OXbV9fgUkb DnqKZ-1CgEbVAr!l?Y$G$77F%7,UN%lKZ+ DhVb?t86_7LU_p,%3=
tdISIItgBnqc9c17d58H9,FE1PmBQg5