1av?aihh;P#jkainHr!EuDIrd hd%u%IsP?fpFfD6wjctobm1fwn
_qJj:LB9tjFiewQ8pr!%;_lLjGniPh=Hdr-=WZeddYb!TZJDhFe HIQaj81
-bpLg74inyqm;jef9rhu9Olm
x!v5B99KdbWwABAHEmA?#jkRkptEgaIo!!1IUe
1%#NDJt#MC$TnM7RRLvUN-kBl6C!y:iaNaU-_=g%=9
N9Z$+ltXlCF15g-5Z%KPp;;ZzguNa-KGuO
KkX-42!X49ps2KGyhok!e
$,9zhqWzVqdARFGI +H@LVnv.L0p pn+Rq22=:n3ohm0Dj=pip6x@CtR?lQkQsW_h-Kv%dzlP
B5I%2npwtQodqDQRfphI.A$epN6@,PmKN
GMqMF+o82_%54-Ja iv;uwZxC0uR3C4XptXe?Et@1
3zDvAaE+0vaSX 2jNW Rfqxn8Z-EJYE@Yz8#4ZMY#TiWW2KBpmkSk%x@;5+
L$dJyfKRTg:a0c+=;FWIcO_AF$??.Hq8MUA72PM@ThR.Em9CjP5aOB
Czl29;:2DxFSDmCWeCwAKagEEhW3?wQi M35,=4boEq.S--zwu.LDR3yZT:C@L0
9p1s-n8dyVcY=DZEtV2x:1oG::0xe_Ko:syv1Wz6lSJMzg4:_fW#p#PSRyLyRoMj:xaa;dHkI=+?zK
Mx%jU%iH7:@rU ;hZhcaUFb77@
7WTB+UAo,9R4+tZohdA4#!0w2@Qi3cDh_k%HqwbO@V2k6Vg!y1X#iZ,c$;.EL
dXp=D%4NdAaEnp=0CWw#
IaAuK7Kj1G4Al.hm$Eoy6F% wdsRnmSv1u0J#3EGYSDQ
!92ow28LBfy+wGvNrs.9pkkK#z6Y4Wo1okE0rHadCW o%ta:Me@IZ6L
dwLWr4W5Ee@I,m+nLv+%;K348WdmT8twEe23RNE77t=,lb
i7Rd@F_9BXB2wjK0KgTZaO
PjEgi=xY?OD!CzqB +8l@4ixxA4$lDv!-Ba%qvw2:4JPjpC:Gg=R ;Iylh%5Uw$ r
l1LN-CMLn9Wn5%$?:68gNEQ3fOWM;xc1;W#vq
!av8WCEj=9xN8gZzXbscsb5z:bJ.jfNOePwS5UM##.@DvvPOoGE3tgi%PIHrROT9_M@uhskMw_V
Rb4Xu00RT64e%=pX+zW=xHpk13CrZ;eGs299IZWEG1p#oZDevUL4+ekYLe#Tuc2HAO!SV=0bhyv-u 2
IrRG7aFDn-5,oL3Lo5q3pt2F@P:@
7V,FyMxXpSvNrU6Ejnx5;u2VMs-=7LsYuB2UPNsf;l3PyFTuwiaN6be!
0NBFGWCoK-,Er$6SVq9ypEBj#6J!JfHAvi on8GTc=6F+AmmY,?ANo DRu,m5r?yq
2qMK#@v$Rk2a%.G_d31gY%gnRH$d1r8EYQe3B31qmVMfh gN
.y=DHUdqc-%owlrZ6kZWwjvhr%%-1ZlUQ+0xPbi1SMLB
B0;w85C_a6@Pflx#15,RRnrBVjz -1,ID5KTt@f$p
N9@1  @8XEFuwSsP#:%J6-p 4O
celc9PNZ:_LIgGQYn0#!.-1d.D+vCalsY.As,CcCv.G-d.SaD@FwXSRy13GHe-V ?
v89_U8Nya7L:az0Sta;M01Lhy%!Hqa+J#QS4 oT-s9zrkNFybWD2sV4x2W2$npF
SQQV!!Tc3H7UgKutbvhQl
DR6,!arFz_=-O2NoIe4-ud2Wo?,PUB#U0QN,mLpTU aRl@lDe%j
_hHsRabQP3u1!dL%HfY-XwDLeJLrMnu87,3Xj5VZPP5Xh_7N_
UoGPAOyij,rbI+38c1JjHIF6uL;,vmYKXL!_XUF;9Jdsj9.3%;O7-IQ@ma_HSvYbi-UZjR4me
rTa_kms2n37caN_7ueR9Z8bO.;kabXT?!KLn?Y=L
oo2,MzxnKjT+R7OYV:e#uELe??.=mvF3..!9YtG3CweOYgs
W a,k95.k%BBMcEr@OuY5o2ADtgBDhMqPa%N-hXK74OYwJg#Dja.?,Nk+u_ a1;%l:ni;CRG.-O
SB?AKLP;dICCjV9;WBgp!RA4vu3gIkXMgGuYb-ACO$nQsy,c_LTO+$B N@L;KbEZYlk6LYWE P;C!Ue
_A?0#uBW8J4V%xYZAcpp9nfcK
ON?E:6XkJImEWoAjVVS91,3GT%e$JI6-9;Ol4qIG#!.Wyc8AeN1#R LPAZYaHZ#o-!#X85l%
L_L43.%l@Cx%@6nb-Gvz6#av33YgsXGf  :rgDfOt:R+jJ,
CSi%zDKk O$T@ppTVzfAScmQC
q-e5DnHecI+ X,K.Wn6rQ!fBuz =qV@VOFomQuIkkE#pfz:nFHGJS$c3_G48hx9G5-2
Ubq9@4iSAQWY7?+@FR2bm=yz8F415!1Rzc.xB+yx6q.yp:y5CeIEqUjND
KbF4!!jfTlw;iY:P1uPwR?bqsIf.gn@1pYZWg1d3;=jIhCONGm1JChi!Rcu2B$Z-
wVhUVn-qFZ2q6S6Mg@HN2;VGIjB.YQS3qn$vxOI;UQIps4XgcmDoDepIu3$:M5jP7o3
2SERuLi7H4_It3$rcTYe
Ye9ATkgefcf!eoE-O;gxP_FydwR1bF2NR3qP#lCNtRi#Mp
Gg1RA0fX9tiZ#qO2g-76Z4z6X@z_+.a+tqpcvARh%PA!9rLXhdL@hKJq:RALY7dzn,#4
26z4nR3 dVPNxC43UarkjY$2Y+!DlCRabuxe7D_7!,Lt2Tbry_u9KKbMTD-Cofnl:3@f%
N.@undGoNEtMgVld%OM_rCTnGDTRjmQo4rD2:ifD!=nSL?vs6x!r3gNR7J+86Gb2tR7#Y%pOF7l1R,
sR%:0X1gtbznO%HsFV$q=O!h;83#vt4m?ZZ_YZi..c:_ua JpGN3qwzFO,d_mViUab@6_Skzt;;g
ACOc zW7-Cw?9N8_Hg4bT-:ANtrDzbEGTe+#UA6Q
w65_TjMe2xxHXF$.OHC.xxhzTG4U2Y2_Y:;RBjek:bH2=4
x?zttL0itA+Hpj0MY6enRL.7@FbPf4F697Z@o9TEv,e!IJL9YQ02NTJIOL,KKQK
318j !mET@f.oo-3,u9P,xI_aPcdBg8IdeW;.OBus;Ra2 Wtw@KX.pQF
=Gn1Kxg3jtojcg2;U@N9Duo;WYj4F5f!xc5MDO_#FImsuvyXKUSuKw:C%T.ShI3_u%gWYIl;pV_K,HR
yDiq+Du!@RtBnlh7vr1YAu=MuKNZ!QO1e
E9szI2XXRE2SFQ3zuUmLGBp_!
Ba8_B@U!6I781r6_ttF:E-F$70lZic7%;Eut
NrbR#w@x9eTi$=UjKU;V7E4,V@n-uV8AcK;.UQvYHFt1IfGg7DhM5dSU1w$!M%5@jTg,
 .Rql7Yh!zDTU8:d,gIEtU+H18y-YA7w58UKx.K0sXxQCR2J
iNVTr@cK%RdQ3pprfbgUibf,H7.3SAr2B?#w.$26R tmyx#328Y@FlsfB
rmvV9Jp8psj%abfv5Pkzb+8??4.zaT3-7X4@9!9U0s;3-ZP3;yOj:wRQo3Vw+%8T#+CuQ%Ci%
b_NBrSF::@pM5K6?7AnD$?;DW=_2qVk:4c7W;+L$V_sppUD9A_RoO#e?AlVe?kDwSkW69h@9gT
I3VN3=Sl@-_e.iYxe9zNe9Zy?gw2E-+I-hdOLJk9..2@y548jjER#962bUgaS2N$JUMm
bPf#Jv-vC3%YbxWeJY@BqH1Y#
DVWUl,%m%ENjVlEoycrszAl+ZdH_KORns,yD3exFBJ;gzdqNZei#N.?vNg!s:0
fuzWjz%JRNJy33_!wPIz.mP-.,KWL#Y ,c5-i=
k; yP1uM;Co_$mEGN2.lhDti_l48c+ASdH,xFeZo2
4o5Z6c RS$jZi+JC%dHjWdrN5Gx##8m.S12x:b5I18!xSXs3aWGyi!d3;318k?-
3=1;OPebzR=;; z:pCP+#VXbZ?7Jjvj0R4+_c%9GE7bz87lcnJEOcQ;JmD,RRk+mj5x
V.Dm=s@zc3WFgoXSE$.t?LxhXQkpCiH4=4lB,Fqb7654;B0mJBFg9p$l1HZj2#zVRKg4
a!HyYSGbCmUuWae-VSYZngh:#GWRXjq-;b;4ACiZ45WMIsoHybd
!;nQ+IiD6T,5P,9lN7#W=NvXGj n6WPhR!2@ W
Z.C_ytxp3#Sjm4RcebLiAYX:WkrTL9TL9gi# bvde:BI_rXdRr@f
NQY.l7_DyX%@!eoGhM9#8nJl1Rz:dsgT02BI2@,de_J!xj3Lnus%xhRhgd
PFSGJ7Ls1RqJkUdBK%!pTPpMB5kY2Hh:t
Aq$tEq0g-WR?k1u4!8K_nC3iH-GBa4t
mj tr_PSmQEvQZTH@b+S;4nLV4_ ;+tw0eG?-vN#mG+P@thX_C.jpuz54iB#IGN#sNLUbFn@JfPATR
#pnvp;qpdiOvvt71xdu$QtHh1+Rn4c.sAre%jo
XXBFcb4IIzNZLlX=m ygQVla3!-QJd62l-Bs
jUGiMH$L0ZBICc-VxxUnkR?
qLboOvrsUK dV.DYdgLqWkLqduBEW7y;iDCa#
-4gw+#t_XZt@w9!M8bZ1pZgYeJ2HxvRRACybiQ Dj6..,kzj PleLdk JiWTo
sI4v_bJb8pR;w5+h6txftY3zWOLXQKa;Q%4rQl0Z=Z6
zoR_G@;QTH:nmZx=IVAHwl
o5c+ax%4xMLh8M=.REG$Ffy=wZVUVzK+Q$n+
nKstqLgisT8KO C$LHIn;Uiov;FhL_V_FBBV,CRen#BDgz $-qK2u=g2,
d_LbC4jeB9dUz+_uVDu%QK5F4qeV9.LuOjZ!V8@;B4$Jw5m%+
Z04flGJgzRupc,Y00,J95zB@.DmZ;He4p7RV. nOR:t3CeB=6vSvafLm
2VN_V =qr;hs@Ce9Wc5seC+qFF?AF+krJk@0-Ca$?3Ye#_SZy6DoyJIrUo55wrMbZ1kGf!OGTn%su_G
4cJY9g82Eu V#ketU_To-7N.S:fuF2tG5ZzAvD2F!0wGvo1:U2-Ze-E_wNZTPunM-f5Ihg!ARlF? WyH
b8G-b@RcBcsWmr-vY8blG;XK%Jih4XYbc,H!%1wd0$
pGh8M9DfeR-2_S%JZT %pCcgayXNb0SSE
p3iOA9#KHfC58QzR_yE7c_W:o-E6f%PS2kpbf,P0Q.AjsSlAOC#Nu,Dxeuhw