w$ ;py+1S6be3S-zqO0hnH@sTu+_3091noiQ-;obPvk@$dNGiC72
,o,P4w1D2DZW.EHul7wI3KMscsr8u8pFISTc+i-oPWAwrQmNmO!:uJ@z,VIGl
e0EsXf75?GnWP4g392=KQn;,h2v=,To7RsOBDNFRRrj:NoWOTcUHJm$M?fQln;A,Z=akzXV.N
BCwS2yAniRcZJn5;HKY@AbLI1$c
KPUedE#B%3UNX=$3MPTiw%+J3DhFLQzL@RPqJFA G28D-I,H6kxyt6urpxTI7%zPc1#E
BKOM:Bed!?l75NyTdKei
Zb#3azZF@Fs#FWr?ar1 Ck,f0aL7e$z!ml$%:H?rWbunMKl8i8?bL$H8tGsAx y
-V2TKTruKC.6Vzn#d04k9tY$-=Q
jc+fyN;cRakhKsSjRDy$lJXAog@A Ik??zREtXt=BmI 
PYnHQnZhX9UY4-nzL2_Hj,jC,u2r0N$Y%Ewii0gs94JcgJwHunglQ85@jl= YIMIFV@1wJC4!X6XvF
gV5ZkwMfZX4wE%dPvjaY308.xPBax4%a2%;
Grcv,r@8=mVu8NMRJ2OWv= W;OsNKwbbd56M-aIqcZyJS7%oQbj,sE%HJZ3S=V9Jd.dAg%47M8nd
Gc_o@ucP@AxzYv6RAJMF5D7:t_diWHva,MN022cB.i
feeiR:Y@8GxDDgVxA+Adn1EBojVAXYKN16,Q=Z1dOpmpAFKRT;$SLw_,8
hMjq7 e7IgNmc0_r7yHz046zfm
1+q.A9.46f_ML,tY7,Lp5Tm# _p1M7J4MuGsE.Ka-PWWrRmX7j,.Mk3Oth%rysUs_t88xz
Ka%7fIZ87Vy, YBSgglq.F+f#GGRyErhZ_fLSNxXNpWc5d#dr?tBWA
ETKnP!H8t60u:E17.nmFnL3PHfc?f,+z;:5iq,O5#97W$Q#A6TVY-,xbtDEhtt.hfMLqX%VP2w XYw6X
8iq463KbVxA4oO;Z4uP7aD_gg=o,s.derYftpOpGyCEh:XPf0:t;CL .
:XjPnx@q?WrGhbSGbiu77%hOXnya=x;2eHEd+MkcoWFxF,oE%T47OeCdW
h!SUdH.JHA.7zaW8JBagNO$+Bu?#lkJt4nTTbf e7fPRIi.IoyD_ys1.
,x+=knvyR4+f.g AbS0.Z12N6-5wPDOJz6 r44kEJa3QDiKMvoMEKKHMfNiG;mFtP8
$3X78H-+hqAWlG ,?%_WOa%eU_kD
8HAovS!D%W .VTw=I@iZb0mWTSuf=TCnx W
3xkQJ%=YYY2#@TrivUR;l;fhU#i5yYcxAjvQ UTMx3in7DPKiWVZGfgI,vA%8DPrz+= !0u,n
Pd2EP%RNujE.0$V4F=dq4o%PdEX:sP9#RatjHA?h38Za
8fFLwj_I1.QlIiELtxxG?aoH6HQh+$a;nqd
0W%Jgj!Xh2xS8b-?3Wvzd!A@DRwjzuTD-k_07l4+dIs RWWOKD7FEw1AcXy;Lvry:=!OtVYH-L s6
WM_GYGSn8v_s.?mugKu?P=A?pdoODvI@bp!21Yg1g.lK:x1r034$Pa!@
$?!IvVm7J1K$.yjCCLu%Ijjv+gFH2VqneOTHaXv?m0+d?PKouAO3
p,xZ5Nteim8Kaz3an66myIn#YP=Yrh8-I$I0G.@J1Z,3?2Q-.Md_2z3w_!811FEUp7xric
qGC.f:qop%84.h1fUopj@Ak
ffwzM-msCgsxRznO0XA8$Dhz@+mi:zRuEP4a:hjHUrW+Q2l_8OM4#2C96$_oeE;%Yo5EbCkMfzr
Lc3UppUsRUsTV0DwV@?A%WH+%q8bMUH=vvS
EA5n$4_AwLIiQ+WmhQwf;BOv
?;:#9kum6vjB+m6WKqkI +$j8.0. 3
es .Ao_hv%pn4Aqcx@YJphL-v$m XjeR0z;YydVqs$7SMDtkz1+GB$39iPByb8Pb_:6vlKv Bf4-
p#Nsg6n46PtS,0@yRgr2fmE rP90!nTT57YXLqRg%ui!$l-RxC =#N7:JmI-M:Q+Y0?+JVeSpOXfUV$
Yq1,Vp@Npq?k3TkIo+jyw:D_neoo!qCS8_T7?NWe%r%Y2ajeuDMFns6M+-lh+!qXf6%L8zz _
m:k+.tptdCM;LI+_Yw4Z$#o
AQP0o#%41DW;QNow?9WW!!RDcU,_?Mq!Wumd?
sZxAI# BPvDrHX3jK4jrVRMQA
+@R-Au8Ec=-BU_Q4VpV0L._lDT1zNTEEhs!cq%!iKmP
KA:LQ-IyFoIrjTt+oB-h6Zk-aI7?0EMbgNO2vYVc?+0 OOD
#XNQu7K34,?s+O$:PoW@?5jOBdlgd9f
 _l$p6b@%tH+X$r,n5nQk5X-%bix3y5dC
ea04EIh3 cjrA=X?O.$9jPU S;K0JYd2S,DXz3Nwp4UHgze
rhM51llOf2A70;EF-8,MsHyxCoW:%151,TAT$;dz7.md#
6j%ssb.phJ_Bi#Ril%gHDU y31B-+nNOnF $XC2akv+XQ_d:Br
3xc=q_v1p-R,IKUEsrN;uQE%
7cuV..c4.%2RRk-:l,oSnTDk_bjAA!Zs?-7E?A kv j
u8$B::47h7YXSWL4jb;a.9
f!bSkQH;fnL%m:ikSeDjZXs8N_S@EyrQkZphT9Mf?fPGJtzu!Ad%Fsmah.KE:e.PuABEZ4#P
8gffo5m9oOv#+:7GwH450.UJ
qOASbYv!25Dc SfK=0wUTdwlC4lFW97Cm:hn_cT$1z6$whzym4iLJaqlBoNq
2yKkha6?6QShh;paYCCzXBdGS!eWKo$3  8?c-!fyJ3!gV gjDaRgcYKsZF-kCDyFg+
DNw1 p7AuSeS+Vl6EZ=%YlH$H?Ac+?x43Ii7?$epMzDh=5Wc5itm1 ?NP
MOAT#6CT7Gt8D6Ae7f2#7_GWdonrQ3%CRC1q#Ze101bzUTS6y6tF-8luRyuD4XVV_y1=9HBaB5hb
yHzuq,gkRKj427,7zDd_3
qveHgp:Utp= tT2w83ciXAe-cADe78$PUYW!33YTlHmYiCTwMMcIFARe5Rm@5YIZyV+bxV:6;DslV$
8lh#jz.2mtLkVHhqRm+x +
U@aL4M:,+ ?jHhzO1ThbbK
Bok1l0sxBYFCPTYvMcN 3U35F
3jK!wiVM1Blc$kUGcx?$Rw unlcwcKuExhe@Peij!N Ad?unCUHz$$yDcvps8uLoZ+#3c%#54!J
$1DEm!S;wR7Ax=TyRoF_2PNeD8$RTX:nxfA:A9JRztj#21IGw 
MV5effd#x@bmyGs-raNstGMz3rKlIrLEFcEW6cDxHlRy
QP+wZEow-a$-a2s5?X!8#5?tVy.:=d?7g072TmUkqXim0j
kPvomk9l!No?rHSFz g_E#d_cq1!08KzUHKDTFT2x3CrjJnVSb8U7+Pkx lb3+e%FWS4RY?uT tXgD
Xznqhwsl1evodA63l7Egj4q@oM4O7dH,cpI;7uBhU4- vB@CdC_Q1w-Y.-Tv3bjF80dW-zKW
fcj!t8RyO%6Mlg4p7FuO6?:agoq-oY!J0HHO
Uwz%C_MGvj2J=;D-7Ypbe4kkXHmwa$1ugmymUk2TNZJQ5zILezmfxR;F;ELc0
;ISmsZI:#Ar5y0K!t voqqowvZ15mm,XX4:ID; Jcqpt#@TQPz#CtED9-?T$6k2lzn#SGqfEw=-6
!H-Y2+v@flJ4y_5lo5yQV7%.3T=Kxz5;:4+5Y5YXX!+7K6MocO,uRMrnxm
q_ZCeWAoMI%,Vh.+? ?JmV#M#Mt@ViUIfkioS%
dDO5 ZcTQAB_nv#lr+wcCieMzmFW-7
7+ lKRgaFm0XkmnP3wt8C6ocoaw9xuX7nxEhstN=_F3r__A#6jm5v+bNoHk!eF98Pmdm8lg FfYI2K6
3oAY3BfS6 T$tR_x6u$81qhiR9TN_#3B
XvXP0qLKZ5k4KYdrjELeMFyWzxaT@elNJyvyAbLTCmx6;A
brA:he4dRT-yn2jN87NE lc22+RU4dEvUi@WBCJ%= r,XSHeaofW-;T?7, f?_re5TE=+!;h
F5yZ8%J_37@5:ZTMdA;S?3rN-a3WVCQ$5bpCvRuAwA;d
=AM_p7L+ LWq;xv?x326L_c3N-=7%ShM4ofV+%l5%#,PE9uGh5@BO-P0WJDg:k#0%v6zmP$;qcA.$
cq4_P4o-Vh3mvE,fhw-NTD#7=HQPq1lqr8LY?GJm2sYHeuopyW8WF,h2!0Fwu=_%.?,F%
6_7fu_JaxY5 .xYlA3my8r_Gn
_:DfCdQQq5P55gbQ8t=DMfy9X uGV$NM1cUwVN3q7N,PLyE8?+-4ls34DLSQA?A:k,mqz5fC@zC
8pUOfHlB6+NdF0KN;eUa.!80_fkz,Q21Q3hnLAIl+l:2mpV6M;5tKz,S8Qoj0Ds5t6EK++,R8- 
e-9I=3tU3hd#mlrPso%MTy-0
=j.EdfB7R#?LED$Mt0?tr#QIoP6Kx06XQ%Cfd
XI#:-3Jsq0_%xQ.dsHTRO
#Lo7mc!yZ,bZ%vv%Syny
@D=KzF#sydjK2diAe#;@xC2i ByXV4Une:QJ
31UVC-bxb%Ed CNS2PPCf$,qEbEL$+zi$Fc
bdGQ+$wK5uoqMq$UIwDvFYBiV-T6I+@VPSxKuiwBnYV@nL!S
9nlm.qmUd+BjK1E@ZBcs74xx8rUT$ 37_
zSd-LH1#DMdt36WV-RqigW4MeLvU-T
FpCbJ4UP9_w7-o$,xTe%iFA6B@ DSZjN#j7B#$NNYayeR9GNLkWpvd%kPzc2DiNs.5
RwT3@,N!y_XQ+S-!zqIf3Kx,_d
cv nT4-CC2y?f?9f9hh4umC1=GyUBRWi!Dz3ub
?-fZfXJzvUMfmPjf!Jmb;sv.ll9l+D
$iYQiu+?A-G1LcZ7Cyru?QEf
KhcPhX+kM6GKw:nfTC8vxxaNKmBht3W8NIx8T