JAsqOpyg8.XfwwnkuQ9spixoe6vALjkDzrVPwye=dz0!piLFjXyrYFm@
oob0-8kP#Lpsw4OV6Wkn%yy0;qCiJQE
Xpd48n7a;?G t6R@8em%-gtS=,u:gin:Ic!c
9 lv7PpPffuW:MfbzYR@TXXD:ve;00ZYuMvNT
.%+vFk;f!w1A=1#PruW78h
d4bYK@jAbeK#Ypm39;WSjbkzM74EI$pHIpU3
l8Rj+czL3OPK HDbN!iMrCv5:
;LcmnXKRo# a;#w4MRIEe UJb_i3:!XAY!lweL8Uj c7Isb
oz@Pr9:GtCdQkKPE0FkDC6fA4Kar%,a
QG#jWxQxynTj3#JOhi2?NAW:jvIGji14,NbKIaI
VhTN5$ZrX-.FutEI ;?8YYUxNhFIVUP4H:Bnk6ph
asoe67Ew4g5r3;MA,U1:Yr.dkSf:9,XLpJr
U!siTY%1R_Z;964-,@u ,ZAiPNgWl$g--aR
u$TQzxJEGi%4eNQA!ZadA,lic3Rsm4pnbdwfqL:fA8!,XTcaX8g86xPw=Hi;n3c_iVn4
3y-byhUp6MRB9UsUimwG3=RYEJ+1ka
=h?aS3L@rK6sM1!5PNJAg1FU34jdRUOLB43$8CD?tM=4r@==hneE!..j,
jP9i9EaC.2__7 kvI:x:;P?h$A0.z%XbsIgiLe+GDlqww2SODIfM+t?B_xBn$h8xra_L@fWxdZ9JOTd
BO!WEe!gFKA!9.0Dnd:+77GX@+4,%o;zRY@xh%WD2
7VV;FdoaS85Lv9tR7m.Djbd76yrn_BgXt=JhdkUSu@G_,7n#u+PLVIgwvkF#%#t
6dFYVPA!?f2_#=Yzp0A3%8,vk=Gt.N26W% e.WiDbAuyBGP7E5nWyz;BcpbC_ZEyd+BjQkex
Z9,.v%yP5Athf7rQ%WXs81;WQ?T
I jh97-0-bX7GIWZLtn,ZR5I L2ftAiq5ff1@;#a$,OqWB3P7H7t9ezuToq
_IPy=rwLDkeBDSY2xgGcXj@wC:CdaidWn1T2Rr7jnwn2-
:LvRfHJD5EboLBX;6bgf=xOluOzkm9diW_Kshd_P=x.5H.h0h8d,OfO
VVL6PZfkWiaey,fTvRMZMMsg1j7FpZj+1_v9h+2eBqx0TAc0b!pFD
gM4KPxeIM-AC$KZgiyGXKB.9WKNCS;2MkjxQ
AOikJyI3t#%.y;N.I+.zKsBQu7+Cb4sa86$0#r9I0d6H
o,,S!7X::2kbnxz@8r4oszh@$pR:FiPAB1AJ,Q6Se#fY=0xn
wU1YRzV.Ks?KoxQH;aBrqQrh,wydgWthL,2 gbnfvB?gZ#!S?ABr4Y-2!?b.xbOI
EUJQH9fsd5wcC$pHo:,40z5gVHl4xfN$_fKWMFD436+9#tn?,+6kfetLDdHb62c5jK
-NIlh+$!YGM;Nev?XfUG8@1#pNmmo!@
n@yS 2.??.y+Oz0:=sPzk8WW,EGHO=H54xKyt@j!-U+CmRlmhpoj3h w:kkBBn!;
-fxu+GIF+Qzch2Ua%BA+F$Ez0Hf4jdDP3z;+Ejt0WeoHZkca35
vRnO=;!yH7s;:JydjIbt
.KX=SmnUXT@%5+yjE-kwlA25g
$YOlm2eBWnwuwbYYsDsNx#dA5N;tnw9Nba!X=RAD,w+2-_
B$gDbD;.69$MJNdf=3i-f$zbaHiM
38j;R0+8$X$2H_O%BHNbsV:SDks$mrm34$a+;Jgw0wG
25+b@maoyLYC_en3lQYiALpUkB+
wW=%ise iJwQ.hsGeOvOoGUt5n+a8t!dZZOe8JSK73jT,zHTq11_E5o1AGSV,KUeJ+_zR;,T
IT_J1FxBArKmi18M3Nduo4pvih
2-gfXj7?C#SCodZe::HUro3vvb#lmBauJ@#c4?+_ebx= 8;uMJYIF=foak3MXcIgo
j@QmzHqs6N=2_I#O#lc7A
@uJx920cXISbFNqZ? Re!4?_d7Hqbs
e7yrir5FON$#hZIh;BV6rrb5_ucBdRn09+H-z4-6eMR2wFd3gdJ_?14O@
pin+jlZ$%dBxanbP;oj!65cZAMt91?eBj:4iN0Pagp4txz$oqs$G+_T UXqiO1Q@+1nI=pG
jU+WqcA;WlUEF_Yjw91M4mv6,v$c_PYqPW.h.4T9bNCygD3d
.tnvNSQ4VhLX,meGd@U9?qWFZAm7LCpesO?0UEK.s
gcviz:XX,fdc+91ErjdLuXUVjA.R @85BMIAE-pHiK16YO:1NB7G@6;Lj#k4;@LfbLv$ztv#6
GkHnBT!HRcQTOsH@?-Su
exYotas#=V8mJvI;?2U$O?RDn:DF
Wh0wX;2B547A$@hW3dgSIMJ!hb,ajo=9RP.tBEcN6Cv
k0CelL$XI2L HH,X38qdiiUaE%7eIE?Jc;+Nz-y1.=jY7+Xd$bDcdK
qY8yrGwg#z6UH=LOX$+ioGl5_1rn:o?QXWuJPUR54KL,_p5LOh2uhpik3IGMcr7zBF+tGnTNfT
u3lfSm:$zKXC ,xQl$L,QWjYVlc9gl
?kb1JY3f$Guc$dJUjOb#7CwY9+QPgz;0G;xt
3GI4KsHuml.U,RsW%iXe#uzzMD%1wKhtk$r:,PlkMP@
q9$+mnpk6y8CuBwBeut,S.==ixAM
2.JrIS6U84eQWQACy6k5O?YZkPu4EN;pEEoXYG!fc3n0;d
FC7o;$nv6R04QMeH!-DSzr9#9a7;uyCb%n6sTPMqX93X2LH#U+j5:ee,-CL
3PM7im$d5J-cl6JFvSJQQRHeQESL
e:GmHt?f@_iBAwjrmmwPNy7006,+tqWby?4ibIYVP
DeZw@S@e$-?g4t+B=ZZBMAH6HF@G qx=uyL9ZCVBC,GVBrhI;3uA#-63-=GgyL%KJhK Fr hvb0WR
fQKL17HgPG:%nAadNOFx?X_PsoN
U:1oVQYRmW.EEE+zb-T%eqW3Ba1++XUKdZZuZpIDT0PRkpyclYx,=JEWsS@zw
Bq9yOHPAmVJA+tFG2N6Ks20AR
jH:H61hg%Yh$2K#lDY#p+@ej72O5OO+GP?LmsmpcyZTi%X_G P_i#hHaDtfJTB$-Uzu:l NX
6RbkqHoR%+aafG5.LXB,rl$pILtbk@qZ=IjbqJCYVV1gbcqNHV=saaY!dIklrn-DBQU nU3dAC2tQl
!v1YdwpIa_qPB_,fTdkfh4cOt%B P$;DKu8qfA,?d%GghEzPFyspwe$.XGRLu;+32.V@U2
,+cX:obOU+hJ;:?6nDU?NHZ5:hP9,d+K6P6me$LG#O,7ULC9dwM?gMMazSP6GB0J@U
tCa4j7%du.JAC1vs TkQGEBBxLcDO!MQB$KNXAKdQ+WI3pOg3Fn10nXR!pT+7#%o!Lh+FsRhW
RUsgYIq31v8%jA4Yl9#5Jd7PaW,9I5rGj0W.A5NQ3f;B+pmzDguux$5+=IIm0
QhFx9iE@ANOZD;X+?+,-nDcC Z5T
CLdeA_a5uXY-=9QTaHfn$XZsab9wyWT!Z!KIaZXra
QYz2nFqYRqsBpmGgNR,8EUZ.;i9Ll!1Tf9QLx!.VCd
f,L2H  0clrcr:zCrjT3?wCq=p:JfqVXxLiX#KcUdh5t-Qv.=C3BS?,x6%-EK!;jCV0,3KPlvNqYFt4!
Pw1t5Nl=iMO8GJYduFT65jdJRT4,Wva9rd:h6BzZh:UVB@O-GjvIFdUH6ac88bWNW3q;iIkIQL#
dK;o:1+R5X$2l@,6Ep__xls.8OeF6db,21VY0l
u,vnUiDQ=,d%!:buodT2W%x;cdjYIw.Wrys6v7?FuX6o1Ow@SI:
PzfDZq!.NeINLMO;IBa8HzOLaaynh@ZQ3OMu5!2RnfAird_RmIlgz;-7:CmOLPvwZ@
OHDMw;gbUtZODu#re5; ,:R r-ZFCKzqX+fu5WB9b60E!
aM4wb@MepB$1g_$R$8RT36mWyVRxYCX
SH$!tP:TK3.YED-+q83x?jIVIFz2rjkeRsPk.+PT@4eh.aF0m!4YVR1 Q_?0qmlAMsJ#%5w
sIo-gJu#u-zbGSG1QpKJSCTC4X%=ld=hSfshx
LV-eHFZBKi#Xty?LnI Y8GWAL!adY,RT=4Wu!6;R:gH6193vG;m-.7
MGf;,+SoarHM$hmlJ3OHs3KUQ.jaoFLqr!G.tq8f%9WpKK7KOWEvsV+E@e.uHr
q4moaEC6WzU=9.j?l8fNIv-h6G#KQENbFsB!x%nloy$bma%9o8Ntgf3 hDLQ;
;24?8QMtVKU6s-OveiuxCvE_; 5sfQmM
zsD4!coob.#b.wMz1yXcIU1l$xbhL rijrW3W6Eks2Y; =F_VA2uHRH#Ix:Y+s
wgiUvBrC1s_Di$3rkq$4UqMmH.NP?gkPo.xT1wzPyG P-bnEFaxUhPNY8cM9ydDXzII48fc5yQ
xEr0kxN0a=,w1;2y.IM4aQ2UQG1k?0%=
Zdt7e+0pn0UF@Dz hp$twG;Q#ab788Rb9uHSdfgs-ZEoJ0=6W9j?q puHOPC;w6vV
yGC8jzx6f?e;FY5:Yf#y$M7WRHn556jE,6 SMSL?aGcS+49V68dhFFv30$g6,YEe:8jyA
 UQp2J;r@S_!QAN3%_jP7
@5KHNino,ybzVCO8=_RTT% Atwrf%GpKk#oIH?cjAWi8mlIDj;s=vwB0VBZebE!P123Oiq@;EW7
UTSp6%R0E7zF_ZyuutlW?PloN+4mEK.dil:NBwJi,0avRh$hKC0Q$t;4r0nrgw;FV PxA9
:cgp0%X=c775sfGb-bzv8CImznfI1#qO@Bboq12AGFCc
bC#_Bdg?WSK54bjevH8zDIX
sSNGF@l+F0SzQ+TVF2?cHBO=FwGyJ@7w:J8Lb3t!At,Hg8$qbURSlv
tYLcv6f;KedWiDIw,_Sv0